Archive member included because of file (symbol)

/storage/apps/eclipse-avr/workspace/ArduinoCore-1.0/Mega2560/libArduinoCore-1.0.a(HardwareSerial.o)
                              ./src/main.o (Serial)
/storage/apps/eclipse-avr/workspace/ArduinoCore-1.0/Mega2560/libArduinoCore-1.0.a(IPAddress.o)
                              ./arduinolib/Ethernet/Dhcp.o (vtable for IPAddress)
/storage/apps/eclipse-avr/workspace/ArduinoCore-1.0/Mega2560/libArduinoCore-1.0.a(Print.o)
                              ./arduinolib/Ethernet/EthernetClient.o (Print::write(unsigned char const*, unsigned int))
/storage/apps/eclipse-avr/workspace/ArduinoCore-1.0/Mega2560/libArduinoCore-1.0.a(WMath.o)
                              ./arduinolib/Ethernet/Dhcp.o (random(long, long))
/storage/apps/eclipse-avr/workspace/ArduinoCore-1.0/Mega2560/libArduinoCore-1.0.a(WString.o)
                              /storage/apps/eclipse-avr/workspace/ArduinoCore-1.0/Mega2560/libArduinoCore-1.0.a(Print.o) (String::operator[](unsigned int) const)
/storage/apps/eclipse-avr/workspace/ArduinoCore-1.0/Mega2560/libArduinoCore-1.0.a(new.o)
                              ./arduinolib/Ethernet/Dhcp.o (__cxa_pure_virtual)
/storage/apps/eclipse-avr/workspace/ArduinoCore-1.0/Mega2560/libArduinoCore-1.0.a(wiring.o)
                              ./src/DallasTemperature.o (millis)
/storage/apps/eclipse-avr/workspace/ArduinoCore-1.0/Mega2560/libArduinoCore-1.0.a(wiring_analog.o)
                              ./src/main.o (analogRead)
/storage/apps/eclipse-avr/workspace/ArduinoCore-1.0/Mega2560/libArduinoCore-1.0.a(wiring_digital.o)
                              ./src/OneWire.o (pinMode)
/usr/lib/gcc/avr/4.3.5/avr6/libgcc.a(_mulsi3.o)
                              /storage/apps/eclipse-avr/workspace/ArduinoCore-1.0/Mega2560/libArduinoCore-1.0.a(Print.o) (__mulsi3)
/usr/lib/gcc/avr/4.3.5/avr6/libgcc.a(_divmodhi4.o)
                              /storage/apps/eclipse-avr/workspace/ArduinoCore-1.0/Mega2560/libArduinoCore-1.0.a(HardwareSerial.o) (__divmodhi4)
/usr/lib/gcc/avr/4.3.5/avr6/libgcc.a(_udivmodsi4.o)
                              ./arduinolib/Ethernet/Dhcp.o (__udivmodsi4)
/usr/lib/gcc/avr/4.3.5/avr6/libgcc.a(_divmodsi4.o)
                              /storage/apps/eclipse-avr/workspace/ArduinoCore-1.0/Mega2560/libArduinoCore-1.0.a(WMath.o) (__divmodsi4)
/usr/lib/gcc/avr/4.3.5/avr6/libgcc.a(_exit.o)
                              /usr/lib/gcc/avr/4.3.5/../../../avr/lib/avr6/crtm2560.o (exit)
/usr/lib/gcc/avr/4.3.5/avr6/libgcc.a(_clear_bss.o)
                              ./src/Config.o (__do_clear_bss)
/usr/lib/gcc/avr/4.3.5/avr6/libgcc.a(_ctors.o)
                              ./src/Config.o (__do_global_ctors)
/usr/lib/gcc/avr/4.3.5/avr6/libgcc.a(_fixunssfsi.o)
                              ./src/DallasTemperature.o (__fixunssfsi)
/usr/lib/gcc/avr/4.3.5/avr6/libgcc.a(_addsub_sf.o)
                              ./src/DallasTemperature.o (__subsf3)
/usr/lib/gcc/avr/4.3.5/avr6/libgcc.a(_mul_sf.o)
                              ./src/DallasTemperature.o (__mulsf3)
/usr/lib/gcc/avr/4.3.5/avr6/libgcc.a(_div_sf.o)
                              ./src/DallasTemperature.o (__divsf3)
/usr/lib/gcc/avr/4.3.5/avr6/libgcc.a(_ge_sf.o)
                              /usr/lib/gcc/avr/4.3.5/avr6/libgcc.a(_fixunssfsi.o) (__gesf2)
/usr/lib/gcc/avr/4.3.5/avr6/libgcc.a(_lt_sf.o)
                              /storage/apps/eclipse-avr/workspace/ArduinoCore-1.0/Mega2560/libArduinoCore-1.0.a(Print.o) (__ltsf2)
/usr/lib/gcc/avr/4.3.5/avr6/libgcc.a(_si_to_sf.o)
                              ./src/DallasTemperature.o (__floatsisf)
/usr/lib/gcc/avr/4.3.5/avr6/libgcc.a(_sf_to_si.o)
                              /storage/apps/eclipse-avr/workspace/ArduinoCore-1.0/Mega2560/libArduinoCore-1.0.a(Print.o) (__fixsfsi)
/usr/lib/gcc/avr/4.3.5/avr6/libgcc.a(_thenan_sf.o)
                              /usr/lib/gcc/avr/4.3.5/avr6/libgcc.a(_addsub_sf.o) (__thenan_sf)
/usr/lib/gcc/avr/4.3.5/avr6/libgcc.a(_usi_to_sf.o)
                              ./src/DallasTemperature.o (__floatunsisf)
/usr/lib/gcc/avr/4.3.5/avr6/libgcc.a(_udivmodhi4.o)
                              /usr/lib/gcc/avr/4.3.5/avr6/libgcc.a(_divmodhi4.o) (__udivmodhi4)
/usr/lib/gcc/avr/4.3.5/avr6/libgcc.a(_prologue.o)
                              /usr/lib/gcc/avr/4.3.5/avr6/libgcc.a(_addsub_sf.o) (__prologue_saves__)
/usr/lib/gcc/avr/4.3.5/avr6/libgcc.a(_epilogue.o)
                              /usr/lib/gcc/avr/4.3.5/avr6/libgcc.a(_addsub_sf.o) (__epilogue_restores__)
/usr/lib/gcc/avr/4.3.5/avr6/libgcc.a(_tablejump.o)
                              /usr/lib/gcc/avr/4.3.5/avr6/libgcc.a(_ctors.o) (__tablejump__)
/usr/lib/gcc/avr/4.3.5/avr6/libgcc.a(_clzsi2.o)
                              /usr/lib/gcc/avr/4.3.5/avr6/libgcc.a(_si_to_sf.o) (__clzsi2)
/usr/lib/gcc/avr/4.3.5/avr6/libgcc.a(_pack_sf.o)
                              /usr/lib/gcc/avr/4.3.5/avr6/libgcc.a(_addsub_sf.o) (__pack_f)
/usr/lib/gcc/avr/4.3.5/avr6/libgcc.a(_unpack_sf.o)
[...]
Memory Configuration

Name             Origin             Length             Attributes
text             0x0000000000000000 0x0000000000100000 xr
data             0x0000000000800200 0x000000000000fe00 rw !x
eeprom           0x0000000000810000 0x0000000000010000 rw !x
fuse             0x0000000000820000 0x0000000000000400 rw !x
lock             0x0000000000830000 0x0000000000000400 rw !x
signature        0x0000000000840000 0x0000000000000400 rw !x
*default*        0x0000000000000000 0xffffffffffffffff

Linker script and memory map

Address of section .data set to 0x800200
LOAD /usr/lib/gcc/avr/4.3.5/../../../avr/lib/avr6/crtm2560.o
LOAD ./src/Config.o
LOAD ./src/DallasTemperature.o
LOAD ./src/OneWire.o
LOAD ./src/main.o
LOAD ./arduinolib/SPI/SPI.o
LOAD ./arduinolib/Ethernet/utility/socket.o
LOAD ./arduinolib/Ethernet/utility/w5100.o
LOAD ./arduinolib/Ethernet/Dhcp.o
LOAD ./arduinolib/Ethernet/Dns.o
LOAD ./arduinolib/Ethernet/Ethernet.o
LOAD ./arduinolib/Ethernet/EthernetClient.o
LOAD ./arduinolib/Ethernet/EthernetServer.o
LOAD ./arduinolib/Ethernet/EthernetUdp.o
LOAD /storage/apps/eclipse-avr/workspace/ArduinoCore-1.0/Mega2560/libArduinoCore-1.0.a
LOAD /usr/lib/gcc/avr/4.3.5/avr6/libgcc.a
LOAD /usr/lib/gcc/avr/4.3.5/../../../avr/lib/avr6/libm.a
LOAD /usr/lib/gcc/avr/4.3.5/avr6/libgcc.a
LOAD /usr/lib/gcc/avr/4.3.5/../../../avr/lib/avr6/libc.a
LOAD /usr/lib/gcc/avr/4.3.5/avr6/libgcc.a

.hash
 *(.hash)

.dynsym
 *(.dynsym)

.dynstr
 *(.dynstr)

.gnu.version
 *(.gnu.version)

.gnu.version_d
 *(.gnu.version_d)

.gnu.version_r
 *(.gnu.version_r)

.rel.init
 *(.rel.init)

.rela.init
 *(.rela.init)

.rel.text
 *(.rel.text)
 *(.rel.text.*)
 *(.rel.gnu.linkonce.t*)

.rela.text
 *(.rela.text)
 *(.rela.text.*)
 *(.rela.gnu.linkonce.t*)

.rel.fini
 *(.rel.fini)

.rela.fini
 *(.rela.fini)

.rel.rodata
 *(.rel.rodata)
 *(.rel.rodata.*)
 *(.rel.gnu.linkonce.r*)

.rela.rodata
 *(.rela.rodata)
 *(.rela.rodata.*)
 *(.rela.gnu.linkonce.r*)

.rel.data
 *(.rel.data)
 *(.rel.data.*)
 *(.rel.gnu.linkonce.d*)

.rela.data
 *(.rela.data)
 *(.rela.data.*)
 *(.rela.gnu.linkonce.d*)

.rel.ctors
 *(.rel.ctors)

.rela.ctors
 *(.rela.ctors)

.rel.dtors
 *(.rel.dtors)

.rela.dtors
 *(.rela.dtors)

.rel.got
 *(.rel.got)

.rela.got
 *(.rela.got)

.rel.bss
 *(.rel.bss)

.rela.bss
 *(.rela.bss)

.rel.plt
 *(.rel.plt)

.rela.plt
 *(.rela.plt)

.text           0x0000000000000000     0xcfe4
 *(.vectors)
 .vectors       0x0000000000000000       0xe4 /usr/lib/gcc/avr/4.3.5/../../../avr/lib/avr6/crtm2560.o
                0x0000000000000000                __vectors
                0x0000000000000000                __vector_default
 *(.vectors)
 *(.progmem.gcc*)
 *(.progmem*)
 .progmem.data  0x00000000000000e4      0x100 ./src/OneWire.o
 .progmem.data  0x00000000000001e4      0x120 /storage/apps/eclipse-avr/workspace/ArduinoCore-1.0/Mega2560/libArduinoCore-1.0.a(wiring_digital.o)
                0x00000000000001e4                port_to_mode_PGM
                0x00000000000001fe                port_to_output_PGM
                0x0000000000000218                port_to_input_PGM
                0x0000000000000232                digital_pin_to_port_PGM
                0x0000000000000278                digital_pin_to_bit_mask_PGM
                0x00000000000002be                digital_pin_to_timer_PGM
                0x0000000000000304                . = ALIGN (0x2)
                0x0000000000000304                __trampolines_start = .
 *(.trampolines)
 .trampolines   0x0000000000000304        0x0 linker stubs
 *(.trampolines*)
                0x0000000000000304                __trampolines_end = .
 *(.jumptables)
 *(.jumptables*)
 *(.lowtext)
 *(.lowtext*)
                0x0000000000000304                __ctors_start = .
 *(.ctors)
 .ctors         0x0000000000000304        0x2 ./src/Config.o
 .ctors         0x0000000000000306        0x2 ./src/main.o
 .ctors         0x0000000000000308        0x2 ./arduinolib/Ethernet/Dhcp.o
 .ctors         0x000000000000030a        0x2 ./arduinolib/Ethernet/Dns.o
 .ctors         0x000000000000030c        0x2 ./arduinolib/Ethernet/Ethernet.o
 .ctors         0x000000000000030e        0x2 ./arduinolib/Ethernet/EthernetClient.o
 .ctors         0x0000000000000310        0x2 ./arduinolib/Ethernet/EthernetServer.o
 .ctors         0x0000000000000312        0x2 ./arduinolib/Ethernet/EthernetUdp.o
 .ctors         0x0000000000000314        0x2 /storage/apps/eclipse-avr/workspace/ArduinoCore-1.0/Mega2560/libArduinoCore-1.0.a(HardwareSerial.o)
 .ctors         0x0000000000000316        0x2 /storage/apps/eclipse-avr/workspace/ArduinoCore-1.0/Mega2560/libArduinoCore-1.0.a(IPAddress.o)
                0x0000000000000318                __ctors_end = .
                0x0000000000000318                __dtors_start = .
 *(.dtors)
                0x0000000000000318                __dtors_end = .
 SORT(*)(.ctors)
 SORT(*)(.dtors)
 *(.init0)
 .init0         0x0000000000000318        0x0 /usr/lib/gcc/avr/4.3.5/../../../avr/lib/avr6/crtm2560.o
                0x0000000000000318                __init
 *(.init0)
 *(.init1)
 *(.init1)
 *(.init2)
 .init2         0x0000000000000318       0x10 /usr/lib/gcc/avr/4.3.5/../../../avr/lib/avr6/crtm2560.o
 *(.init2)
 *(.init3)
 *(.init3)
 *(.init4)
 .init4         0x0000000000000328       0x1a /usr/lib/gcc/avr/4.3.5/../../../avr/lib/avr6/crtm2560.o
                0x0000000000000328                __do_copy_data
 .init4         0x0000000000000342       0x10 /usr/lib/gcc/avr/4.3.5/avr6/libgcc.a(_clear_bss.o)
                0x0000000000000342                __do_clear_bss
 *(.init4)
 *(.init5)
 *(.init5)
 *(.init6)
 .init6         0x0000000000000352       0x16 /usr/lib/gcc/avr/4.3.5/avr6/libgcc.a(_ctors.o)
                0x0000000000000352                __do_global_ctors
 *(.init6)
 *(.init7)
 *(.init7)
 *(.init8)
 *(.init8)
 *(.init9)
 .init9         0x0000000000000368        0x8 /usr/lib/gcc/avr/4.3.5/../../../avr/lib/avr6/crtm2560.o
 *(.init9)
 *(.text)
 .text          0x0000000000000370        0x4 /usr/lib/gcc/avr/4.3.5/../../../avr/lib/avr6/crtm2560.o
                0x0000000000000370                __vector_38
                0x0000000000000370                __vector_22
                0x0000000000000370                __vector_28
                0x0000000000000370                __vector_1
                0x0000000000000370                __vector_32
                0x0000000000000370                __vector_34
                0x0000000000000370                __vector_24
                0x0000000000000370                __vector_12
                0x0000000000000370                __vector_46
                0x0000000000000370                __bad_interrupt
                0x0000000000000370                __vector_6
                0x0000000000000370                __vector_31
                0x0000000000000370                __vector_35
                0x0000000000000370                __vector_39
                0x0000000000000370                __vector_3
                0x0000000000000370                __vector_30
                0x0000000000000370                __vector_45
                0x0000000000000370                __vector_11
                0x0000000000000370                __vector_13
                0x0000000000000370                __vector_17
                0x0000000000000370                __vector_19
                0x0000000000000370                __vector_56
                0x0000000000000370                __vector_7
                0x0000000000000370                __vector_49
                0x0000000000000370                __vector_41
                0x0000000000000370                __vector_43
                0x0000000000000370                __vector_27
                0x0000000000000370                __vector_5
                0x0000000000000370                __vector_33
                0x0000000000000370                __vector_47
                0x0000000000000370                __vector_4
                0x0000000000000370                __vector_44
                0x0000000000000370                __vector_9
                0x0000000000000370                __vector_2
                0x0000000000000370                __vector_21
                0x0000000000000370                __vector_15
                0x0000000000000370                __vector_29
                0x0000000000000370                __vector_40
                0x0000000000000370                __vector_8
                0x0000000000000370                __vector_48
                0x0000000000000370                __vector_14
                0x0000000000000370                __vector_53
                0x0000000000000370                __vector_10
                0x0000000000000370                __vector_50
                0x0000000000000370                __vector_16
                0x0000000000000370                __vector_18
                0x0000000000000370                __vector_20
                0x0000000000000370                __vector_42
 .text          0x0000000000000374      0x1bc ./src/Config.o
                0x0000000000000374                Config::Config()
                0x00000000000003b6                Config::Config()
                0x00000000000003f8                Config::~Config()
                0x0000000000000412                Config::~Config()
                0x000000000000042c                Config::getMac()
                0x000000000000044a                Config::getAddress()
                0x000000000000046a                Config::getNetmask()
                0x000000000000048a                Config::getGateway()
                0x00000000000004aa                Config::getPort()
 .text          0x0000000000000530     0x1658 ./src/DallasTemperature.o
                0x0000000000000530                DallasTemperature::DallasTemperature(OneWire*)
                0x000000000000058e                DallasTemperature::DallasTemperature(OneWire*)
                0x00000000000005ec                DallasTemperature::getDeviceCount()
                0x000000000000060c                DallasTemperature::getResolution()
                0x000000000000062c                DallasTemperature::setWaitForConversion(bool)
                0x0000000000000650                DallasTemperature::getWaitForConversion()
                0x0000000000000670                DallasTemperature::setCheckForConversion(bool)
                0x0000000000000694                DallasTemperature::getCheckForConversion()
                0x00000000000006b4                DallasTemperature::calculateTemperature(unsigned char*, unsigned char*)
                0x0000000000000960                DallasTemperature::isParasitePowerMode()
                0x0000000000000980                DallasTemperature::resetAlarmSearch()
                0x00000000000009cc                DallasTemperature::setAlarmHandler(void (*)(unsigned char*))
                0x00000000000009fa                DallasTemperature::defaultAlarmHandler(unsigned char*)
                0x0000000000000a14                DallasTemperature::toFahrenheit(float)
                0x0000000000000a66                DallasTemperature::toCelsius(float)
                0x0000000000000ab8                DallasTemperature::alarmSearch(unsigned char*)
                0x0000000000000cc6                DallasTemperature::hasAlarm()
                0x0000000000000d08                DallasTemperature::readPowerSupply(unsigned char*)
                0x0000000000000d8c                DallasTemperature::writeScratchPad(unsigned char*, unsigned char const*)
                0x0000000000000e88                DallasTemperature::readScratchPad(unsigned char*, unsigned char*)
                0x0000000000000fd6                DallasTemperature::isConversionAvailable(unsigned char*)
                0x000000000000102a                DallasTemperature::blockTillConversionComplete(unsigned char*, unsigned char*)
                0x000000000000114a                DallasTemperature::requestTemperatures()
                0x00000000000011ba                DallasTemperature::isConnected(unsigned char*, unsigned char*)
                0x0000000000001220                DallasTemperature::hasAlarm(unsigned char*)
                0x00000000000012c6                DallasTemperature::getLowAlarmTemp(unsigned char*)
                0x000000000000131a                DallasTemperature::getHighAlarmTemp(unsigned char*)
                0x000000000000136e                DallasTemperature::setLowAlarmTemp(unsigned char*, char)
                0x00000000000013dc                DallasTemperature::setHighAlarmTemp(unsigned char*, char)
                0x000000000000144a                DallasTemperature::getTempC(unsigned char*)
                0x00000000000014d2                DallasTemperature::getTempF(unsigned char*)
                0x0000000000001516                DallasTemperature::getResolution(unsigned char*)
                0x00000000000015c8                DallasTemperature::requestTemperaturesByAddress(unsigned char*)
                0x000000000000168e                DallasTemperature::setResolution(unsigned char*, unsigned char)
                0x000000000000174a                DallasTemperature::isConnected(unsigned char*)
                0x000000000000178e                DallasTemperature::validAddress(unsigned char*)
                0x00000000000017d6                DallasTemperature::processAlarms()
                0x0000000000001842                DallasTemperature::getAddress(unsigned char*, unsigned char)
                0x00000000000018ec                DallasTemperature::getTempCByIndex(unsigned char)
                0x0000000000001942                DallasTemperature::getTempFByIndex(unsigned char)
                0x000000000000197c                DallasTemperature::requestTemperaturesByIndex(unsigned char)
                0x00000000000019ca                DallasTemperature::setResolution(unsigned char)
                0x0000000000001a64                DallasTemperature::begin()
 .text          0x0000000000001b88      0xc26 ./src/OneWire.o
                0x0000000000001b88                OneWire::depower()
                0x0000000000001bce                OneWire::reset_search()
                0x0000000000001c2c                OneWire::crc8(unsigned char*, unsigned char)
                0x0000000000001caa                OneWire::crc16(unsigned char*, unsigned int)
                0x0000000000001dbc                OneWire::check_crc16(unsigned char*, unsigned int, unsigned char*)
                0x0000000000001e42                OneWire::read_bit()
                0x0000000000001f12                OneWire::read()
                0x0000000000001f6c                OneWire::read_bytes(unsigned char*, unsigned int)
                0x0000000000001fde                OneWire::write_bit(unsigned char)
                0x00000000000020e6                OneWire::write(unsigned char, unsigned char)
                0x000000000000219e                OneWire::skip()
                0x00000000000021c4                OneWire::select(unsigned char*)
                0x000000000000222c                OneWire::write_bytes(unsigned char const*, unsigned int, bool)
                0x00000000000022f8                OneWire::reset()
                0x0000000000002436                OneWire::search(unsigned char*)
                0x000000000000266e                OneWire::OneWire(unsigned char)
                0x000000000000270e                OneWire::OneWire(unsigned char)
 .text          0x00000000000027ae      0x7d0 ./src/main.o
                0x0000000000002820                String::toCharArray(char*, unsigned int, unsigned int) const
                0x000000000000286e                String::operator+=(char const*)
                0x00000000000028a2                loop
                0x0000000000002f0e                setup
                0x0000000000002f68                main
 .text          0x0000000000002f7e      0x122 ./arduinolib/SPI/SPI.o
                0x0000000000002f7e                SPIClass::end()
                0x0000000000002f9a                SPIClass::setBitOrder(unsigned char)
                0x0000000000002fd2                SPIClass::setDataMode(unsigned char)
                0x0000000000002ffa                SPIClass::setClockDivider(unsigned char)
                0x0000000000003046                SPIClass::begin()
 .text          0x00000000000030a0      0xd32 ./arduinolib/Ethernet/utility/socket.o
                0x00000000000030a0                disconnect(unsigned char)
                0x00000000000030c0                W5100Class::readSn(unsigned char, unsigned int)
                0x00000000000030f4                W5100Class::readSnIR(unsigned char)
                0x0000000000003112                W5100Class::readSnSR(unsigned char)
                0x0000000000003130                listen(unsigned char)
                0x0000000000003174                W5100Class::readSnRX_RD(unsigned char)
                0x00000000000031c8                W5100Class::readSnMR(unsigned char)
                0x00000000000031e6                W5100Class::writeSn(unsigned char, unsigned int, unsigned char)
                0x0000000000003222                W5100Class::writeSnIR(unsigned char, unsigned char)
                0x0000000000003248                sendUDP(unsigned char)
                0x00000000000032d4                close(unsigned char)
                0x00000000000032fc                W5100Class::writeSnDPORT(unsigned char, unsigned int)
                0x000000000000333c                W5100Class::writeSnRX_RD(unsigned char, unsigned int)
                0x000000000000337c                W5100Class::writeSnMR(unsigned char, unsigned char)
                0x00000000000033a2                W5100Class::writeSnPORT(unsigned char, unsigned int)
                0x00000000000033e2                socket(unsigned char, unsigned char, unsigned int, unsigned char)
                0x000000000000348a                W5100Class::writeSn(unsigned char, unsigned int, unsigned char*, unsigned int)
                0x00000000000034e0                W5100Class::writeSnDIPR(unsigned char, unsigned char*)
                0x0000000000003510                startUDP(unsigned char, unsigned char*, unsigned int)
                0x00000000000035a6                connect(unsigned char, unsigned char*, unsigned int)
                0x000000000000366c                bufferData(unsigned char, unsigned int, unsigned char const*, unsigned int)
                0x0000000000003706                igmpsend(unsigned char, unsigned char const*, unsigned int)
                0x00000000000037f0                sendto(unsigned char, unsigned char const*, unsigned int, unsigned char*, unsigned int)
                0x0000000000003936                send(unsigned char, unsigned char const*, unsigned int)
                0x0000000000003a3c                recvfrom(unsigned char, unsigned char*, unsigned int, unsigned char*, unsigned int*)
                0x0000000000003cde                peek(unsigned char, unsigned char*)
                0x0000000000003d18                recv(unsigned char, unsigned char*, unsigned int)
 .text          0x0000000000003dd2      0x9ee ./arduinolib/Ethernet/utility/w5100.o
                0x0000000000003dd2                SPIClass::transfer(unsigned char)
                0x0000000000003e0e                W5100Class::initSS()
                0x0000000000003e2a                W5100Class::setSS()
                0x0000000000003e46                W5100Class::resetSS()
                0x0000000000003e62                W5100Class::write(unsigned int, unsigned char)
                0x0000000000003ee2                W5100Class::writeSnCR(unsigned char, unsigned char)
                0x0000000000003f48                W5100Class::writeSnTX_WR(unsigned char, unsigned int)
                0x0000000000003f88                W5100Class::writeMR(unsigned char)
                0x0000000000003fa6                W5100Class::writeTMSR(unsigned char)
                0x0000000000003fc4                W5100Class::writeRMSR(unsigned char)
                0x0000000000003fe2                W5100Class::write(unsigned int, unsigned char const*, unsigned int)
                0x0000000000004074                W5100Class::read(unsigned int)
                0x00000000000040ec                W5100Class::readSnCR(unsigned char)
                0x000000000000415e                W5100Class::readSnTX_WR(unsigned char)
                0x00000000000041b2                W5100Class::send_data_processing_offset(unsigned char, unsigned int, unsigned char const*, unsigned int)
                0x00000000000042e0                W5100Class::send_data_processing(unsigned char, unsigned char const*, unsigned int)
                0x0000000000004334                W5100Class::readSnRX_RSR(unsigned char)
                0x0000000000004388                W5100Class::getRXReceivedSize(unsigned char)
                0x00000000000043ea                W5100Class::readSnTX_FSR(unsigned char)
                0x000000000000443e                W5100Class::getTXFreeSize(unsigned char)
                0x00000000000044a0                W5100Class::read(unsigned int, unsigned char*, unsigned int)
                0x000000000000453e                W5100Class::read_data(unsigned char, unsigned char volatile*, unsigned char volatile*, unsigned int)
                0x0000000000004640                W5100Class::recv_data_processing(unsigned char, unsigned char*, unsigned int, unsigned char)
                0x00000000000046c6                W5100Class::execCmdSn(unsigned char, SockCMD)
                0x000000000000470c                W5100Class::init()
 .text          0x00000000000047c0      0xe1c ./arduinolib/Ethernet/Dhcp.o
                0x00000000000047c0                IPAddress::operator==(IPAddress const&)
                0x0000000000004818                Printable::Printable(Printable const&)
                0x0000000000004846                IPAddress::IPAddress(IPAddress const&)
                0x000000000000489a                EthernetUDP::remoteIP()
                0x00000000000048d6                EthernetUDP::remotePort()
                0x00000000000048f8                DhcpClass::presend_DHCP()
                0x0000000000004978                DhcpClass::getDnsServerIp()
                0x00000000000049b4                DhcpClass::getDhcpServerIp()
                0x00000000000049f0                DhcpClass::getGatewayIp()
                0x0000000000004a2c                DhcpClass::getSubnetMask()
                0x0000000000004a68                DhcpClass::getLocalIp()
                0x0000000000004aa4                DhcpClass::parseDHCPResponse(unsigned long, unsigned long&)
                0x0000000000004ff6                DhcpClass::send_DHCP_MESSAGE(unsigned char, unsigned int)
                0x000000000000532c                DhcpClass::beginWithDHCP(unsigned char*, unsigned long, unsigned long)
 .text          0x00000000000055dc      0xc5e ./arduinolib/Ethernet/Dns.o
                0x00000000000055dc                IPAddress::raw_address()
                0x00000000000055fc                IPAddress::operator unsigned long()
                0x0000000000005682                IPAddress::operator[](int)
                0x0000000000005796                Printable::operator=(Printable const&)
                0x00000000000057bc                IPAddress::operator=(IPAddress const&)
                0x0000000000005808                DNSClient::begin(IPAddress const&)
                0x0000000000005840                DNSClient::inet_aton(char const*, IPAddress&)
                0x0000000000005a00                DNSClient::ProcessResponse(unsigned int, IPAddress&)
                0x0000000000005ec8                DNSClient::BuildRequest(char const*)
                0x00000000000060b0                DNSClient::getHostByName(char const*, IPAddress&)
 .text          0x000000000000623a      0x984 ./arduinolib/Ethernet/Ethernet.o
                0x0000000000006382                EthernetClass::dnsServerIP()
                0x00000000000063b6                EthernetClass::EthernetClass()
                0x0000000000006446                W5100Class::readGAR(unsigned char*)
                0x0000000000006472                W5100Class::getGatewayIp(unsigned char*)
                0x000000000000649c                EthernetClass::gatewayIP()
                0x00000000000064ec                W5100Class::readSUBR(unsigned char*)
                0x0000000000006518                W5100Class::getSubnetMask(unsigned char*)
                0x0000000000006542                EthernetClass::subnetMask()
                0x0000000000006592                W5100Class::readSIPR(unsigned char*)
                0x00000000000065be                W5100Class::getIPAddress(unsigned char*)
                0x00000000000065e8                EthernetClass::localIP()
                0x0000000000006638                W5100Class::writeSHAR(unsigned char*)
                0x0000000000006664                W5100Class::setMACAddress(unsigned char*)
                0x000000000000668e                W5100Class::writeSIPR(unsigned char*)
                0x00000000000066ba                W5100Class::setIPAddress(unsigned char*)
                0x00000000000066e4                W5100Class::writeGAR(unsigned char*)
                0x0000000000006710                W5100Class::setGatewayIp(unsigned char*)
                0x000000000000673a                W5100Class::writeSUBR(unsigned char*)
                0x0000000000006766                W5100Class::setSubnetMask(unsigned char*)
                0x0000000000006790                EthernetClass::begin(unsigned char*, IPAddress, IPAddress, IPAddress, IPAddress)
                0x000000000000683e                EthernetClass::begin(unsigned char*, IPAddress, IPAddress, IPAddress)
                0x00000000000068f8                EthernetClass::begin(unsigned char*, IPAddress, IPAddress)
                0x00000000000069a2                EthernetClass::begin(unsigned char*, IPAddress)
                0x0000000000006a2c                DhcpClass::DhcpClass()
                0x0000000000006a50                EthernetClass::begin(unsigned char*)
 .text          0x0000000000006bbe      0x9d8 ./arduinolib/Ethernet/EthernetClient.o
                0x0000000000006bbe                Print::setWriteError(int)
                0x0000000000006bec                Print::Print()
                0x0000000000006c1a                Stream::Stream()
                0x0000000000006c7c                Client::rawIPAddress(IPAddress&)
                0x0000000000006d28                Client::Client()
                0x0000000000006d56                EthernetClient::EthernetClient()
                0x0000000000006d8c                EthernetClient::EthernetClient()
                0x0000000000006dc2                EthernetClient::EthernetClient(unsigned char)
                0x0000000000006dfa                EthernetClient::EthernetClient(unsigned char)
                0x0000000000006e32                EthernetClient::write(unsigned char)
                0x0000000000006e72                EthernetClient::flush()
                0x0000000000006ece                EthernetClient::operator bool()
                0x0000000000006fb2                EthernetClient::status()
                0x0000000000006fe8                EthernetClient::connected()
                0x0000000000007064                EthernetClient::stop()
                0x0000000000007148                EthernetClient::peek()
                0x00000000000071bc                EthernetClient::read(unsigned char*, unsigned int)
                0x00000000000071fa                EthernetClient::read()
                0x000000000000725a                EthernetClient::available()
                0x00000000000072a0                EthernetClient::write(unsigned char const*, unsigned int)
                0x0000000000007330                EthernetClient::connect(IPAddress, unsigned int)
                0x0000000000007496                DNSClient::DNSClient()
                0x00000000000074c2                EthernetClient::connect(char const*, unsigned int)
 .text          0x0000000000007596      0x5da ./arduinolib/Ethernet/EthernetServer.o
                0x00000000000075c4                Server::Server()
                0x00000000000075f2                EthernetServer::EthernetServer(unsigned int)
                0x0000000000007634                EthernetServer::EthernetServer(unsigned int)
                0x0000000000007676                Print::Print(Print const&)
                0x00000000000076b4                Stream::Stream(Stream const&)
                0x0000000000007720                Client::Client(Client const&)
                0x000000000000775c                EthernetClient::EthernetClient(EthernetClient const&)
                0x00000000000077a4                EthernetServer::write(unsigned char)
                0x000000000000784a                EthernetServer::accept()
                0x0000000000007930                EthernetServer::write(unsigned char const*, unsigned int)
                0x00000000000079f2                EthernetServer::available()
                0x0000000000007ad2                EthernetServer::begin()
 .text          0x0000000000007b70      0x8f4 ./arduinolib/Ethernet/EthernetUdp.o
                0x0000000000007c00                UDP::rawIPAddress(IPAddress&)
                0x0000000000007c2a                EthernetUDP::read(char*, unsigned int)
                0x0000000000007d56                UDP::UDP()
                0x0000000000007d84                EthernetUDP::write(unsigned char)
                0x0000000000007dc4                EthernetUDP::flush()
                0x0000000000007e86                EthernetUDP::peek()
                0x0000000000007efa                EthernetUDP::read(unsigned char*, unsigned int)
                0x0000000000007f38                EthernetUDP::read()
                0x0000000000007f98                EthernetUDP::parsePacket()
                0x0000000000008082                EthernetUDP::write(unsigned char const*, unsigned int)
                0x00000000000080f2                EthernetUDP::endPacket()
                0x0000000000008116                EthernetUDP::beginPacket(IPAddress, unsigned int)
                0x000000000000816e                EthernetUDP::EthernetUDP()
                0x00000000000081da                EthernetUDP::EthernetUDP()
                0x000000000000821a                EthernetUDP::beginPacket(char const*, unsigned int)
                0x00000000000082ee                EthernetUDP::stop()
                0x000000000000833c                EthernetUDP::available()
                0x00000000000083b8                EthernetUDP::begin(unsigned int)
 .text          0x0000000000008464        0x0 /storage/apps/eclipse-avr/workspace/ArduinoCore-1.0/Mega2560/libArduinoCore-1.0.a(HardwareSerial.o)
 .text          0x0000000000008464        0x0 /storage/apps/eclipse-avr/workspace/ArduinoCore-1.0/Mega2560/libArduinoCore-1.0.a(IPAddress.o)
 .text          0x0000000000008464        0x0 /storage/apps/eclipse-avr/workspace/ArduinoCore-1.0/Mega2560/libArduinoCore-1.0.a(Print.o)
 .text          0x0000000000008464        0x0 /storage/apps/eclipse-avr/workspace/ArduinoCore-1.0/Mega2560/libArduinoCore-1.0.a(WMath.o)
 .text          0x0000000000008464        0x0 /storage/apps/eclipse-avr/workspace/ArduinoCore-1.0/Mega2560/libArduinoCore-1.0.a(WString.o)
 .text          0x0000000000008464        0x0 /storage/apps/eclipse-avr/workspace/ArduinoCore-1.0/Mega2560/libArduinoCore-1.0.a(new.o)
 .text          0x0000000000008464        0x0 /storage/apps/eclipse-avr/workspace/ArduinoCore-1.0/Mega2560/libArduinoCore-1.0.a(wiring.o)
 .text          0x0000000000008464        0x0 /storage/apps/eclipse-avr/workspace/ArduinoCore-1.0/Mega2560/libArduinoCore-1.0.a(wiring_analog.o)
 .text          0x0000000000008464        0x0 /storage/apps/eclipse-avr/workspace/ArduinoCore-1.0/Mega2560/libArduinoCore-1.0.a(wiring_digital.o)
 .text          0x0000000000008464        0x0 /usr/lib/gcc/avr/4.3.5/avr6/libgcc.a(_mulsi3.o)
 .text          0x0000000000008464        0x0 /usr/lib/gcc/avr/4.3.5/avr6/libgcc.a(_divmodhi4.o)
 .text          0x0000000000008464        0x0 /usr/lib/gcc/avr/4.3.5/avr6/libgcc.a(_udivmodsi4.o)
 .text          0x0000000000008464        0x0 /usr/lib/gcc/avr/4.3.5/avr6/libgcc.a(_divmodsi4.o)
 .text          0x0000000000008464        0x0 /usr/lib/gcc/avr/4.3.5/avr6/libgcc.a(_exit.o)
 .text          0x0000000000008464        0x0 /usr/lib/gcc/avr/4.3.5/avr6/libgcc.a(_clear_bss.o)
 .text          0x0000000000008464        0x0 /usr/lib/gcc/avr/4.3.5/avr6/libgcc.a(_ctors.o)
 .text          0x0000000000008464       0x58 /usr/lib/gcc/avr/4.3.5/avr6/libgcc.a(_fixunssfsi.o)
                0x0000000000008464                __fixunssfsi
 .text          0x00000000000084bc      0x354 /usr/lib/gcc/avr/4.3.5/avr6/libgcc.a(_addsub_sf.o)
                0x0000000000008754                __subsf3
                0x00000000000087b6                __addsf3
 .text          0x0000000000008810      0x1f4 /usr/lib/gcc/avr/4.3.5/avr6/libgcc.a(_mul_sf.o)
                0x0000000000008810                __mulsf3
 .text          0x0000000000008a04      0x158 /usr/lib/gcc/avr/4.3.5/avr6/libgcc.a(_div_sf.o)
                0x0000000000008a04                __divsf3
 .text          0x0000000000008b5c       0x60 /usr/lib/gcc/avr/4.3.5/avr6/libgcc.a(_ge_sf.o)
                0x0000000000008b5c                __gesf2
 .text          0x0000000000008bbc       0x60 /usr/lib/gcc/avr/4.3.5/avr6/libgcc.a(_lt_sf.o)
                0x0000000000008bbc                __ltsf2
 .text          0x0000000000008c1c       0xbc /usr/lib/gcc/avr/4.3.5/avr6/libgcc.a(_si_to_sf.o)
                0x0000000000008c1c                __floatsisf
 .text          0x0000000000008cd8       0xa8 /usr/lib/gcc/avr/4.3.5/avr6/libgcc.a(_sf_to_si.o)
                0x0000000000008cd8                __fixsfsi
 .text          0x0000000000008d80        0x0 /usr/lib/gcc/avr/4.3.5/avr6/libgcc.a(_thenan_sf.o)
 .text          0x0000000000008d80       0xf2 /usr/lib/gcc/avr/4.3.5/avr6/libgcc.a(_usi_to_sf.o)
                0x0000000000008d80                __floatunsisf
 .text          0x0000000000008e72        0x0 /usr/lib/gcc/avr/4.3.5/avr6/libgcc.a(_udivmodhi4.o)
 .text          0x0000000000008e72        0x0 /usr/lib/gcc/avr/4.3.5/avr6/libgcc.a(_prologue.o)
 .text          0x0000000000008e72        0x0 /usr/lib/gcc/avr/4.3.5/avr6/libgcc.a(_epilogue.o)
 .text          0x0000000000008e72        0x0 /usr/lib/gcc/avr/4.3.5/avr6/libgcc.a(_tablejump.o)
 .text          0x0000000000008e72       0x9e /usr/lib/gcc/avr/4.3.5/avr6/libgcc.a(_clzsi2.o)
                0x0000000000008e72                __clzsi2
 .text          0x0000000000008f10      0x1ac /usr/lib/gcc/avr/4.3.5/avr6/libgcc.a(_pack_sf.o)
                0x0000000000008f10                __pack_f
 .text          0x00000000000090bc       0xf0 /usr/lib/gcc/avr/4.3.5/avr6/libgcc.a(_unpack_sf.o)
                0x00000000000090bc                __unpack_f
 .text          0x00000000000091ac       0xb2 /usr/lib/gcc/avr/4.3.5/avr6/libgcc.a(_fpcmp_parts_sf.o)
                0x00000000000091ac                __fpcmp_parts_f
 .text          0x000000000000925e        0x0 /usr/lib/gcc/avr/4.3.5/avr6/libgcc.a(_clz.o)
 .text          0x000000000000925e        0x0 /usr/lib/gcc/avr/4.3.5/../../../avr/lib/avr6/libc.a(malloc.o)
 .text          0x000000000000925e        0x0 /usr/lib/gcc/avr/4.3.5/../../../avr/lib/avr6/libc.a(random.o)
 .text          0x000000000000925e        0x0 /usr/lib/gcc/avr/4.3.5/../../../avr/lib/avr6/libc.a(realloc.o)
 .text          0x000000000000925e        0x0 /usr/lib/gcc/avr/4.3.5/../../../avr/lib/avr6/libc.a(atoi.o)
 .text          0x000000000000925e        0x0 /usr/lib/gcc/avr/4.3.5/../../../avr/lib/avr6/libc.a(atol.o)
 .text          0x000000000000925e        0x0 /usr/lib/gcc/avr/4.3.5/../../../avr/lib/avr6/libc.a(isspace.o)
 .text          0x000000000000925e        0x0 /usr/lib/gcc/avr/4.3.5/../../../avr/lib/avr6/libc.a(tolower.o)
 .text          0x000000000000925e        0x0 /usr/lib/gcc/avr/4.3.5/../../../avr/lib/avr6/libc.a(toupper.o)
 .text          0x000000000000925e        0x0 /usr/lib/gcc/avr/4.3.5/../../../avr/lib/avr6/libc.a(strtok.o)
 .text          0x000000000000925e        0x0 /usr/lib/gcc/avr/4.3.5/../../../avr/lib/avr6/libc.a(memcmp.o)
 .text          0x000000000000925e        0x0 /usr/lib/gcc/avr/4.3.5/../../../avr/lib/avr6/libc.a(memcpy.o)
 .text          0x000000000000925e        0x0 /usr/lib/gcc/avr/4.3.5/../../../avr/lib/avr6/libc.a(memmove.o)
 .text          0x000000000000925e        0x0 /usr/lib/gcc/avr/4.3.5/../../../avr/lib/avr6/libc.a(memset.o)
 .text          0x000000000000925e        0x0 /usr/lib/gcc/avr/4.3.5/../../../avr/lib/avr6/libc.a(strchr.o)
 .text          0x000000000000925e        0x0 /usr/lib/gcc/avr/4.3.5/../../../avr/lib/avr6/libc.a(strcmp.o)
 .text          0x000000000000925e        0x0 /usr/lib/gcc/avr/4.3.5/../../../avr/lib/avr6/libc.a(strcpy.o)
 .text          0x000000000000925e        0x0 /usr/lib/gcc/avr/4.3.5/../../../avr/lib/avr6/libc.a(strncmp.o)
 .text          0x000000000000925e        0x0 /usr/lib/gcc/avr/4.3.5/../../../avr/lib/avr6/libc.a(strncpy.o)
 .text          0x000000000000925e        0x0 /usr/lib/gcc/avr/4.3.5/../../../avr/lib/avr6/libc.a(strrchr.o)
 .text          0x000000000000925e        0x0 /usr/lib/gcc/avr/4.3.5/../../../avr/lib/avr6/libc.a(strstr.o)
 .text          0x000000000000925e        0x0 /usr/lib/gcc/avr/4.3.5/../../../avr/lib/avr6/libc.a(strtok_r.o)
 .text          0x000000000000925e        0x0 /usr/lib/gcc/avr/4.3.5/../../../avr/lib/avr6/libc.a(itoa.o)
 .text          0x000000000000925e        0x0 /usr/lib/gcc/avr/4.3.5/../../../avr/lib/avr6/libc.a(ltoa.o)
 .text          0x000000000000925e        0x0 /usr/lib/gcc/avr/4.3.5/../../../avr/lib/avr6/libc.a(mulsi10.o)
 .text          0x000000000000925e        0x0 /usr/lib/gcc/avr/4.3.5/../../../avr/lib/avr6/libc.a(mul10.o)
 .text          0x000000000000925e        0x0 /usr/lib/gcc/avr/4.3.5/../../../avr/lib/avr6/libc.a(ultoa.o)
 .text          0x000000000000925e        0x0 /usr/lib/gcc/avr/4.3.5/../../../avr/lib/avr6/libc.a(utoa.o)
 .text          0x000000000000925e        0x0 /usr/lib/gcc/avr/4.3.5/../../../avr/lib/avr6/libc.a(sprintf.o)
 .text          0x000000000000925e        0x0 /usr/lib/gcc/avr/4.3.5/../../../avr/lib/avr6/libc.a(vfprintf_std.o)
 .text          0x000000000000925e        0x0 /usr/lib/gcc/avr/4.3.5/../../../avr/lib/avr6/libc.a(cty_isfalse.o)
 .text          0x000000000000925e        0x0 /usr/lib/gcc/avr/4.3.5/../../../avr/lib/avr6/libc.a(strnlen_P.o)
 .text          0x000000000000925e        0x0 /usr/lib/gcc/avr/4.3.5/../../../avr/lib/avr6/libc.a(strnlen.o)
 .text          0x000000000000925e        0x0 /usr/lib/gcc/avr/4.3.5/../../../avr/lib/avr6/libc.a(strrev.o)
 .text          0x000000000000925e        0x0 /usr/lib/gcc/avr/4.3.5/../../../avr/lib/avr6/libc.a(fputc.o)
 .text          0x000000000000925e        0x0 /usr/lib/gcc/avr/4.3.5/../../../avr/lib/avr6/libc.a(ultoa_invert.o)
                0x000000000000925e                . = ALIGN (0x2)
 *(.text.*)
 .text._Z11serialEventv
                0x000000000000925e        0x2 /storage/apps/eclipse-avr/workspace/ArduinoCore-1.0/Mega2560/libArduinoCore-1.0.a(HardwareSerial.o)
                0x000000000000925e                serialEvent()
 .text.__vector_25
                0x0000000000009260       0x70 /storage/apps/eclipse-avr/workspace/ArduinoCore-1.0/Mega2560/libArduinoCore-1.0.a(HardwareSerial.o)
                0x0000000000009260                __vector_25
 .text._Z12serialEvent1v
                0x00000000000092d0        0x2 /storage/apps/eclipse-avr/workspace/ArduinoCore-1.0/Mega2560/libArduinoCore-1.0.a(HardwareSerial.o)
                0x00000000000092d0                serialEvent1()
 .text.__vector_36
                0x00000000000092d2       0x70 /storage/apps/eclipse-avr/workspace/ArduinoCore-1.0/Mega2560/libArduinoCore-1.0.a(HardwareSerial.o)
                0x00000000000092d2                __vector_36
 .text._Z12serialEvent2v
                0x0000000000009342        0x2 /storage/apps/eclipse-avr/workspace/ArduinoCore-1.0/Mega2560/libArduinoCore-1.0.a(HardwareSerial.o)
                0x0000000000009342                serialEvent2()
 .text.__vector_51
                0x0000000000009344       0x70 /storage/apps/eclipse-avr/workspace/ArduinoCore-1.0/Mega2560/libArduinoCore-1.0.a(HardwareSerial.o)
                0x0000000000009344                __vector_51
 .text._Z12serialEvent3v
                0x00000000000093b4        0x2 /storage/apps/eclipse-avr/workspace/ArduinoCore-1.0/Mega2560/libArduinoCore-1.0.a(HardwareSerial.o)
                0x00000000000093b4                serialEvent3()
 .text.__vector_54
                0x00000000000093b6       0x70 /storage/apps/eclipse-avr/workspace/ArduinoCore-1.0/Mega2560/libArduinoCore-1.0.a(HardwareSerial.o)
                0x00000000000093b6                __vector_54
 .text._Z14serialEventRunv
                0x0000000000009426       0x92 /storage/apps/eclipse-avr/workspace/ArduinoCore-1.0/Mega2560/libArduinoCore-1.0.a(HardwareSerial.o)
                0x0000000000009426                serialEventRun()
 .text.__vector_26
                0x00000000000094b8       0x9a /storage/apps/eclipse-avr/workspace/ArduinoCore-1.0/Mega2560/libArduinoCore-1.0.a(HardwareSerial.o)
                0x00000000000094b8                __vector_26
 .text.__vector_37
                0x0000000000009552       0x9a /storage/apps/eclipse-avr/workspace/ArduinoCore-1.0/Mega2560/libArduinoCore-1.0.a(HardwareSerial.o)
                0x0000000000009552                __vector_37
 .text.__vector_52
                0x00000000000095ec       0x9a /storage/apps/eclipse-avr/workspace/ArduinoCore-1.0/Mega2560/libArduinoCore-1.0.a(HardwareSerial.o)
                0x00000000000095ec                __vector_52
 .text.__vector_55
                0x0000000000009686       0x9a /storage/apps/eclipse-avr/workspace/ArduinoCore-1.0/Mega2560/libArduinoCore-1.0.a(HardwareSerial.o)
                0x0000000000009686                __vector_55
 .text._ZN14HardwareSerialC2EP11ring_bufferS1_PVhS3_S3_S3_S3_hhhhh
                0x0000000000009720       0x7e /storage/apps/eclipse-avr/workspace/ArduinoCore-1.0/Mega2560/libArduinoCore-1.0.a(HardwareSerial.o)
                0x0000000000009720                HardwareSerial::HardwareSerial(ring_buffer*, ring_buffer*, unsigned char volatile*, unsigned char volatile*, unsigned char volatile*, unsigned char volatile*, unsigned char volatile*, unsigned char, unsigned char, unsigned char, unsigned char, unsigned char)
 .text._ZN14HardwareSerialC1EP11ring_bufferS1_PVhS3_S3_S3_S3_hhhhh
                0x000000000000979e       0x7e /storage/apps/eclipse-avr/workspace/ArduinoCore-1.0/Mega2560/libArduinoCore-1.0.a(HardwareSerial.o)
                0x000000000000979e                HardwareSerial::HardwareSerial(ring_buffer*, ring_buffer*, unsigned char volatile*, unsigned char volatile*, unsigned char volatile*, unsigned char volatile*, unsigned char volatile*, unsigned char, unsigned char, unsigned char, unsigned char, unsigned char)
 .text._ZN14HardwareSerial5beginEm
                0x000000000000981c       0xfa /storage/apps/eclipse-avr/workspace/ArduinoCore-1.0/Mega2560/libArduinoCore-1.0.a(HardwareSerial.o)
                0x000000000000981c                HardwareSerial::begin(unsigned long)
 .text._ZN14HardwareSerial3endEv
                0x0000000000009916       0xcc /storage/apps/eclipse-avr/workspace/ArduinoCore-1.0/Mega2560/libArduinoCore-1.0.a(HardwareSerial.o)
                0x0000000000009916                HardwareSerial::end()
 .text._ZN14HardwareSerial9availableEv
                0x00000000000099e2       0x22 /storage/apps/eclipse-avr/workspace/ArduinoCore-1.0/Mega2560/libArduinoCore-1.0.a(HardwareSerial.o)
                0x00000000000099e2                HardwareSerial::available()
 .text._ZN14HardwareSerial4peekEv
                0x0000000000009a04       0x40 /storage/apps/eclipse-avr/workspace/ArduinoCore-1.0/Mega2560/libArduinoCore-1.0.a(HardwareSerial.o)
                0x0000000000009a04                HardwareSerial::peek()
 .text._ZN14HardwareSerial4readEv
                0x0000000000009a44       0x52 /storage/apps/eclipse-avr/workspace/ArduinoCore-1.0/Mega2560/libArduinoCore-1.0.a(HardwareSerial.o)
                0x0000000000009a44                HardwareSerial::read()
 .text._ZN14HardwareSerial5flushEv
                0x0000000000009a96       0x24 /storage/apps/eclipse-avr/workspace/ArduinoCore-1.0/Mega2560/libArduinoCore-1.0.a(HardwareSerial.o)
                0x0000000000009a96                HardwareSerial::flush()
 .text._ZN14HardwareSerial5writeEh
                0x0000000000009aba       0x78 /storage/apps/eclipse-avr/workspace/ArduinoCore-1.0/Mega2560/libArduinoCore-1.0.a(HardwareSerial.o)
                0x0000000000009aba                HardwareSerial::write(unsigned char)
 .text._GLOBAL__I_rx_buffer
                0x0000000000009b32      0x23c /storage/apps/eclipse-avr/workspace/ArduinoCore-1.0/Mega2560/libArduinoCore-1.0.a(HardwareSerial.o)
 .text._ZN9IPAddressC2Ehhhh
                0x0000000000009d6e       0x18 /storage/apps/eclipse-avr/workspace/ArduinoCore-1.0/Mega2560/libArduinoCore-1.0.a(IPAddress.o)
                0x0000000000009d6e                IPAddress::IPAddress(unsigned char, unsigned char, unsigned char, unsigned char)
 .text._ZN9IPAddressC1Ehhhh
                0x0000000000009d86       0x18 /storage/apps/eclipse-avr/workspace/ArduinoCore-1.0/Mega2560/libArduinoCore-1.0.a(IPAddress.o)
                0x0000000000009d86                IPAddress::IPAddress(unsigned char, unsigned char, unsigned char, unsigned char)
 .text._GLOBAL__I__ZN9IPAddressC2Ev
                0x0000000000009d9e       0x1e /storage/apps/eclipse-avr/workspace/ArduinoCore-1.0/Mega2560/libArduinoCore-1.0.a(IPAddress.o)
 .text._ZNK9IPAddress7printToER5Print
                0x0000000000009dbc       0x84 /storage/apps/eclipse-avr/workspace/ArduinoCore-1.0/Mega2560/libArduinoCore-1.0.a(IPAddress.o)
                0x0000000000009dbc                IPAddress::printTo(Print&) const
 .text._ZN9IPAddresseqEPKh
                0x0000000000009e40       0x1e /storage/apps/eclipse-avr/workspace/ArduinoCore-1.0/Mega2560/libArduinoCore-1.0.a(IPAddress.o)
                0x0000000000009e40                IPAddress::operator==(unsigned char const*)
 .text._ZN9IPAddressaSEm
                0x0000000000009e5e       0x24 /storage/apps/eclipse-avr/workspace/ArduinoCore-1.0/Mega2560/libArduinoCore-1.0.a(IPAddress.o)
                0x0000000000009e5e                IPAddress::operator=(unsigned long)
 .text._ZN9IPAddressaSEPKh
                0x0000000000009e82       0x1a /storage/apps/eclipse-avr/workspace/ArduinoCore-1.0/Mega2560/libArduinoCore-1.0.a(IPAddress.o)
                0x0000000000009e82                IPAddress::operator=(unsigned char const*)
 .text._ZN9IPAddressC1EPKh
                0x0000000000009e9c       0x22 /storage/apps/eclipse-avr/workspace/ArduinoCore-1.0/Mega2560/libArduinoCore-1.0.a(IPAddress.o)
                0x0000000000009e9c                IPAddress::IPAddress(unsigned char const*)
 .text._ZN9IPAddressC2EPKh
                0x0000000000009ebe       0x22 /storage/apps/eclipse-avr/workspace/ArduinoCore-1.0/Mega2560/libArduinoCore-1.0.a(IPAddress.o)
                0x0000000000009ebe                IPAddress::IPAddress(unsigned char const*)
 .text._ZN9IPAddressC1Em
                0x0000000000009ee0       0x2c /storage/apps/eclipse-avr/workspace/ArduinoCore-1.0/Mega2560/libArduinoCore-1.0.a(IPAddress.o)
                0x0000000000009ee0                IPAddress::IPAddress(unsigned long)
 .text._ZN9IPAddressC2Em
                0x0000000000009f0c       0x2c /storage/apps/eclipse-avr/workspace/ArduinoCore-1.0/Mega2560/libArduinoCore-1.0.a(IPAddress.o)
                0x0000000000009f0c                IPAddress::IPAddress(unsigned long)
 .text._ZN9IPAddressC1Ev
                0x0000000000009f38       0x14 /storage/apps/eclipse-avr/workspace/ArduinoCore-1.0/Mega2560/libArduinoCore-1.0.a(IPAddress.o)
                0x0000000000009f38                IPAddress::IPAddress()
 .text._ZN9IPAddressC2Ev
                0x0000000000009f4c       0x14 /storage/apps/eclipse-avr/workspace/ArduinoCore-1.0/Mega2560/libArduinoCore-1.0.a(IPAddress.o)
                0x0000000000009f4c                IPAddress::IPAddress()
 .text._ZN5Print5writeEPKhj
                0x0000000000009f60       0x54 /storage/apps/eclipse-avr/workspace/ArduinoCore-1.0/Mega2560/libArduinoCore-1.0.a(Print.o)
                0x0000000000009f60                Print::write(unsigned char const*, unsigned int)
 .text._ZN5Print5printEPK19__FlashStringHelper
                0x0000000000009fb4       0x46 /storage/apps/eclipse-avr/workspace/ArduinoCore-1.0/Mega2560/libArduinoCore-1.0.a(Print.o)
                0x0000000000009fb4                Print::print(__FlashStringHelper const*)
 .text._ZN5Print5printEc
                0x0000000000009ffa       0x10 /storage/apps/eclipse-avr/workspace/ArduinoCore-1.0/Mega2560/libArduinoCore-1.0.a(Print.o)
                0x0000000000009ffa                Print::print(char)
 .text._ZN5Print5printERK9Printable
                0x000000000000a00a       0x16 /storage/apps/eclipse-avr/workspace/ArduinoCore-1.0/Mega2560/libArduinoCore-1.0.a(Print.o)
                0x000000000000a00a                Print::print(Printable const&)
 .text._ZN5Print7printlnEv
                0x000000000000a020       0x40 /storage/apps/eclipse-avr/workspace/ArduinoCore-1.0/Mega2560/libArduinoCore-1.0.a(Print.o)
                0x000000000000a020                Print::println()
 .text._ZN5Print7printlnEPK19__FlashStringHelper
                0x000000000000a060       0x28 /storage/apps/eclipse-avr/workspace/ArduinoCore-1.0/Mega2560/libArduinoCore-1.0.a(Print.o)
                0x000000000000a060                Print::println(__FlashStringHelper const*)
 .text._ZN5Print7printlnEc
                0x000000000000a088       0x30 /storage/apps/eclipse-avr/workspace/ArduinoCore-1.0/Mega2560/libArduinoCore-1.0.a(Print.o)
                0x000000000000a088                Print::println(char)
 .text._ZN5Print7printlnERK9Printable
                0x000000000000a0b8       0x34 /storage/apps/eclipse-avr/workspace/ArduinoCore-1.0/Mega2560/libArduinoCore-1.0.a(Print.o)
                0x000000000000a0b8                Print::println(Printable const&)
 .text._ZN5Print5writeEPKc
                0x000000000000a0ec       0x28 /storage/apps/eclipse-avr/workspace/ArduinoCore-1.0/Mega2560/libArduinoCore-1.0.a(Print.o)
                0x000000000000a0ec                Print::write(char const*)
 .text._ZN5Print11printNumberEmh
                0x000000000000a114       0xc8 /storage/apps/eclipse-avr/workspace/ArduinoCore-1.0/Mega2560/libArduinoCore-1.0.a(Print.o)
                0x000000000000a114                Print::printNumber(unsigned long, unsigned char)
 .text._ZN5Print5printEmi
                0x000000000000a1dc       0x1e /storage/apps/eclipse-avr/workspace/ArduinoCore-1.0/Mega2560/libArduinoCore-1.0.a(Print.o)
                0x000000000000a1dc                Print::print(unsigned long, int)
 .text._ZN5Print7printlnEmi
                0x000000000000a1fa       0x28 /storage/apps/eclipse-avr/workspace/ArduinoCore-1.0/Mega2560/libArduinoCore-1.0.a(Print.o)
                0x000000000000a1fa                Print::println(unsigned long, int)
 .text._ZN5Print5printEji
                0x000000000000a222       0x22 /storage/apps/eclipse-avr/workspace/ArduinoCore-1.0/Mega2560/libArduinoCore-1.0.a(Print.o)
                0x000000000000a222                Print::print(unsigned int, int)
 .text._ZN5Print7printlnEji
                0x000000000000a244       0x3a /storage/apps/eclipse-avr/workspace/ArduinoCore-1.0/Mega2560/libArduinoCore-1.0.a(Print.o)
                0x000000000000a244                Print::println(unsigned int, int)
 .text._ZN5Print5printEhi
                0x000000000000a27e       0x24 /storage/apps/eclipse-avr/workspace/ArduinoCore-1.0/Mega2560/libArduinoCore-1.0.a(Print.o)
                0x000000000000a27e                Print::print(unsigned char, int)
 .text._ZN5Print7printlnEhi
                0x000000000000a2a2       0x3c /storage/apps/eclipse-avr/workspace/ArduinoCore-1.0/Mega2560/libArduinoCore-1.0.a(Print.o)
                0x000000000000a2a2                Print::println(unsigned char, int)
 .text._ZN5Print5printEli
                0x000000000000a2de       0x80 /storage/apps/eclipse-avr/workspace/ArduinoCore-1.0/Mega2560/libArduinoCore-1.0.a(Print.o)
                0x000000000000a2de                Print::print(long, int)
 .text._ZN5Print7printlnEli
                0x000000000000a35e       0x28 /storage/apps/eclipse-avr/workspace/ArduinoCore-1.0/Mega2560/libArduinoCore-1.0.a(Print.o)
                0x000000000000a35e                Print::println(long, int)
 .text._ZN5Print5printEii
                0x000000000000a386       0x26 /storage/apps/eclipse-avr/workspace/ArduinoCore-1.0/Mega2560/libArduinoCore-1.0.a(Print.o)
                0x000000000000a386                Print::print(int, int)
 .text._ZN5Print7printlnEii
                0x000000000000a3ac       0x3e /storage/apps/eclipse-avr/workspace/ArduinoCore-1.0/Mega2560/libArduinoCore-1.0.a(Print.o)
                0x000000000000a3ac                Print::println(int, int)
 .text._ZN5Print5printEPKc
                0x000000000000a3ea        0x6 /storage/apps/eclipse-avr/workspace/ArduinoCore-1.0/Mega2560/libArduinoCore-1.0.a(Print.o)
                0x000000000000a3ea                Print::print(char const*)
 .text._ZN5Print10printFloatEdh
                0x000000000000a3f0      0x136 /storage/apps/eclipse-avr/workspace/ArduinoCore-1.0/Mega2560/libArduinoCore-1.0.a(Print.o)
                0x000000000000a3f0                Print::printFloat(double, unsigned char)
 .text._ZN5Print5printEdi
                0x000000000000a526        0x6 /storage/apps/eclipse-avr/workspace/ArduinoCore-1.0/Mega2560/libArduinoCore-1.0.a(Print.o)
                0x000000000000a526                Print::print(double, int)
 .text._ZN5Print7printlnEdi
                0x000000000000a52c       0x26 /storage/apps/eclipse-avr/workspace/ArduinoCore-1.0/Mega2560/libArduinoCore-1.0.a(Print.o)
                0x000000000000a52c                Print::println(double, int)
 .text._ZN5Print7printlnEPKc
                0x000000000000a552       0x26 /storage/apps/eclipse-avr/workspace/ArduinoCore-1.0/Mega2560/libArduinoCore-1.0.a(Print.o)
                0x000000000000a552                Print::println(char const*)
 .text._ZN5Print5printERK6String
                0x000000000000a578       0x66 /storage/apps/eclipse-avr/workspace/ArduinoCore-1.0/Mega2560/libArduinoCore-1.0.a(Print.o)
                0x000000000000a578                Print::print(String const&)
 .text._ZN5Print7printlnERK6String
                0x000000000000a5de       0x28 /storage/apps/eclipse-avr/workspace/ArduinoCore-1.0/Mega2560/libArduinoCore-1.0.a(Print.o)
                0x000000000000a5de                Print::println(String const&)
 .text._Z3maplllll
                0x000000000000a606       0x92 /storage/apps/eclipse-avr/workspace/ArduinoCore-1.0/Mega2560/libArduinoCore-1.0.a(WMath.o)
                0x000000000000a606                map(long, long, long, long, long)
 .text._Z8makeWordj
                0x000000000000a698        0x2 /storage/apps/eclipse-avr/workspace/ArduinoCore-1.0/Mega2560/libArduinoCore-1.0.a(WMath.o)
                0x000000000000a698                makeWord(unsigned int)
 .text._Z8makeWordhh
                0x000000000000a69a        0xe /storage/apps/eclipse-avr/workspace/ArduinoCore-1.0/Mega2560/libArduinoCore-1.0.a(WMath.o)
                0x000000000000a69a                makeWord(unsigned char, unsigned char)
 .text._Z6randoml
                0x000000000000a6a8       0x44 /storage/apps/eclipse-avr/workspace/ArduinoCore-1.0/Mega2560/libArduinoCore-1.0.a(WMath.o)
                0x000000000000a6a8                random(long)
 .text._Z6randomll
                0x000000000000a6ec       0x3c /storage/apps/eclipse-avr/workspace/ArduinoCore-1.0/Mega2560/libArduinoCore-1.0.a(WMath.o)
                0x000000000000a6ec                random(long, long)
 .text._Z10randomSeedj
                0x000000000000a728       0x10 /storage/apps/eclipse-avr/workspace/ArduinoCore-1.0/Mega2560/libArduinoCore-1.0.a(WMath.o)
                0x000000000000a728                randomSeed(unsigned int)
 .text._ZNK6String6charAtEj
                0x000000000000a738       0x22 /storage/apps/eclipse-avr/workspace/ArduinoCore-1.0/Mega2560/libArduinoCore-1.0.a(WString.o)
                0x000000000000a738                String::charAt(unsigned int) const
 .text._ZN6String9setCharAtEjc
                0x000000000000a75a       0x1a /storage/apps/eclipse-avr/workspace/ArduinoCore-1.0/Mega2560/libArduinoCore-1.0.a(WString.o)
                0x000000000000a75a                String::setCharAt(unsigned int, char)
 .text._ZN6StringixEj
                0x000000000000a774       0x2a /storage/apps/eclipse-avr/workspace/ArduinoCore-1.0/Mega2560/libArduinoCore-1.0.a(WString.o)
                0x000000000000a774                String::operator[](unsigned int)
 .text._ZNK6StringixEj
                0x000000000000a79e       0x22 /storage/apps/eclipse-avr/workspace/ArduinoCore-1.0/Mega2560/libArduinoCore-1.0.a(WString.o)
                0x000000000000a79e                String::operator[](unsigned int) const
 .text._ZN6String7replaceEcc
                0x000000000000a7c0       0x1e /storage/apps/eclipse-avr/workspace/ArduinoCore-1.0/Mega2560/libArduinoCore-1.0.a(WString.o)
                0x000000000000a7c0                String::replace(char, char)
 .text._ZNK6String5toIntEv
                0x000000000000a7de       0x22 /storage/apps/eclipse-avr/workspace/ArduinoCore-1.0/Mega2560/libArduinoCore-1.0.a(WString.o)
                0x000000000000a7de                String::toInt() const
 .text._ZN6String4trimEv
                0x000000000000a800       0xb6 /storage/apps/eclipse-avr/workspace/ArduinoCore-1.0/Mega2560/libArduinoCore-1.0.a(WString.o)
                0x000000000000a800                String::trim()
 .text._ZN6String11toUpperCaseEv
                0x000000000000a8b6       0x28 /storage/apps/eclipse-avr/workspace/ArduinoCore-1.0/Mega2560/libArduinoCore-1.0.a(WString.o)
                0x000000000000a8b6                String::toUpperCase()
 .text._ZN6String11toLowerCaseEv
                0x000000000000a8de       0x28 /storage/apps/eclipse-avr/workspace/ArduinoCore-1.0/Mega2560/libArduinoCore-1.0.a(WString.o)
                0x000000000000a8de                String::toLowerCase()
 .text._ZNK6String16equalsIgnoreCaseERKS_
                0x000000000000a906       0x78 /storage/apps/eclipse-avr/workspace/ArduinoCore-1.0/Mega2560/libArduinoCore-1.0.a(WString.o)
                0x000000000000a906                String::equalsIgnoreCase(String const&) const
 .text._ZNK6String11lastIndexOfERKS_j
                0x000000000000a97e       0x9c /storage/apps/eclipse-avr/workspace/ArduinoCore-1.0/Mega2560/libArduinoCore-1.0.a(WString.o)
                0x000000000000a97e                String::lastIndexOf(String const&, unsigned int) const
 .text._ZNK6String11lastIndexOfERKS_
                0x000000000000aa1a       0x1c /storage/apps/eclipse-avr/workspace/ArduinoCore-1.0/Mega2560/libArduinoCore-1.0.a(WString.o)
                0x000000000000aa1a                String::lastIndexOf(String const&) const
 .text._ZNK6String7indexOfERKS_j
                0x000000000000aa36       0x3c /storage/apps/eclipse-avr/workspace/ArduinoCore-1.0/Mega2560/libArduinoCore-1.0.a(WString.o)
                0x000000000000aa36                String::indexOf(String const&, unsigned int) const
 .text._ZNK6String7indexOfERKS_
                0x000000000000aa72        0xa /storage/apps/eclipse-avr/workspace/ArduinoCore-1.0/Mega2560/libArduinoCore-1.0.a(WString.o)
                0x000000000000aa72                String::indexOf(String const&) const
 .text._ZNK6String11lastIndexOfEcj
                0x000000000000aa7c       0x6e /storage/apps/eclipse-avr/workspace/ArduinoCore-1.0/Mega2560/libArduinoCore-1.0.a(WString.o)
                0x000000000000aa7c                String::lastIndexOf(char, unsigned int) const
 .text._ZNK6String11lastIndexOfEc
                0x000000000000aaea       0x10 /storage/apps/eclipse-avr/workspace/ArduinoCore-1.0/Mega2560/libArduinoCore-1.0.a(WString.o)
                0x000000000000aaea                String::lastIndexOf(char) const
 .text._ZNK6String7indexOfEcj
                0x000000000000aafa       0x3c /storage/apps/eclipse-avr/workspace/ArduinoCore-1.0/Mega2560/libArduinoCore-1.0.a(WString.o)
                0x000000000000aafa                String::indexOf(char, unsigned int) const
 .text._ZNK6String7indexOfEc
                0x000000000000ab36        0xa /storage/apps/eclipse-avr/workspace/ArduinoCore-1.0/Mega2560/libArduinoCore-1.0.a(WString.o)
                0x000000000000ab36                String::indexOf(char) const
 .text._ZNK6String8getBytesEPhjj
                0x000000000000ab40       0x5a /storage/apps/eclipse-avr/workspace/ArduinoCore-1.0/Mega2560/libArduinoCore-1.0.a(WString.o)
                0x000000000000ab40                String::getBytes(unsigned char*, unsigned int, unsigned int) const
 .text._ZNK6String8endsWithERKS_
                0x000000000000ab9a       0x44 /storage/apps/eclipse-avr/workspace/ArduinoCore-1.0/Mega2560/libArduinoCore-1.0.a(WString.o)
                0x000000000000ab9a                String::endsWith(String const&) const
 .text._ZNK6String6equalsEPKc
                0x000000000000abde       0x46 /storage/apps/eclipse-avr/workspace/ArduinoCore-1.0/Mega2560/libArduinoCore-1.0.a(WString.o)
                0x000000000000abde                String::equals(char const*) const
 .text._ZNK6String9compareToERKS_
                0x000000000000ac24       0x66 /storage/apps/eclipse-avr/workspace/ArduinoCore-1.0/Mega2560/libArduinoCore-1.0.a(WString.o)
                0x000000000000ac24                String::compareTo(String const&) const
 .text._ZNK6StringgeERKS_
                0x000000000000ac8a       0x10 /storage/apps/eclipse-avr/workspace/ArduinoCore-1.0/Mega2560/libArduinoCore-1.0.a(WString.o)
                0x000000000000ac8a                String::operator>=(String const&) const
 .text._ZNK6StringleERKS_
                0x000000000000ac9a       0x12 /storage/apps/eclipse-avr/workspace/ArduinoCore-1.0/Mega2560/libArduinoCore-1.0.a(WString.o)
                0x000000000000ac9a                String::operator<=(String const&) const
 .text._ZNK6StringgtERKS_
                0x000000000000acac       0x12 /storage/apps/eclipse-avr/workspace/ArduinoCore-1.0/Mega2560/libArduinoCore-1.0.a(WString.o)
                0x000000000000acac                String::operator>(String const&) const
 .text._ZNK6StringltERKS_
                0x000000000000acbe        0xe /storage/apps/eclipse-avr/workspace/ArduinoCore-1.0/Mega2560/libArduinoCore-1.0.a(WString.o)
                0x000000000000acbe                String::operator<(String const&) const
 .text._ZNK6String6equalsERKS_
                0x000000000000accc       0x2c /storage/apps/eclipse-avr/workspace/ArduinoCore-1.0/Mega2560/libArduinoCore-1.0.a(WString.o)
                0x000000000000accc                String::equals(String const&) const
 .text._ZNK6String10startsWithERKS_j
                0x000000000000acf8       0x46 /storage/apps/eclipse-avr/workspace/ArduinoCore-1.0/Mega2560/libArduinoCore-1.0.a(WString.o)
                0x000000000000acf8                String::startsWith(String const&, unsigned int) const
 .text._ZNK6String10startsWithERKS_
                0x000000000000ad3e       0x26 /storage/apps/eclipse-avr/workspace/ArduinoCore-1.0/Mega2560/libArduinoCore-1.0.a(WString.o)
                0x000000000000ad3e                String::startsWith(String const&) const
 .text._ZN6String12changeBufferEj
                0x000000000000ad64       0x34 /storage/apps/eclipse-avr/workspace/ArduinoCore-1.0/Mega2560/libArduinoCore-1.0.a(WString.o)
                0x000000000000ad64                String::changeBuffer(unsigned int)
 .text._ZN6String7replaceERKS_S1_
                0x000000000000ad98      0x20a /storage/apps/eclipse-avr/workspace/ArduinoCore-1.0/Mega2560/libArduinoCore-1.0.a(WString.o)
                0x000000000000ad98                String::replace(String const&, String const&)
 .text._ZN6String7reserveEj
                0x000000000000afa2       0x38 /storage/apps/eclipse-avr/workspace/ArduinoCore-1.0/Mega2560/libArduinoCore-1.0.a(WString.o)
                0x000000000000afa2                String::reserve(unsigned int)
 .text._ZN6String6concatEPKcj
                0x000000000000afda       0x5a /storage/apps/eclipse-avr/workspace/ArduinoCore-1.0/Mega2560/libArduinoCore-1.0.a(WString.o)
                0x000000000000afda                String::concat(char const*, unsigned int)
 .text._ZN6String6concatEm
                0x000000000000b034       0x64 /storage/apps/eclipse-avr/workspace/ArduinoCore-1.0/Mega2560/libArduinoCore-1.0.a(WString.o)
                0x000000000000b034                String::concat(unsigned long)
 .text._ZN6String6concatEl
                0x000000000000b098       0x64 /storage/apps/eclipse-avr/workspace/ArduinoCore-1.0/Mega2560/libArduinoCore-1.0.a(WString.o)
                0x000000000000b098                String::concat(long)
 .text._ZN6String6concatEj
                0x000000000000b0fc       0x5a /storage/apps/eclipse-avr/workspace/ArduinoCore-1.0/Mega2560/libArduinoCore-1.0.a(WString.o)
                0x000000000000b0fc                String::concat(unsigned int)
 .text._ZN6String6concatEi
                0x000000000000b156       0x62 /storage/apps/eclipse-avr/workspace/ArduinoCore-1.0/Mega2560/libArduinoCore-1.0.a(WString.o)
                0x000000000000b156                String::concat(int)
 .text._ZN6String6concatEh
                0x000000000000b1b8       0x58 /storage/apps/eclipse-avr/workspace/ArduinoCore-1.0/Mega2560/libArduinoCore-1.0.a(WString.o)
                0x000000000000b1b8                String::concat(unsigned char)
 .text._ZN6String6concatEc
                0x000000000000b210       0x28 /storage/apps/eclipse-avr/workspace/ArduinoCore-1.0/Mega2560/libArduinoCore-1.0.a(WString.o)
                0x000000000000b210                String::concat(char)
 .text._ZN6String6concatEPKc
                0x000000000000b238       0x20 /storage/apps/eclipse-avr/workspace/ArduinoCore-1.0/Mega2560/libArduinoCore-1.0.a(WString.o)
                0x000000000000b238                String::concat(char const*)
 .text._ZN6String6concatERKS_
                0x000000000000b258       0x10 /storage/apps/eclipse-avr/workspace/ArduinoCore-1.0/Mega2560/libArduinoCore-1.0.a(WString.o)
                0x000000000000b258                String::concat(String const&)
 .text._ZN6String10invalidateEv
                0x000000000000b268       0x24 /storage/apps/eclipse-avr/workspace/ArduinoCore-1.0/Mega2560/libArduinoCore-1.0.a(WString.o)
                0x000000000000b268                String::invalidate()
 .text._ZplRK15StringSumHelperm
                0x000000000000b28c       0x22 /storage/apps/eclipse-avr/workspace/ArduinoCore-1.0/Mega2560/libArduinoCore-1.0.a(WString.o)
                0x000000000000b28c                operator+(StringSumHelper const&, unsigned long)
 .text._ZplRK15StringSumHelperl
                0x000000000000b2ae       0x22 /storage/apps/eclipse-avr/workspace/ArduinoCore-1.0/Mega2560/libArduinoCore-1.0.a(WString.o)
                0x000000000000b2ae                operator+(StringSumHelper const&, long)
 .text._ZplRK15StringSumHelperj
                0x000000000000b2d0       0x22 /storage/apps/eclipse-avr/workspace/ArduinoCore-1.0/Mega2560/libArduinoCore-1.0.a(WString.o)
                0x000000000000b2d0                operator+(StringSumHelper const&, unsigned int)
 .text._ZplRK15StringSumHelperi
                0x000000000000b2f2       0x22 /storage/apps/eclipse-avr/workspace/ArduinoCore-1.0/Mega2560/libArduinoCore-1.0.a(WString.o)
                0x000000000000b2f2                operator+(StringSumHelper const&, int)
 .text._ZplRK15StringSumHelperh
                0x000000000000b314       0x22 /storage/apps/eclipse-avr/workspace/ArduinoCore-1.0/Mega2560/libArduinoCore-1.0.a(WString.o)
                0x000000000000b314                operator+(StringSumHelper const&, unsigned char)
 .text._ZplRK15StringSumHelperc
                0x000000000000b336       0x22 /storage/apps/eclipse-avr/workspace/ArduinoCore-1.0/Mega2560/libArduinoCore-1.0.a(WString.o)
                0x000000000000b336                operator+(StringSumHelper const&, char)
 .text._ZplRK15StringSumHelperPKc
                0x000000000000b358       0x38 /storage/apps/eclipse-avr/workspace/ArduinoCore-1.0/Mega2560/libArduinoCore-1.0.a(WString.o)
                0x000000000000b358                operator+(StringSumHelper const&, char const*)
 .text._ZplRK15StringSumHelperRK6String
                0x000000000000b390       0x2c /storage/apps/eclipse-avr/workspace/ArduinoCore-1.0/Mega2560/libArduinoCore-1.0.a(WString.o)
                0x000000000000b390                operator+(StringSumHelper const&, String const&)
 .text._ZN6String4copyEPKcj
                0x000000000000b3bc       0x42 /storage/apps/eclipse-avr/workspace/ArduinoCore-1.0/Mega2560/libArduinoCore-1.0.a(WString.o)
                0x000000000000b3bc                String::copy(char const*, unsigned int)
 .text._ZN6StringC1EPKc
                0x000000000000b3fe       0x34 /storage/apps/eclipse-avr/workspace/ArduinoCore-1.0/Mega2560/libArduinoCore-1.0.a(WString.o)
                0x000000000000b3fe                String::String(char const*)
 .text._ZN6StringC2EPKc
                0x000000000000b432       0x34 /storage/apps/eclipse-avr/workspace/ArduinoCore-1.0/Mega2560/libArduinoCore-1.0.a(WString.o)
                0x000000000000b432                String::String(char const*)
 .text._ZN6StringaSEPKc
                0x000000000000b466       0x32 /storage/apps/eclipse-avr/workspace/ArduinoCore-1.0/Mega2560/libArduinoCore-1.0.a(WString.o)
                0x000000000000b466                String::operator=(char const*)
 .text._ZN6StringC1Emh
                0x000000000000b498       0x64 /storage/apps/eclipse-avr/workspace/ArduinoCore-1.0/Mega2560/libArduinoCore-1.0.a(WString.o)
                0x000000000000b498                String::String(unsigned long, unsigned char)
 .text._ZN6StringC2Emh
                0x000000000000b4fc       0x64 /storage/apps/eclipse-avr/workspace/ArduinoCore-1.0/Mega2560/libArduinoCore-1.0.a(WString.o)
                0x000000000000b4fc                String::String(unsigned long, unsigned char)
 .text._ZN6StringC1Elh
                0x000000000000b560       0x64 /storage/apps/eclipse-avr/workspace/ArduinoCore-1.0/Mega2560/libArduinoCore-1.0.a(WString.o)
                0x000000000000b560                String::String(long, unsigned char)
 .text._ZN6StringC2Elh
                0x000000000000b5c4       0x64 /storage/apps/eclipse-avr/workspace/ArduinoCore-1.0/Mega2560/libArduinoCore-1.0.a(WString.o)
                0x000000000000b5c4                String::String(long, unsigned char)
 .text._ZN6StringC1Ejh
                0x000000000000b628       0x62 /storage/apps/eclipse-avr/workspace/ArduinoCore-1.0/Mega2560/libArduinoCore-1.0.a(WString.o)
                0x000000000000b628                String::String(unsigned int, unsigned char)
 .text._ZN6StringC2Ejh
                0x000000000000b68a       0x62 /storage/apps/eclipse-avr/workspace/ArduinoCore-1.0/Mega2560/libArduinoCore-1.0.a(WString.o)
                0x000000000000b68a                String::String(unsigned int, unsigned char)
 .text._ZN6StringC1Eih
                0x000000000000b6ec       0x62 /storage/apps/eclipse-avr/workspace/ArduinoCore-1.0/Mega2560/libArduinoCore-1.0.a(WString.o)
                0x000000000000b6ec                String::String(int, unsigned char)
 .text._ZN6StringC2Eih
                0x000000000000b74e       0x62 /storage/apps/eclipse-avr/workspace/ArduinoCore-1.0/Mega2560/libArduinoCore-1.0.a(WString.o)
                0x000000000000b74e                String::String(int, unsigned char)
 .text._ZN6StringC1Ehh
                0x000000000000b7b0       0x64 /storage/apps/eclipse-avr/workspace/ArduinoCore-1.0/Mega2560/libArduinoCore-1.0.a(WString.o)
                0x000000000000b7b0                String::String(unsigned char, unsigned char)
 .text._ZN6StringC2Ehh
                0x000000000000b814       0x64 /storage/apps/eclipse-avr/workspace/ArduinoCore-1.0/Mega2560/libArduinoCore-1.0.a(WString.o)
                0x000000000000b814                String::String(unsigned char, unsigned char)
 .text._ZN6StringC1Ec
                0x000000000000b878       0x34 /storage/apps/eclipse-avr/workspace/ArduinoCore-1.0/Mega2560/libArduinoCore-1.0.a(WString.o)
                0x000000000000b878                String::String(char)
 .text._ZN6StringC2Ec
                0x000000000000b8ac       0x34 /storage/apps/eclipse-avr/workspace/ArduinoCore-1.0/Mega2560/libArduinoCore-1.0.a(WString.o)
                0x000000000000b8ac                String::String(char)
 .text._ZNK6String9substringEjj
                0x000000000000b8e0       0x8e /storage/apps/eclipse-avr/workspace/ArduinoCore-1.0/Mega2560/libArduinoCore-1.0.a(WString.o)
                0x000000000000b8e0                String::substring(unsigned int, unsigned int) const
 .text._ZNK6String9substringEj
                0x000000000000b96e       0x18 /storage/apps/eclipse-avr/workspace/ArduinoCore-1.0/Mega2560/libArduinoCore-1.0.a(WString.o)
                0x000000000000b96e                String::substring(unsigned int) const
 .text._ZN6StringaSERKS_
                0x000000000000b986       0x2e /storage/apps/eclipse-avr/workspace/ArduinoCore-1.0/Mega2560/libArduinoCore-1.0.a(WString.o)
                0x000000000000b986                String::operator=(String const&)
 .text._ZN6StringC1ERKS_
                0x000000000000b9b4       0x16 /storage/apps/eclipse-avr/workspace/ArduinoCore-1.0/Mega2560/libArduinoCore-1.0.a(WString.o)
                0x000000000000b9b4                String::String(String const&)
 .text._ZN6StringC2ERKS_
                0x000000000000b9ca       0x16 /storage/apps/eclipse-avr/workspace/ArduinoCore-1.0/Mega2560/libArduinoCore-1.0.a(WString.o)
                0x000000000000b9ca                String::String(String const&)
 .text._ZN6StringD1Ev
                0x000000000000b9e0        0xc /storage/apps/eclipse-avr/workspace/ArduinoCore-1.0/Mega2560/libArduinoCore-1.0.a(WString.o)
                0x000000000000b9e0                String::~String()
 .text._ZN6StringD2Ev
                0x000000000000b9ec        0xc /storage/apps/eclipse-avr/workspace/ArduinoCore-1.0/Mega2560/libArduinoCore-1.0.a(WString.o)
                0x000000000000b9ec                String::~String()
 .text.__cxa_guard_acquire
                0x000000000000b9f8       0x14 /storage/apps/eclipse-avr/workspace/ArduinoCore-1.0/Mega2560/libArduinoCore-1.0.a(new.o)
                0x000000000000b9f8                __cxa_guard_acquire
 .text.__cxa_guard_release
                0x000000000000ba0c        0x8 /storage/apps/eclipse-avr/workspace/ArduinoCore-1.0/Mega2560/libArduinoCore-1.0.a(new.o)
                0x000000000000ba0c                __cxa_guard_release
 .text.__cxa_guard_abort
                0x000000000000ba14        0x2 /storage/apps/eclipse-avr/workspace/ArduinoCore-1.0/Mega2560/libArduinoCore-1.0.a(new.o)
                0x000000000000ba14                __cxa_guard_abort
 .text.__cxa_pure_virtual
                0x000000000000ba16        0x2 /storage/apps/eclipse-avr/workspace/ArduinoCore-1.0/Mega2560/libArduinoCore-1.0.a(new.o)
                0x000000000000ba16                __cxa_pure_virtual
 .text._ZdlPv   0x000000000000ba18        0x6 /storage/apps/eclipse-avr/workspace/ArduinoCore-1.0/Mega2560/libArduinoCore-1.0.a(new.o)
                0x000000000000ba18                operator delete(void*)
 .text._Znwj    0x000000000000ba1e        0x6 /storage/apps/eclipse-avr/workspace/ArduinoCore-1.0/Mega2560/libArduinoCore-1.0.a(new.o)
                0x000000000000ba1e                operator new(unsigned int)
 .text.__vector_23
                0x000000000000ba24       0xa8 /storage/apps/eclipse-avr/workspace/ArduinoCore-1.0/Mega2560/libArduinoCore-1.0.a(wiring.o)
                0x000000000000ba24                __vector_23
 .text.millis   0x000000000000bacc       0x1c /storage/apps/eclipse-avr/workspace/ArduinoCore-1.0/Mega2560/libArduinoCore-1.0.a(wiring.o)
                0x000000000000bacc                millis
 .text.micros   0x000000000000bae8       0x4c /storage/apps/eclipse-avr/workspace/ArduinoCore-1.0/Mega2560/libArduinoCore-1.0.a(wiring.o)
                0x000000000000bae8                micros
 .text.delay    0x000000000000bb34       0x4c /storage/apps/eclipse-avr/workspace/ArduinoCore-1.0/Mega2560/libArduinoCore-1.0.a(wiring.o)
                0x000000000000bb34                delay
 .text.delayMicroseconds
                0x000000000000bb80       0x14 /storage/apps/eclipse-avr/workspace/ArduinoCore-1.0/Mega2560/libArduinoCore-1.0.a(wiring.o)
                0x000000000000bb80                delayMicroseconds
 .text.init     0x000000000000bb94       0xbe /storage/apps/eclipse-avr/workspace/ArduinoCore-1.0/Mega2560/libArduinoCore-1.0.a(wiring.o)
                0x000000000000bb94                init
 .text.analogReference
                0x000000000000bc52        0x6 /storage/apps/eclipse-avr/workspace/ArduinoCore-1.0/Mega2560/libArduinoCore-1.0.a(wiring_analog.o)
                0x000000000000bc52                analogReference
 .text.analogRead
                0x000000000000bc58       0x68 /storage/apps/eclipse-avr/workspace/ArduinoCore-1.0/Mega2560/libArduinoCore-1.0.a(wiring_analog.o)
                0x000000000000bc58                analogRead
 .text.analogWrite
                0x000000000000bcc0      0x1b6 /storage/apps/eclipse-avr/workspace/ArduinoCore-1.0/Mega2560/libArduinoCore-1.0.a(wiring_analog.o)
                0x000000000000bcc0                analogWrite
 .text.pinMode  0x000000000000be76       0x4c /storage/apps/eclipse-avr/workspace/ArduinoCore-1.0/Mega2560/libArduinoCore-1.0.a(wiring_digital.o)
                0x000000000000be76                pinMode
 .text.turnOffPWM
                0x000000000000bec2       0xe8 /storage/apps/eclipse-avr/workspace/ArduinoCore-1.0/Mega2560/libArduinoCore-1.0.a(wiring_digital.o)
 .text.digitalWrite
                0x000000000000bfaa       0x66 /storage/apps/eclipse-avr/workspace/ArduinoCore-1.0/Mega2560/libArduinoCore-1.0.a(wiring_digital.o)
                0x000000000000bfaa                digitalWrite
 .text.digitalRead
                0x000000000000c010       0x60 /storage/apps/eclipse-avr/workspace/ArduinoCore-1.0/Mega2560/libArduinoCore-1.0.a(wiring_digital.o)
                0x000000000000c010                digitalRead
 .text.libgcc   0x000000000000c070       0x3e /usr/lib/gcc/avr/4.3.5/avr6/libgcc.a(_mulsi3.o)
                0x000000000000c070                __mulsi3
 .text.libgcc   0x000000000000c0ae       0x26 /usr/lib/gcc/avr/4.3.5/avr6/libgcc.a(_divmodhi4.o)
                0x000000000000c0ae                __divmodhi4
                0x000000000000c0ae                _div
 .text.libgcc   0x000000000000c0d4       0x44 /usr/lib/gcc/avr/4.3.5/avr6/libgcc.a(_udivmodsi4.o)
                0x000000000000c0d4                __udivmodsi4
 .text.libgcc   0x000000000000c118       0x36 /usr/lib/gcc/avr/4.3.5/avr6/libgcc.a(_divmodsi4.o)
                0x000000000000c118                __divmodsi4
 .text.libgcc   0x000000000000c14e        0x0 /usr/lib/gcc/avr/4.3.5/avr6/libgcc.a(_exit.o)
 .text.libgcc   0x000000000000c14e        0x0 /usr/lib/gcc/avr/4.3.5/avr6/libgcc.a(_clear_bss.o)
 .text.libgcc   0x000000000000c14e        0x0 /usr/lib/gcc/avr/4.3.5/avr6/libgcc.a(_ctors.o)
 .text.libgcc   0x000000000000c14e       0x28 /usr/lib/gcc/avr/4.3.5/avr6/libgcc.a(_udivmodhi4.o)
                0x000000000000c14e                __udivmodhi4
 .text.libgcc   0x000000000000c176       0x38 /usr/lib/gcc/avr/4.3.5/avr6/libgcc.a(_prologue.o)
                0x000000000000c176                __prologue_saves__
 .text.libgcc   0x000000000000c1ae       0x36 /usr/lib/gcc/avr/4.3.5/avr6/libgcc.a(_epilogue.o)
                0x000000000000c1ae                __epilogue_restores__
 .text.libgcc   0x000000000000c1e4        0xc /usr/lib/gcc/avr/4.3.5/avr6/libgcc.a(_tablejump.o)
                0x000000000000c1e4                __tablejump2__
                0x000000000000c1e8                __tablejump__
 .text.avr-libc
                0x000000000000c1f0      0x20a /usr/lib/gcc/avr/4.3.5/../../../avr/lib/avr6/libc.a(malloc.o)
                0x000000000000c1f0                malloc
                0x000000000000c34a                free
 .text.avr-libc
                0x000000000000c3fa       0xd6 /usr/lib/gcc/avr/4.3.5/../../../avr/lib/avr6/libc.a(random.o)
                0x000000000000c4ae                random_r
                0x000000000000c4b4                random
                0x000000000000c4be                srandom
 .text.avr-libc
                0x000000000000c4d0      0x1b8 /usr/lib/gcc/avr/4.3.5/../../../avr/lib/avr6/libc.a(realloc.o)
                0x000000000000c4d0                realloc
 .text.avr-libc
                0x000000000000c688       0x3c /usr/lib/gcc/avr/4.3.5/../../../avr/lib/avr6/libc.a(atoi.o)
                0x000000000000c688                atoi
 .text.avr-libc
                0x000000000000c6c4       0x4e /usr/lib/gcc/avr/4.3.5/../../../avr/lib/avr6/libc.a(atol.o)
                0x000000000000c6c4                atol
 .text.avr-libc
                0x000000000000c712       0x10 /usr/lib/gcc/avr/4.3.5/../../../avr/lib/avr6/libc.a(isspace.o)
                0x000000000000c712                isspace
 .text.avr-libc
                0x000000000000c722       0x10 /usr/lib/gcc/avr/4.3.5/../../../avr/lib/avr6/libc.a(tolower.o)
                0x000000000000c722                tolower
 .text.avr-libc
                0x000000000000c732       0x10 /usr/lib/gcc/avr/4.3.5/../../../avr/lib/avr6/libc.a(toupper.o)
                0x000000000000c732                toupper
 .text.avr-libc
                0x000000000000c742        0xa /usr/lib/gcc/avr/4.3.5/../../../avr/lib/avr6/libc.a(strtok.o)
                0x000000000000c742                strtok
 .text.avr-libc
                0x000000000000c74c       0x1a /usr/lib/gcc/avr/4.3.5/../../../avr/lib/avr6/libc.a(memcmp.o)
                0x000000000000c74c                memcmp
 .text.avr-libc
                0x000000000000c766       0x12 /usr/lib/gcc/avr/4.3.5/../../../avr/lib/avr6/libc.a(memcpy.o)
                0x000000000000c766                memcpy
 .text.avr-libc
                0x000000000000c778       0x24 /usr/lib/gcc/avr/4.3.5/../../../avr/lib/avr6/libc.a(memmove.o)
                0x000000000000c778                memmove
 .text.avr-libc
                0x000000000000c79c        0xe /usr/lib/gcc/avr/4.3.5/../../../avr/lib/avr6/libc.a(memset.o)
                0x000000000000c79c                memset
 .text.avr-libc
                0x000000000000c7aa       0x16 /usr/lib/gcc/avr/4.3.5/../../../avr/lib/avr6/libc.a(strchr.o)
                0x000000000000c7aa                strchr
 .text.avr-libc
                0x000000000000c7c0       0x12 /usr/lib/gcc/avr/4.3.5/../../../avr/lib/avr6/libc.a(strcmp.o)
                0x000000000000c7c0                strcmp
 .text.avr-libc
                0x000000000000c7d2        0xe /usr/lib/gcc/avr/4.3.5/../../../avr/lib/avr6/libc.a(strcpy.o)
                0x000000000000c7d2                strcpy
 .text.avr-libc
                0x000000000000c7e0       0x1c /usr/lib/gcc/avr/4.3.5/../../../avr/lib/avr6/libc.a(strncmp.o)
                0x000000000000c7e0                strncmp
 .text.avr-libc
                0x000000000000c7fc       0x1e /usr/lib/gcc/avr/4.3.5/../../../avr/lib/avr6/libc.a(strncpy.o)
                0x000000000000c7fc                strncpy
 .text.avr-libc
                0x000000000000c81a       0x16 /usr/lib/gcc/avr/4.3.5/../../../avr/lib/avr6/libc.a(strrchr.o)
                0x000000000000c81a                strrchr
 .text.avr-libc
                0x000000000000c830       0x34 /usr/lib/gcc/avr/4.3.5/../../../avr/lib/avr6/libc.a(strstr.o)
                0x000000000000c830                strstr
 .text.avr-libc
                0x000000000000c864       0x4e /usr/lib/gcc/avr/4.3.5/../../../avr/lib/avr6/libc.a(strtok_r.o)
                0x000000000000c864                strtok_r
 .text.avr-libc
                0x000000000000c8b2       0x42 /usr/lib/gcc/avr/4.3.5/../../../avr/lib/avr6/libc.a(itoa.o)
                0x000000000000c8b2                itoa
 .text.avr-libc
                0x000000000000c8f4       0x68 /usr/lib/gcc/avr/4.3.5/../../../avr/lib/avr6/libc.a(ltoa.o)
                0x000000000000c8f4                ltoa
 .text.avr-libc
                0x000000000000c95c       0x2a /usr/lib/gcc/avr/4.3.5/../../../avr/lib/avr6/libc.a(mulsi10.o)
                0x000000000000c95c                __mulsi_const_10
 .text.avr-libc
                0x000000000000c986       0x10 /usr/lib/gcc/avr/4.3.5/../../../avr/lib/avr6/libc.a(mul10.o)
                0x000000000000c986                __mulhi_const_10
 .text.avr-libc
                0x000000000000c996       0x4a /usr/lib/gcc/avr/4.3.5/../../../avr/lib/avr6/libc.a(ultoa.o)
                0x000000000000c996                ultoa
 .text.avr-libc
                0x000000000000c9e0       0x2c /usr/lib/gcc/avr/4.3.5/../../../avr/lib/avr6/libc.a(utoa.o)
                0x000000000000c9e0                utoa
 .text.avr-libc
                0x000000000000ca0c       0x62 /usr/lib/gcc/avr/4.3.5/../../../avr/lib/avr6/libc.a(sprintf.o)
                0x000000000000ca0c                sprintf
 .text.avr-libc
                0x000000000000ca6e      0x40c /usr/lib/gcc/avr/4.3.5/../../../avr/lib/avr6/libc.a(vfprintf_std.o)
                0x000000000000ca6e                vfprintf
 .text.avr-libc
                0x000000000000ce7a        0x6 /usr/lib/gcc/avr/4.3.5/../../../avr/lib/avr6/libc.a(cty_isfalse.o)
                0x000000000000ce7a                __ctype_isfalse
                0x000000000000ce7e                __ctype_istrue
 .text.avr-libc
                0x000000000000ce80       0x16 /usr/lib/gcc/avr/4.3.5/../../../avr/lib/avr6/libc.a(strnlen_P.o)
                0x000000000000ce80                strnlen_P
 .text.avr-libc
                0x000000000000ce96       0x16 /usr/lib/gcc/avr/4.3.5/../../../avr/lib/avr6/libc.a(strnlen.o)
                0x000000000000ce96                strnlen
 .text.avr-libc
                0x000000000000ceac       0x20 /usr/lib/gcc/avr/4.3.5/../../../avr/lib/avr6/libc.a(strrev.o)
                0x000000000000ceac                strrev
 .text.avr-libc
                0x000000000000cecc       0x58 /usr/lib/gcc/avr/4.3.5/../../../avr/lib/avr6/libc.a(fputc.o)
                0x000000000000cecc                fputc
 .text.avr-libc
                0x000000000000cf24       0xbc /usr/lib/gcc/avr/4.3.5/../../../avr/lib/avr6/libc.a(ultoa_invert.o)
                0x000000000000cf24                __ultoa_invert
                0x000000000000cfe0                . = ALIGN (0x2)
 *(.fini9)
 .fini9         0x000000000000cfe0        0x0 /usr/lib/gcc/avr/4.3.5/avr6/libgcc.a(_exit.o)
                0x000000000000cfe0                exit
                0x000000000000cfe0                _exit
 *(.fini9)
 *(.fini8)
 *(.fini8)
 *(.fini7)
 *(.fini7)
 *(.fini6)
 *(.fini6)
 *(.fini5)
 *(.fini5)
 *(.fini4)
 *(.fini4)
 *(.fini3)
 *(.fini3)
 *(.fini2)
 *(.fini2)
 *(.fini1)
 *(.fini1)
 *(.fini0)
 .fini0         0x000000000000cfe0        0x4 /usr/lib/gcc/avr/4.3.5/avr6/libgcc.a(_exit.o)
 *(.fini0)
                0x000000000000cfe4                _etext = .

.data           0x0000000000800200      0x3ae load address 0x000000000000cfe4
                0x0000000000800200                PROVIDE (__data_start, .)
 *(.data)
 .data          0x0000000000800200        0x0 /usr/lib/gcc/avr/4.3.5/../../../avr/lib/avr6/crtm2560.o
 .data          0x0000000000800200        0x0 ./src/Config.o
 .data          0x0000000000800200        0x0 ./src/DallasTemperature.o
 .data          0x0000000000800200       0x10 ./src/OneWire.o
 .data          0x0000000000800210      0x14d ./src/main.o
                0x000000000080034f                sdcardPin
                0x0000000000800351                ethernetPin
                0x0000000000800353                mac
                0x0000000000800359                ip
 .data          0x000000000080035d        0x0 ./arduinolib/SPI/SPI.o
 .data          0x000000000080035d        0x0 ./arduinolib/Ethernet/utility/socket.o
 .data          0x000000000080035d        0x0 ./arduinolib/Ethernet/utility/w5100.o
 .data          0x000000000080035d        0xd ./arduinolib/Ethernet/Dhcp.o
                0x0000000000800364                vtable for Printable
 .data          0x000000000080036a        0x6 ./arduinolib/Ethernet/Dns.o
 .data          0x0000000000800370        0x6 ./arduinolib/Ethernet/Ethernet.o
 .data          0x0000000000800376       0x50 ./arduinolib/Ethernet/EthernetClient.o
                0x0000000000800376                EthernetClient::_srcport
                0x0000000000800378                vtable for EthernetClient
                0x000000000080039a                vtable for Client
                0x00000000008003b6                vtable for Stream
 .data          0x00000000008003c6       0x40 ./arduinolib/Ethernet/EthernetServer.o
                0x00000000008003c6                vtable for EthernetServer
                0x00000000008003fc                vtable for Server
 .data          0x0000000000800406       0x5e ./arduinolib/Ethernet/EthernetUdp.o
                0x0000000000800406                vtable for EthernetUDP
                0x0000000000800430                vtable for UDP
 .data          0x0000000000800464        0x0 /storage/apps/eclipse-avr/workspace/ArduinoCore-1.0/Mega2560/libArduinoCore-1.0.a(HardwareSerial.o)
 .data          0x0000000000800464        0x0 /storage/apps/eclipse-avr/workspace/ArduinoCore-1.0/Mega2560/libArduinoCore-1.0.a(IPAddress.o)
 .data          0x0000000000800464        0x2 /storage/apps/eclipse-avr/workspace/ArduinoCore-1.0/Mega2560/libArduinoCore-1.0.a(Print.o)
 .data          0x0000000000800466        0x0 /storage/apps/eclipse-avr/workspace/ArduinoCore-1.0/Mega2560/libArduinoCore-1.0.a(WMath.o)
 .data          0x0000000000800466        0x1 /storage/apps/eclipse-avr/workspace/ArduinoCore-1.0/Mega2560/libArduinoCore-1.0.a(WString.o)
 .data          0x0000000000800467        0x0 /storage/apps/eclipse-avr/workspace/ArduinoCore-1.0/Mega2560/libArduinoCore-1.0.a(new.o)
 .data          0x0000000000800467        0x0 /storage/apps/eclipse-avr/workspace/ArduinoCore-1.0/Mega2560/libArduinoCore-1.0.a(wiring.o)
 .data          0x0000000000800467        0x0 /storage/apps/eclipse-avr/workspace/ArduinoCore-1.0/Mega2560/libArduinoCore-1.0.a(wiring_analog.o)
 .data          0x0000000000800467        0x0 /storage/apps/eclipse-avr/workspace/ArduinoCore-1.0/Mega2560/libArduinoCore-1.0.a(wiring_digital.o)
 .data          0x0000000000800467        0x0 /usr/lib/gcc/avr/4.3.5/avr6/libgcc.a(_mulsi3.o)
 .data          0x0000000000800467        0x0 /usr/lib/gcc/avr/4.3.5/avr6/libgcc.a(_divmodhi4.o)
 .data          0x0000000000800467        0x0 /usr/lib/gcc/avr/4.3.5/avr6/libgcc.a(_udivmodsi4.o)
 .data          0x0000000000800467        0x0 /usr/lib/gcc/avr/4.3.5/avr6/libgcc.a(_divmodsi4.o)
 .data          0x0000000000800467        0x0 /usr/lib/gcc/avr/4.3.5/avr6/libgcc.a(_exit.o)
 .data          0x0000000000800467        0x0 /usr/lib/gcc/avr/4.3.5/avr6/libgcc.a(_clear_bss.o)
 .data          0x0000000000800467        0x0 /usr/lib/gcc/avr/4.3.5/avr6/libgcc.a(_ctors.o)
 .data          0x0000000000800467        0x0 /usr/lib/gcc/avr/4.3.5/avr6/libgcc.a(_fixunssfsi.o)
 .data          0x0000000000800467        0x0 /usr/lib/gcc/avr/4.3.5/avr6/libgcc.a(_addsub_sf.o)
 .data          0x0000000000800467        0x0 /usr/lib/gcc/avr/4.3.5/avr6/libgcc.a(_mul_sf.o)
 .data          0x0000000000800467        0x0 /usr/lib/gcc/avr/4.3.5/avr6/libgcc.a(_div_sf.o)
 .data          0x0000000000800467        0x0 /usr/lib/gcc/avr/4.3.5/avr6/libgcc.a(_ge_sf.o)
 .data          0x0000000000800467        0x0 /usr/lib/gcc/avr/4.3.5/avr6/libgcc.a(_lt_sf.o)
 .data          0x0000000000800467        0x0 /usr/lib/gcc/avr/4.3.5/avr6/libgcc.a(_si_to_sf.o)
 .data          0x0000000000800467        0x0 /usr/lib/gcc/avr/4.3.5/avr6/libgcc.a(_sf_to_si.o)
 .data          0x0000000000800467        0x8 /usr/lib/gcc/avr/4.3.5/avr6/libgcc.a(_thenan_sf.o)
                0x0000000000800467                __thenan_sf
 .data          0x000000000080046f        0x0 /usr/lib/gcc/avr/4.3.5/avr6/libgcc.a(_usi_to_sf.o)
 .data          0x000000000080046f        0x0 /usr/lib/gcc/avr/4.3.5/avr6/libgcc.a(_udivmodhi4.o)
 .data          0x000000000080046f        0x0 /usr/lib/gcc/avr/4.3.5/avr6/libgcc.a(_prologue.o)
 .data          0x000000000080046f        0x0 /usr/lib/gcc/avr/4.3.5/avr6/libgcc.a(_epilogue.o)
 .data          0x000000000080046f        0x0 /usr/lib/gcc/avr/4.3.5/avr6/libgcc.a(_tablejump.o)
 .data          0x000000000080046f        0x0 /usr/lib/gcc/avr/4.3.5/avr6/libgcc.a(_clzsi2.o)
 .data          0x000000000080046f        0x0 /usr/lib/gcc/avr/4.3.5/avr6/libgcc.a(_pack_sf.o)
 .data          0x000000000080046f        0x0 /usr/lib/gcc/avr/4.3.5/avr6/libgcc.a(_unpack_sf.o)
 .data          0x000000000080046f        0x0 /usr/lib/gcc/avr/4.3.5/avr6/libgcc.a(_fpcmp_parts_sf.o)
 .data          0x000000000080046f      0x100 /usr/lib/gcc/avr/4.3.5/avr6/libgcc.a(_clz.o)
                0x000000000080046f                __clz_tab
 .data          0x000000000080056f        0x6 /usr/lib/gcc/avr/4.3.5/../../../avr/lib/avr6/libc.a(malloc.o)
                0x000000000080056f                __malloc_margin
                0x0000000000800571                __malloc_heap_start
                0x0000000000800573                __malloc_heap_end
 .data          0x0000000000800575        0x4 /usr/lib/gcc/avr/4.3.5/../../../avr/lib/avr6/libc.a(random.o)