Archive member included because of file (symbol)

/storage/apps/eclipse-avr/workspace/ArduinoCore-1.0/Mega2560/libArduinoCore-1.0.a(HardwareSerial.o)
                              ./src/main.o (_ZN14HardwareSerial9availableEv)
/storage/apps/eclipse-avr/workspace/ArduinoCore-1.0/Mega2560/libArduinoCore-1.0.a(IPAddress.o)
                              ./arduinolib/Ethernet/Dhcp.o (_ZTV9IPAddress)
/storage/apps/eclipse-avr/workspace/ArduinoCore-1.0/Mega2560/libArduinoCore-1.0.a(Print.o)
                              ./arduinolib/Wire/Wire.o (_ZN5Print5writeEPKhj)
/storage/apps/eclipse-avr/workspace/ArduinoCore-1.0/Mega2560/libArduinoCore-1.0.a(WMath.o)
                              ./arduinolib/Ethernet/Dhcp.o (_Z6randomll)
/storage/apps/eclipse-avr/workspace/ArduinoCore-1.0/Mega2560/libArduinoCore-1.0.a(WString.o)
                              ./src/main.o (_ZN6StringD2Ev)
/storage/apps/eclipse-avr/workspace/ArduinoCore-1.0/Mega2560/libArduinoCore-1.0.a(new.o)
                              ./arduinolib/Wire/Wire.o (__cxa_pure_virtual)
/storage/apps/eclipse-avr/workspace/ArduinoCore-1.0/Mega2560/libArduinoCore-1.0.a(wiring.o)
                              ./src/main.o (millis)
/storage/apps/eclipse-avr/workspace/ArduinoCore-1.0/Mega2560/libArduinoCore-1.0.a(wiring_analog.o)
                              ./src/main.o (analogRead)
/storage/apps/eclipse-avr/workspace/ArduinoCore-1.0/Mega2560/libArduinoCore-1.0.a(wiring_digital.o)
                              ./src/main.o (pinMode)
/usr/lib/gcc/avr/4.5.3/avr6/libgcc.a(_mulsi3.o)
                              ./lib/Chronodot.o (__mulsi3)
/usr/lib/gcc/avr/4.5.3/avr6/libgcc.a(_udivmodqi4.o)
                              ./lib/Chronodot.o (__udivmodqi4)
/usr/lib/gcc/avr/4.5.3/avr6/libgcc.a(_udivmodhi4.o)
                              ./lib/Chronodot.o (__udivmodhi4)
/usr/lib/gcc/avr/4.5.3/avr6/libgcc.a(_divmodhi4.o)
                              /storage/apps/eclipse-avr/workspace/ArduinoCore-1.0/Mega2560/libArduinoCore-1.0.a(HardwareSerial.o) (__divmodhi4)
/usr/lib/gcc/avr/4.5.3/avr6/libgcc.a(_udivmodsi4.o)
                              ./lib/Chronodot.o (__udivmodsi4)
/usr/lib/gcc/avr/4.5.3/avr6/libgcc.a(_divmodsi4.o)
                              /storage/apps/eclipse-avr/workspace/ArduinoCore-1.0/Mega2560/libArduinoCore-1.0.a(WMath.o) (__divmodsi4)
/usr/lib/gcc/avr/4.5.3/avr6/libgcc.a(_exit.o)
                              /usr/lib/gcc/avr/4.5.3/../../../avr/lib/avr6/crtm2560.o (exit)
/usr/lib/gcc/avr/4.5.3/avr6/libgcc.a(_copy_data.o)
                              ./src/Config.o (__do_copy_data)
/usr/lib/gcc/avr/4.5.3/avr6/libgcc.a(_clear_bss.o)
                              ./src/Config.o (__do_clear_bss)
/usr/lib/gcc/avr/4.5.3/avr6/libgcc.a(_ctors.o)
                              ./src/Config.o (__do_global_ctors)
/usr/lib/gcc/avr/4.5.3/avr6/libgcc.a(_dtors.o)
                              ./src/main.o (__do_global_dtors)
/usr/lib/gcc/avr/4.5.3/avr6/libgcc.a(_fixunssfsi.o)
                              /storage/apps/eclipse-avr/workspace/ArduinoCore-1.0/Mega2560/libArduinoCore-1.0.a(Print.o) (__fixunssfsi)
/usr/lib/gcc/avr/4.5.3/avr6/libgcc.a(_addsub_sf.o)
                              ./src/main.o (__addsf3)
/usr/lib/gcc/avr/4.5.3/avr6/libgcc.a(_mul_sf.o)
                              ./lib/Chronodot.o (__mulsf3)
/usr/lib/gcc/avr/4.5.3/avr6/libgcc.a(_div_sf.o)
                              ./lib/Chronodot.o (__divsf3)
/usr/lib/gcc/avr/4.5.3/avr6/libgcc.a(_ge_sf.o)
                              /usr/lib/gcc/avr/4.5.3/avr6/libgcc.a(_fixunssfsi.o) (__gesf2)
/usr/lib/gcc/avr/4.5.3/avr6/libgcc.a(_lt_sf.o)
                              /storage/apps/eclipse-avr/workspace/ArduinoCore-1.0/Mega2560/libArduinoCore-1.0.a(Print.o) (__ltsf2)
/usr/lib/gcc/avr/4.5.3/avr6/libgcc.a(_si_to_sf.o)
                              ./lib/Chronodot.o (__floatsisf)
/usr/lib/gcc/avr/4.5.3/avr6/libgcc.a(_sf_to_si.o)
                              ./lib/Chronodot.o (__fixsfsi)
/usr/lib/gcc/avr/4.5.3/avr6/libgcc.a(_thenan_sf.o)
                              /usr/lib/gcc/avr/4.5.3/avr6/libgcc.a(_addsub_sf.o) (__thenan_sf)
/usr/lib/gcc/avr/4.5.3/avr6/libgcc.a(_usi_to_sf.o)
                              ./lib/DallasTemperature.o (__floatunsisf)
/usr/lib/gcc/avr/4.5.3/avr6/libgcc.a(_prologue.o)
                              /usr/lib/gcc/avr/4.5.3/avr6/libgcc.a(_addsub_sf.o) (__prologue_saves__)
/usr/lib/gcc/avr/4.5.3/avr6/libgcc.a(_epilogue.o)
                              /usr/lib/gcc/avr/4.5.3/avr6/libgcc.a(_addsub_sf.o) (__epilogue_restores__)
/usr/lib/gcc/avr/4.5.3/avr6/libgcc.a(_tablejump_elpm.o)
                              /usr/lib/gcc/avr/4.5.3/avr6/libgcc.a(_ctors.o) (__tablejump_elpm__)
/usr/lib/gcc/avr/4.5.3/avr6/libgcc.a(_clzsi2.o)
                              /usr/lib/gcc/avr/4.5.3/avr6/libgcc.a(_si_to_sf.o) (__clzsi2)
/usr/lib/gcc/avr/4.5.3/avr6/libgcc.a(_pack_sf.o)
                              /usr/lib/gcc/avr/4.5.3/avr6/libgcc.a(_addsub_sf.o) (__pack_f)
[...]
Memory Configuration

Name             Origin             Length             Attributes
text             0x0000000000000000 0x0000000000100000 xr
data             0x0000000000800200 0x000000000000fe00 rw !x
eeprom           0x0000000000810000 0x0000000000010000 rw !x
fuse             0x0000000000820000 0x0000000000000400 rw !x
lock             0x0000000000830000 0x0000000000000400 rw !x
signature        0x0000000000840000 0x0000000000000400 rw !x
*default*        0x0000000000000000 0xffffffffffffffff

Linker script and memory map

Address of section .data set to 0x800200
LOAD /usr/lib/gcc/avr/4.5.3/../../../avr/lib/avr6/crtm2560.o
LOAD ./src/Config.o
LOAD ./src/Gateway.o
LOAD ./src/IpAddress.o
LOAD ./src/Netmask.o
LOAD ./src/main.o
LOAD ./lib/Chronodot.o
LOAD ./lib/DallasTemperature.o
LOAD ./lib/OneWire.o
LOAD ./arduinolib/Wire/utility/twi.o
LOAD ./arduinolib/Wire/Wire.o
LOAD ./arduinolib/SPI/SPI.o
LOAD ./arduinolib/Ethernet/utility/socket.o
LOAD ./arduinolib/Ethernet/utility/w5100.o
LOAD ./arduinolib/Ethernet/Dhcp.o
LOAD ./arduinolib/Ethernet/Dns.o
LOAD ./arduinolib/Ethernet/Ethernet.o
LOAD ./arduinolib/Ethernet/EthernetClient.o
LOAD ./arduinolib/Ethernet/EthernetServer.o
LOAD ./arduinolib/Ethernet/EthernetUdp.o
LOAD ./arduinolib/EEPROM/EEPROM.o
LOAD /storage/apps/eclipse-avr/workspace/ArduinoCore-1.0/Mega2560/libArduinoCore-1.0.a
LOAD /usr/lib/gcc/avr/4.5.3/avr6/libgcc.a
LOAD /usr/lib/gcc/avr/4.5.3/../../../avr/lib/avr6/libm.a
LOAD /usr/lib/gcc/avr/4.5.3/avr6/libgcc.a
LOAD /usr/lib/gcc/avr/4.5.3/../../../avr/lib/avr6/libc.a
LOAD /usr/lib/gcc/avr/4.5.3/avr6/libgcc.a

.hash
 *(.hash)

.dynsym
 *(.dynsym)

.dynstr
 *(.dynstr)

.gnu.version
 *(.gnu.version)

.gnu.version_d
 *(.gnu.version_d)

.gnu.version_r
 *(.gnu.version_r)

.rel.init
 *(.rel.init)

.rela.init
 *(.rela.init)

.rel.text
 *(.rel.text)
 *(.rel.text.*)
 *(.rel.gnu.linkonce.t*)

.rela.text
 *(.rela.text)
 *(.rela.text.*)
 *(.rela.gnu.linkonce.t*)

.rel.fini
 *(.rel.fini)

.rela.fini
 *(.rela.fini)

.rel.rodata
 *(.rel.rodata)
 *(.rel.rodata.*)
 *(.rel.gnu.linkonce.r*)

.rela.rodata
 *(.rela.rodata)
 *(.rela.rodata.*)
 *(.rela.gnu.linkonce.r*)

.rel.data
 *(.rel.data)
 *(.rel.data.*)
 *(.rel.gnu.linkonce.d*)

.rela.data
 *(.rela.data)
 *(.rela.data.*)
 *(.rela.gnu.linkonce.d*)

.rel.ctors
 *(.rel.ctors)

.rela.ctors
 *(.rela.ctors)

.rel.dtors
 *(.rel.dtors)

.rela.dtors
 *(.rela.dtors)

.rel.got
 *(.rel.got)

.rela.got
 *(.rela.got)

.rel.bss
 *(.rel.bss)

.rela.bss
 *(.rela.bss)

.rel.plt
 *(.rel.plt)

.rela.plt
 *(.rela.plt)

.text           0x0000000000000000    0x111aa
 *(.vectors)
 .vectors       0x0000000000000000       0xe4 /usr/lib/gcc/avr/4.5.3/../../../avr/lib/avr6/crtm2560.o
                0x0000000000000000                __vectors
                0x0000000000000000                __vector_default
 *(.vectors)
 *(.progmem.gcc*)
 .progmem.gcc_sw_table
                0x00000000000000e4      0x1f2 ./arduinolib/Wire/utility/twi.o
 *(.progmem*)
 .progmem.data  0x00000000000002d6        0xc ./lib/Chronodot.o
 .progmem.data  0x00000000000002e2      0x100 ./lib/OneWire.o
 .progmem.data  0x00000000000003e2      0x120 /storage/apps/eclipse-avr/workspace/ArduinoCore-1.0/Mega2560/libArduinoCore-1.0.a(wiring_digital.o)
                0x00000000000003e2                port_to_mode_PGM
                0x00000000000003fc                port_to_output_PGM
                0x0000000000000416                port_to_input_PGM
                0x0000000000000430                digital_pin_to_port_PGM
                0x0000000000000476                digital_pin_to_bit_mask_PGM
                0x00000000000004bc                digital_pin_to_timer_PGM
 .progmem.data  0x0000000000000502       0x3b /usr/lib/gcc/avr/4.5.3/../../../avr/lib/avr6/libc.a(strtod.o)
 .progmem.data  0x000000000000053d       0xfa /usr/lib/gcc/avr/4.5.3/../../../avr/lib/avr6/libc.a(ftoa_engine.o)
                0x0000000000000638                . = ALIGN (0x2)
 *fill*         0x0000000000000637        0x1 00
                0x0000000000000638                __trampolines_start = .
 *(.trampolines)
 .trampolines   0x0000000000000638        0x0 linker stubs
 *(.trampolines*)
                0x0000000000000638                __trampolines_end = .
 *(.jumptables)
 *(.jumptables*)
 *(.lowtext)
 *(.lowtext*)
                0x0000000000000638                __ctors_start = .
 *(.ctors)
 .ctors         0x0000000000000638        0x2 ./src/Config.o
 .ctors         0x000000000000063a        0x2 ./src/main.o
 .ctors         0x000000000000063c        0x2 ./arduinolib/Wire/Wire.o
 .ctors         0x000000000000063e        0x2 ./arduinolib/Ethernet/Dhcp.o
 .ctors         0x0000000000000640        0x2 ./arduinolib/Ethernet/Dns.o
 .ctors         0x0000000000000642        0x2 ./arduinolib/Ethernet/Ethernet.o
 .ctors         0x0000000000000644        0x2 ./arduinolib/Ethernet/EthernetClient.o
 .ctors         0x0000000000000646        0x2 ./arduinolib/Ethernet/EthernetServer.o
 .ctors         0x0000000000000648        0x2 ./arduinolib/Ethernet/EthernetUdp.o
 .ctors         0x000000000000064a        0x2 /storage/apps/eclipse-avr/workspace/ArduinoCore-1.0/Mega2560/libArduinoCore-1.0.a(HardwareSerial.o)
 .ctors         0x000000000000064c        0x2 /storage/apps/eclipse-avr/workspace/ArduinoCore-1.0/Mega2560/libArduinoCore-1.0.a(IPAddress.o)
                0x000000000000064e                __ctors_end = .
                0x000000000000064e                __dtors_start = .
 *(.dtors)
 .dtors         0x000000000000064e        0x2 ./src/main.o
                0x0000000000000650                __dtors_end = .
 SORT(*)(.ctors)
 SORT(*)(.dtors)
 *(.init0)
 .init0         0x0000000000000650        0x0 /usr/lib/gcc/avr/4.5.3/../../../avr/lib/avr6/crtm2560.o
                0x0000000000000650                __init
 *(.init0)
 *(.init1)
 *(.init1)
 *(.init2)
 .init2         0x0000000000000650       0x10 /usr/lib/gcc/avr/4.5.3/../../../avr/lib/avr6/crtm2560.o
 *(.init2)
 *(.init3)
 *(.init3)
 *(.init4)
 .init4         0x0000000000000660       0x1a /usr/lib/gcc/avr/4.5.3/avr6/libgcc.a(_copy_data.o)
                0x0000000000000660                __do_copy_data
 .init4         0x000000000000067a       0x10 /usr/lib/gcc/avr/4.5.3/avr6/libgcc.a(_clear_bss.o)
                0x000000000000067a                __do_clear_bss
 *(.init4)
 *(.init5)
 *(.init5)
 *(.init6)
 .init6         0x000000000000068a       0x20 /usr/lib/gcc/avr/4.5.3/avr6/libgcc.a(_ctors.o)
                0x000000000000068a                __do_global_ctors
 *(.init6)
 *(.init7)
 *(.init7)
 *(.init8)
 *(.init8)
 *(.init9)
 .init9         0x00000000000006aa        0x8 /usr/lib/gcc/avr/4.5.3/../../../avr/lib/avr6/crtm2560.o
 *(.init9)
 *(.text)
 .text          0x00000000000006b2        0x4 /usr/lib/gcc/avr/4.5.3/../../../avr/lib/avr6/crtm2560.o
                0x00000000000006b2                __vector_38
                0x00000000000006b2                __vector_22
                0x00000000000006b2                __vector_28
                0x00000000000006b2                __vector_1
                0x00000000000006b2                __vector_32
                0x00000000000006b2                __vector_34
                0x00000000000006b2                __vector_24
                0x00000000000006b2                __vector_12
                0x00000000000006b2                __vector_46
                0x00000000000006b2                __bad_interrupt
                0x00000000000006b2                __vector_6
                0x00000000000006b2                __vector_31
                0x00000000000006b2                __vector_35
                0x00000000000006b2                __vector_3
                0x00000000000006b2                __vector_30
                0x00000000000006b2                __vector_45
                0x00000000000006b2                __vector_11
                0x00000000000006b2                __vector_13
                0x00000000000006b2                __vector_17
                0x00000000000006b2                __vector_19
                0x00000000000006b2                __vector_56
                0x00000000000006b2                __vector_7
                0x00000000000006b2                __vector_49
                0x00000000000006b2                __vector_41
                0x00000000000006b2                __vector_43
                0x00000000000006b2                __vector_27
                0x00000000000006b2                __vector_5
                0x00000000000006b2                __vector_33
                0x00000000000006b2                __vector_47
                0x00000000000006b2                __vector_4
                0x00000000000006b2                __vector_44
                0x00000000000006b2                __vector_9
                0x00000000000006b2                __vector_2
                0x00000000000006b2                __vector_21
                0x00000000000006b2                __vector_15
                0x00000000000006b2                __vector_29
                0x00000000000006b2                __vector_40
                0x00000000000006b2                __vector_8
                0x00000000000006b2                __vector_48
                0x00000000000006b2                __vector_14
                0x00000000000006b2                __vector_53
                0x00000000000006b2                __vector_10
                0x00000000000006b2                __vector_50
                0x00000000000006b2                __vector_16
                0x00000000000006b2                __vector_18
                0x00000000000006b2                __vector_20
                0x00000000000006b2                __vector_42
 .text          0x00000000000006b6        0x0 ./src/Config.o
 .text          0x00000000000006b6        0x0 ./src/Gateway.o
 .text          0x00000000000006b6        0x0 ./src/IpAddress.o
 .text          0x00000000000006b6        0x0 ./src/Netmask.o
 .text          0x00000000000006b6        0x0 ./src/main.o
 .text          0x00000000000006b6        0x0 ./lib/Chronodot.o
 .text          0x00000000000006b6        0x0 ./lib/DallasTemperature.o
 .text          0x00000000000006b6        0x0 ./lib/OneWire.o
 .text          0x00000000000006b6        0x0 ./arduinolib/Wire/utility/twi.o
 .text          0x00000000000006b6        0x0 ./arduinolib/Wire/Wire.o
 .text          0x00000000000006b6        0x0 ./arduinolib/SPI/SPI.o
 .text          0x00000000000006b6        0x0 ./arduinolib/Ethernet/utility/socket.o
 .text          0x00000000000006b6        0x0 ./arduinolib/Ethernet/utility/w5100.o
 .text          0x00000000000006b6        0x0 ./arduinolib/Ethernet/Dhcp.o
 .text          0x00000000000006b6        0x0 ./arduinolib/Ethernet/Dns.o
 .text          0x00000000000006b6        0x0 ./arduinolib/Ethernet/Ethernet.o
 .text          0x00000000000006b6        0x0 ./arduinolib/Ethernet/EthernetClient.o
 .text          0x00000000000006b6        0x0 ./arduinolib/Ethernet/EthernetServer.o
 .text          0x00000000000006b6        0x0 ./arduinolib/Ethernet/EthernetUdp.o
 .text          0x00000000000006b6        0x0 ./arduinolib/EEPROM/EEPROM.o
 .text          0x00000000000006b6        0x0 /storage/apps/eclipse-avr/workspace/ArduinoCore-1.0/Mega2560/libArduinoCore-1.0.a(HardwareSerial.o)
 .text          0x00000000000006b6        0x0 /storage/apps/eclipse-avr/workspace/ArduinoCore-1.0/Mega2560/libArduinoCore-1.0.a(IPAddress.o)
 .text          0x00000000000006b6        0x0 /storage/apps/eclipse-avr/workspace/ArduinoCore-1.0/Mega2560/libArduinoCore-1.0.a(Print.o)
 .text          0x00000000000006b6        0x0 /storage/apps/eclipse-avr/workspace/ArduinoCore-1.0/Mega2560/libArduinoCore-1.0.a(WMath.o)
 .text          0x00000000000006b6        0x0 /storage/apps/eclipse-avr/workspace/ArduinoCore-1.0/Mega2560/libArduinoCore-1.0.a(WString.o)
 .text          0x00000000000006b6        0x0 /storage/apps/eclipse-avr/workspace/ArduinoCore-1.0/Mega2560/libArduinoCore-1.0.a(new.o)
 .text          0x00000000000006b6        0x0 /storage/apps/eclipse-avr/workspace/ArduinoCore-1.0/Mega2560/libArduinoCore-1.0.a(wiring.o)
 .text          0x00000000000006b6        0x0 /storage/apps/eclipse-avr/workspace/ArduinoCore-1.0/Mega2560/libArduinoCore-1.0.a(wiring_analog.o)
 .text          0x00000000000006b6        0x0 /storage/apps/eclipse-avr/workspace/ArduinoCore-1.0/Mega2560/libArduinoCore-1.0.a(wiring_digital.o)
 .text          0x00000000000006b6        0x0 /usr/lib/gcc/avr/4.5.3/avr6/libgcc.a(_mulsi3.o)
 .text          0x00000000000006b6        0x0 /usr/lib/gcc/avr/4.5.3/avr6/libgcc.a(_udivmodqi4.o)
 .text          0x00000000000006b6        0x0 /usr/lib/gcc/avr/4.5.3/avr6/libgcc.a(_udivmodhi4.o)
 .text          0x00000000000006b6        0x0 /usr/lib/gcc/avr/4.5.3/avr6/libgcc.a(_divmodhi4.o)
 .text          0x00000000000006b6        0x0 /usr/lib/gcc/avr/4.5.3/avr6/libgcc.a(_udivmodsi4.o)
 .text          0x00000000000006b6        0x0 /usr/lib/gcc/avr/4.5.3/avr6/libgcc.a(_divmodsi4.o)
 .text          0x00000000000006b6        0x0 /usr/lib/gcc/avr/4.5.3/avr6/libgcc.a(_exit.o)
 .text          0x00000000000006b6        0x0 /usr/lib/gcc/avr/4.5.3/avr6/libgcc.a(_copy_data.o)
 .text          0x00000000000006b6        0x0 /usr/lib/gcc/avr/4.5.3/avr6/libgcc.a(_clear_bss.o)
 .text          0x00000000000006b6        0x0 /usr/lib/gcc/avr/4.5.3/avr6/libgcc.a(_ctors.o)
 .text          0x00000000000006b6        0x0 /usr/lib/gcc/avr/4.5.3/avr6/libgcc.a(_dtors.o)
 .text          0x00000000000006b6       0x58 /usr/lib/gcc/avr/4.5.3/avr6/libgcc.a(_fixunssfsi.o)
                0x00000000000006b6                __fixunssfsi
 .text          0x000000000000070e      0x350 /usr/lib/gcc/avr/4.5.3/avr6/libgcc.a(_addsub_sf.o)
                0x00000000000009a2                __addsf3
                0x00000000000009fc                __subsf3
 .text          0x0000000000000a5e      0x1f4 /usr/lib/gcc/avr/4.5.3/avr6/libgcc.a(_mul_sf.o)
                0x0000000000000a5e                __mulsf3
 .text          0x0000000000000c52      0x15c /usr/lib/gcc/avr/4.5.3/avr6/libgcc.a(_div_sf.o)
                0x0000000000000c52                __divsf3
 .text          0x0000000000000dae       0x60 /usr/lib/gcc/avr/4.5.3/avr6/libgcc.a(_ge_sf.o)
                0x0000000000000dae                __gesf2
 .text          0x0000000000000e0e       0x60 /usr/lib/gcc/avr/4.5.3/avr6/libgcc.a(_lt_sf.o)
                0x0000000000000e0e                __ltsf2
 .text          0x0000000000000e6e       0xc0 /usr/lib/gcc/avr/4.5.3/avr6/libgcc.a(_si_to_sf.o)
                0x0000000000000e6e                __floatsisf
 .text          0x0000000000000f2e       0xa4 /usr/lib/gcc/avr/4.5.3/avr6/libgcc.a(_sf_to_si.o)
                0x0000000000000f2e                __fixsfsi
 .text          0x0000000000000fd2        0x0 /usr/lib/gcc/avr/4.5.3/avr6/libgcc.a(_thenan_sf.o)
 .text          0x0000000000000fd2       0xf0 /usr/lib/gcc/avr/4.5.3/avr6/libgcc.a(_usi_to_sf.o)
                0x0000000000000fd2                __floatunsisf
 .text          0x00000000000010c2        0x0 /usr/lib/gcc/avr/4.5.3/avr6/libgcc.a(_prologue.o)
 .text          0x00000000000010c2        0x0 /usr/lib/gcc/avr/4.5.3/avr6/libgcc.a(_epilogue.o)
 .text          0x00000000000010c2        0x0 /usr/lib/gcc/avr/4.5.3/avr6/libgcc.a(_tablejump_elpm.o)
 .text          0x00000000000010c2       0xb4 /usr/lib/gcc/avr/4.5.3/avr6/libgcc.a(_clzsi2.o)
                0x00000000000010c2                __clzsi2
 .text          0x0000000000001176      0x19c /usr/lib/gcc/avr/4.5.3/avr6/libgcc.a(_pack_sf.o)
                0x0000000000001176                __pack_f
 .text          0x0000000000001312       0xd2 /usr/lib/gcc/avr/4.5.3/avr6/libgcc.a(_unpack_sf.o)
                0x0000000000001312                __unpack_f
 .text          0x00000000000013e4       0xb2 /usr/lib/gcc/avr/4.5.3/avr6/libgcc.a(_fpcmp_parts_sf.o)
                0x00000000000013e4                __fpcmp_parts_f
 .text          0x0000000000001496        0x0 /usr/lib/gcc/avr/4.5.3/avr6/libgcc.a(_clz.o)
 .text          0x0000000000001496        0x0 /usr/lib/gcc/avr/4.5.3/../../../avr/lib/avr6/libc.a(dtostrf.o)
 .text          0x0000000000001496        0x0 /usr/lib/gcc/avr/4.5.3/../../../avr/lib/avr6/libc.a(malloc.o)
 .text          0x0000000000001496        0x0 /usr/lib/gcc/avr/4.5.3/../../../avr/lib/avr6/libc.a(random.o)
 .text          0x0000000000001496        0x0 /usr/lib/gcc/avr/4.5.3/../../../avr/lib/avr6/libc.a(realloc.o)
 .text          0x0000000000001496        0x0 /usr/lib/gcc/avr/4.5.3/../../../avr/lib/avr6/libc.a(atof.o)
 .text          0x0000000000001496        0x0 /usr/lib/gcc/avr/4.5.3/../../../avr/lib/avr6/libc.a(atoi.o)
 .text          0x0000000000001496        0x0 /usr/lib/gcc/avr/4.5.3/../../../avr/lib/avr6/libc.a(atol.o)
 .text          0x0000000000001496        0x0 /usr/lib/gcc/avr/4.5.3/../../../avr/lib/avr6/libc.a(isspace.o)
 .text          0x0000000000001496        0x0 /usr/lib/gcc/avr/4.5.3/../../../avr/lib/avr6/libc.a(tolower.o)
 .text          0x0000000000001496        0x0 /usr/lib/gcc/avr/4.5.3/../../../avr/lib/avr6/libc.a(toupper.o)
 .text          0x0000000000001496        0x0 /usr/lib/gcc/avr/4.5.3/../../../avr/lib/avr6/libc.a(strtok.o)
 .text          0x0000000000001496        0x0 /usr/lib/gcc/avr/4.5.3/../../../avr/lib/avr6/libc.a(memcmp.o)
 .text          0x0000000000001496        0x0 /usr/lib/gcc/avr/4.5.3/../../../avr/lib/avr6/libc.a(memcpy.o)
 .text          0x0000000000001496        0x0 /usr/lib/gcc/avr/4.5.3/../../../avr/lib/avr6/libc.a(memmove.o)
 .text          0x0000000000001496        0x0 /usr/lib/gcc/avr/4.5.3/../../../avr/lib/avr6/libc.a(memset.o)
 .text          0x0000000000001496        0x0 /usr/lib/gcc/avr/4.5.3/../../../avr/lib/avr6/libc.a(strchr.o)
 .text          0x0000000000001496        0x0 /usr/lib/gcc/avr/4.5.3/../../../avr/lib/avr6/libc.a(strcmp.o)
 .text          0x0000000000001496        0x0 /usr/lib/gcc/avr/4.5.3/../../../avr/lib/avr6/libc.a(strcpy.o)
 .text          0x0000000000001496        0x0 /usr/lib/gcc/avr/4.5.3/../../../avr/lib/avr6/libc.a(strncmp.o)
 .text          0x0000000000001496        0x0 /usr/lib/gcc/avr/4.5.3/../../../avr/lib/avr6/libc.a(strncpy.o)
 .text          0x0000000000001496        0x0 /usr/lib/gcc/avr/4.5.3/../../../avr/lib/avr6/libc.a(strrchr.o)
 .text          0x0000000000001496        0x0 /usr/lib/gcc/avr/4.5.3/../../../avr/lib/avr6/libc.a(strstr.o)
 .text          0x0000000000001496        0x0 /usr/lib/gcc/avr/4.5.3/../../../avr/lib/avr6/libc.a(strtok_r.o)
 .text          0x0000000000001496        0x0 /usr/lib/gcc/avr/4.5.3/../../../avr/lib/avr6/libc.a(itoa.o)
 .text          0x0000000000001496        0x0 /usr/lib/gcc/avr/4.5.3/../../../avr/lib/avr6/libc.a(ltoa.o)
 .text          0x0000000000001496        0x0 /usr/lib/gcc/avr/4.5.3/../../../avr/lib/avr6/libc.a(mulsi10.o)
 .text          0x0000000000001496        0x0 /usr/lib/gcc/avr/4.5.3/../../../avr/lib/avr6/libc.a(mul10.o)
 .text          0x0000000000001496        0x0 /usr/lib/gcc/avr/4.5.3/../../../avr/lib/avr6/libc.a(ultoa.o)
 .text          0x0000000000001496        0x0 /usr/lib/gcc/avr/4.5.3/../../../avr/lib/avr6/libc.a(utoa.o)
 .text          0x0000000000001496        0x0 /usr/lib/gcc/avr/4.5.3/../../../avr/lib/avr6/libc.a(sprintf.o)
 .text          0x0000000000001496        0x0 /usr/lib/gcc/avr/4.5.3/../../../avr/lib/avr6/libc.a(vfprintf_std.o)
 .text          0x0000000000001496        0x0 /usr/lib/gcc/avr/4.5.3/../../../avr/lib/avr6/libc.a(eerd_byte_atmega2560.o)
 .text          0x0000000000001496        0x0 /usr/lib/gcc/avr/4.5.3/../../../avr/lib/avr6/libc.a(eewr_byte_atmega2560.o)
 .text          0x0000000000001496        0x0 /usr/lib/gcc/avr/4.5.3/../../../avr/lib/avr6/libc.a(dtoa_prf.o)
 .text          0x0000000000001496        0x0 /usr/lib/gcc/avr/4.5.3/../../../avr/lib/avr6/libc.a(strtod.o)
 .text          0x0000000000001496        0x0 /usr/lib/gcc/avr/4.5.3/../../../avr/lib/avr6/libc.a(ftoa_engine.o)
 .text          0x0000000000001496        0x0 /usr/lib/gcc/avr/4.5.3/../../../avr/lib/avr6/libc.a(cty_isfalse.o)
 .text          0x0000000000001496        0x0 /usr/lib/gcc/avr/4.5.3/../../../avr/lib/avr6/libc.a(strncasecmp_P.o)
 .text          0x0000000000001496        0x0 /usr/lib/gcc/avr/4.5.3/../../../avr/lib/avr6/libc.a(strnlen_P.o)
 .text          0x0000000000001496        0x0 /usr/lib/gcc/avr/4.5.3/../../../avr/lib/avr6/libc.a(strnlen.o)
 .text          0x0000000000001496        0x0 /usr/lib/gcc/avr/4.5.3/../../../avr/lib/avr6/libc.a(strrev.o)
 .text          0x0000000000001496        0x0 /usr/lib/gcc/avr/4.5.3/../../../avr/lib/avr6/libc.a(fputc.o)
 .text          0x0000000000001496        0x0 /usr/lib/gcc/avr/4.5.3/../../../avr/lib/avr6/libc.a(ultoa_invert.o)
 .text          0x0000000000001496        0x0 /usr/lib/gcc/avr/4.5.3/../../../avr/lib/avr6/libc.a(cmpsf2.o)
 .text          0x0000000000001496        0x0 /usr/lib/gcc/avr/4.5.3/../../../avr/lib/avr6/libc.a(fp_cmp.o)
 .text          0x0000000000001496        0x0 /usr/lib/gcc/avr/4.5.3/../../../avr/lib/avr6/libc.a(errno.o)
                0x0000000000001496                . = ALIGN (0x2)
 *(.text.*)
 .text._ZN6ConfigC2Ev
                0x0000000000001496       0x4c ./src/Config.o
                0x0000000000001496                _ZN6ConfigC2Ev
                0x0000000000001496                _ZN6ConfigC1Ev
 .text._ZN6ConfigD2Ev
                0x00000000000014e2       0x1a ./src/Config.o
                0x00000000000014e2                _ZN6ConfigD2Ev
                0x00000000000014e2                _ZN6ConfigD1Ev
 .text._ZN6Config6getMacEv
                0x00000000000014fc       0x1e ./src/Config.o
                0x00000000000014fc                _ZN6Config6getMacEv
 .text._ZN6Config10getAddressEv
                0x000000000000151a       0x20 ./src/Config.o
                0x000000000000151a                _ZN6Config10getAddressEv
 .text._ZN6Config10getNetmaskEv
                0x000000000000153a       0x20 ./src/Config.o
                0x000000000000153a                _ZN6Config10getNetmaskEv
 .text._ZN6Config10getGatewayEv
                0x000000000000155a       0x20 ./src/Config.o
                0x000000000000155a                _ZN6Config10getGatewayEv
 .text._ZN6Config7getPortEv
                0x000000000000157a       0x22 ./src/Config.o
                0x000000000000157a                _ZN6Config7getPortEv
 .text._Z41__static_initialization_and_destruction_0ii
                0x000000000000159c       0x4c ./src/Config.o
 .text._GLOBAL__I__ZN6ConfigC2Ev
                0x00000000000015e8       0x1a ./src/Config.o
 .text._ZN7GatewayC2Ev
                0x0000000000001602      0x1bc ./src/Gateway.o
                0x0000000000001602                _ZN7GatewayC2Ev
                0x0000000000001602                _ZN7GatewayC1Ev
 .text._ZN7GatewayD2Ev
                0x00000000000017be       0x24 ./src/Gateway.o
                0x00000000000017be                _ZN7GatewayD1Ev
                0x00000000000017be                _ZN7GatewayD2Ev
 .text._ZN7Gateway3setEhhhh
                0x00000000000017e2      0x17a ./src/Gateway.o
                0x00000000000017e2                _ZN7Gateway3setEhhhh
 .text._ZN7Gateway8getBytesEv
                0x000000000000195c       0x60 ./src/Gateway.o
                0x000000000000195c                _ZN7Gateway8getBytesEv
 .text._ZN7Gateway5eraseEv
                0x00000000000019bc       0x52 ./src/Gateway.o
                0x00000000000019bc                _ZN7Gateway5eraseEv
 .text._ZN7Gateway8toStringEv
                0x0000000000001a0e       0x38 ./src/Gateway.o
                0x0000000000001a0e                _ZN7Gateway8toStringEv
 .text._ZN9IpAddressC2Ev
                0x0000000000001a46      0x1bc ./src/IpAddress.o
                0x0000000000001a46                _ZN9IpAddressC2Ev
                0x0000000000001a46                _ZN9IpAddressC1Ev
 .text._ZN9IpAddressD2Ev
                0x0000000000001c02       0x24 ./src/IpAddress.o
                0x0000000000001c02                _ZN9IpAddressD1Ev
                0x0000000000001c02                _ZN9IpAddressD2Ev
 .text._ZN9IpAddress3setEhhhh
                0x0000000000001c26      0x17a ./src/IpAddress.o
                0x0000000000001c26                _ZN9IpAddress3setEhhhh
 .text._ZN9IpAddress8getBytesEv
                0x0000000000001da0       0x60 ./src/IpAddress.o
                0x0000000000001da0                _ZN9IpAddress8getBytesEv
 .text._ZN9IpAddress5eraseEv
                0x0000000000001e00       0x52 ./src/IpAddress.o
                0x0000000000001e00                _ZN9IpAddress5eraseEv
 .text._ZN9IpAddress8toStringEv
                0x0000000000001e52       0x38 ./src/IpAddress.o
                0x0000000000001e52                _ZN9IpAddress8toStringEv
 .text._ZN7NetmaskC2Ev
                0x0000000000001e8a      0x1ba ./src/Netmask.o
                0x0000000000001e8a                _ZN7NetmaskC1Ev
                0x0000000000001e8a                _ZN7NetmaskC2Ev
 .text._ZN7NetmaskD2Ev
                0x0000000000002044       0x24 ./src/Netmask.o
                0x0000000000002044                _ZN7NetmaskD2Ev
                0x0000000000002044                _ZN7NetmaskD1Ev
 .text._ZN7Netmask3setEhhhh
                0x0000000000002068      0x17a ./src/Netmask.o
                0x0000000000002068                _ZN7Netmask3setEhhhh
 .text._ZN7Netmask8getBytesEv
                0x00000000000021e2       0x60 ./src/Netmask.o
                0x00000000000021e2                _ZN7Netmask8getBytesEv
 .text._ZN7Netmask5eraseEv
                0x0000000000002242       0x52 ./src/Netmask.o
                0x0000000000002242                _ZN7Netmask5eraseEv
 .text._ZN7Netmask8toStringEv
                0x0000000000002294       0x38 ./src/Netmask.o
                0x0000000000002294                _ZN7Netmask8toStringEv
 .text._ZN6StringpLERKS_
                0x00000000000022cc       0x34 ./src/main.o
                0x00000000000022cc                _ZN6StringpLERKS_
 .text._ZN6StringpLEPKc
                0x0000000000002300       0x34 ./src/main.o
                0x0000000000002300                _ZN6StringpLEPKc
 .text._ZN6StringpLEc
                0x0000000000002334       0x2a ./src/main.o
                0x0000000000002334                _ZN6StringpLEc
 .text._ZNK6StringeqEPKc
                0x000000000000235e       0x30 ./src/main.o
                0x000000000000235e                _ZNK6StringeqEPKc
 .text._ZNK6String11toCharArrayEPcjj
                0x000000000000238e       0x4a ./src/main.o
                0x000000000000238e                _ZNK6String11toCharArrayEPcjj
 .text._ZN15StringSumHelperC1ERK6String
                0x00000000000023d8       0x30 ./src/main.o
                0x00000000000023d8                _ZN15StringSumHelperC1ERK6String
 .text._ZN15StringSumHelperC1EPKc
                0x0000000000002408       0x30 ./src/main.o
                0x0000000000002408                _ZN15StringSumHelperC1EPKc
 .text._ZNK8DateTime4yearEv
                0x0000000000002438       0x2a ./src/main.o
                0x0000000000002438                _ZNK8DateTime4yearEv
 .text._ZNK8DateTime5monthEv
                0x0000000000002462       0x22 ./src/main.o
                0x0000000000002462                _ZNK8DateTime5monthEv
 .text._ZNK8DateTime3dayEv
                0x0000000000002484       0x22 ./src/main.o
                0x0000000000002484                _ZNK8DateTime3dayEv
 .text._ZNK8DateTime4hourEv
                0x00000000000024a6       0x22 ./src/main.o
                0x00000000000024a6                _ZNK8DateTime4hourEv
 .text._ZNK8DateTime6minuteEv
                0x00000000000024c8       0x22 ./src/main.o
                0x00000000000024c8                _ZNK8DateTime6minuteEv
 .text._ZNK8DateTime6secondEv
                0x00000000000024ea       0x22 ./src/main.o
                0x00000000000024ea                _ZNK8DateTime6secondEv
 .text.main     0x000000000000250c       0x16 ./src/main.o
                0x000000000000250c                main
 .text.setup    0x0000000000002522      0x1cc ./src/main.o
                0x0000000000002522                setup
 .text._Z5debug6String
                0x00000000000026ee       0x52 ./src/main.o
                0x00000000000026ee                _Z5debug6String
 .text._Z7checkPhv
                0x0000000000002740      0x1ce ./src/main.o
                0x0000000000002740                _Z7checkPhv
 .text._Z14sendHtmlHeaderv
                0x000000000000290e       0x1c ./src/main.o
                0x000000000000290e                _Z14sendHtmlHeaderv
 .text._Z7send404v
                0x000000000000292a       0x52 ./src/main.o
                0x000000000000292a                _Z7send404v
 .text._Z5replyi6StringS_
                0x000000000000297c       0x9c ./src/main.o
                0x000000000000297c                _Z5replyi6StringS_
 .text._Z16sendNotification6String
                0x0000000000002a18      0x162 ./src/main.o
                0x0000000000002a18                _Z16sendNotification6String
 .text._Z15availableMemoryv
                0x0000000000002b7a       0x58 ./src/main.o
                0x0000000000002b7a                _Z15availableMemoryv
 .text._ZN15StringSumHelperD1Ev
                0x0000000000002bd2       0x22 ./src/main.o
                0x0000000000002bd2                _ZN15StringSumHelperD1Ev
 .text._ZN5PrintaSERKS_
                0x0000000000002bf4       0x3a ./src/main.o
                0x0000000000002bf4                _ZN5PrintaSERKS_
 .text._ZN6StreamaSERKS_
                0x0000000000002c2e       0x6c ./src/main.o
                0x0000000000002c2e                _ZN6StreamaSERKS_
 .text._ZN6ClientaSERKS_
                0x0000000000002c9a       0x34 ./src/main.o
                0x0000000000002c9a                _ZN6ClientaSERKS_
 .text._ZN14EthernetClientaSERKS_
                0x0000000000002cce       0x44 ./src/main.o
                0x0000000000002cce                _ZN14EthernetClientaSERKS_
 .text.loop     0x0000000000002d12     0x1092 ./src/main.o
                0x0000000000002d12                loop
 .text._Z41__static_initialization_and_destruction_0ii
                0x0000000000003da4      0x144 ./src/main.o
 .text._GLOBAL__I_oneWire
                0x0000000000003ee8       0x1a ./src/main.o
 .text._GLOBAL__D_oneWire
                0x0000000000003f02       0x1a ./src/main.o
 .text._ZNK8DateTime4yearEv
                0x0000000000003f1c       0x2a ./lib/Chronodot.o
 .text._ZNK8DateTime5monthEv
                0x0000000000003f46       0x22 ./lib/Chronodot.o
 .text._ZNK8DateTime3dayEv
                0x0000000000003f68       0x22 ./lib/Chronodot.o
 .text._ZNK8DateTime4hourEv
                0x0000000000003f8a       0x22 ./lib/Chronodot.o
 .text._ZNK8DateTime6minuteEv
                0x0000000000003fac       0x22 ./lib/Chronodot.o
 .text._ZNK8DateTime6secondEv
                0x0000000000003fce       0x22 ./lib/Chronodot.o
 .text._ZL9date2daysjhh
                0x0000000000003ff0       0xea ./lib/Chronodot.o
 .text._ZL9time2longjhhh
                0x00000000000040da       0xa8 ./lib/Chronodot.o
 .text._ZN8DateTimeC2Em
                0x0000000000004182      0x21a ./lib/Chronodot.o
                0x0000000000004182                _ZN8DateTimeC1Em
                0x0000000000004182                _ZN8DateTimeC2Em
 .text._ZN8DateTimeC2Ejhhhhhif
                0x000000000000439c       0xc8 ./lib/Chronodot.o
                0x000000000000439c                _ZN8DateTimeC1Ejhhhhhif
                0x000000000000439c                _ZN8DateTimeC2Ejhhhhhif
 .text._ZL6conv2dPKc
                0x0000000000004464       0x64 ./lib/Chronodot.o
 .text._ZN8DateTimeC2EPKcS1_
                0x00000000000044c8      0x19e ./lib/Chronodot.o
                0x00000000000044c8                _ZN8DateTimeC2EPKcS1_
                0x00000000000044c8                _ZN8DateTimeC1EPKcS1_
 .text._ZNK8DateTime9dayOfWeekEv
                0x0000000000004666       0x56 ./lib/Chronodot.o
                0x0000000000004666                _ZNK8DateTime9dayOfWeekEv
 .text._ZNK8DateTime11secondstimeEv
                0x00000000000046bc       0x8e ./lib/Chronodot.o
                0x00000000000046bc                _ZNK8DateTime11secondstimeEv
 .text._ZNK8DateTime8unixtimeEv
                0x000000000000474a       0xa6 ./lib/Chronodot.o
                0x000000000000474a                _ZNK8DateTime8unixtimeEv
 .text._ZL7bcd2binh
                0x00000000000047f0       0x3c ./lib/Chronodot.o
 .text._ZL7bin2bcdh
                0x000000000000482c       0x2e ./lib/Chronodot.o
 .text._ZN9Chronodot5beginEv
                0x000000000000485a       0x10 ./lib/Chronodot.o
                0x000000000000485a                _ZN9Chronodot5beginEv
 .text._ZN9Chronodot9isrunningEv
                0x000000000000486a       0x6a ./lib/Chronodot.o
                0x000000000000486a                _ZN9Chronodot9isrunningEv
 .text._ZN9Chronodot6adjustERK8DateTime
                0x00000000000048d4      0x142 ./lib/Chronodot.o
                0x00000000000048d4                _ZN9Chronodot6adjustERK8DateTime
 .text._ZN9Chronodot3nowEv
                0x0000000000004a16      0x22a ./lib/Chronodot.o
                0x0000000000004a16                _ZN9Chronodot3nowEv
 .text._ZN10RTC_Millis6adjustERK8DateTime
                0x0000000000004c40       0x72 ./lib/Chronodot.o
                0x0000000000004c40                _ZN10RTC_Millis6adjustERK8DateTime
 .text._ZN10RTC_Millis3nowEv
                0x0000000000004cb2       0x54 ./lib/Chronodot.o
                0x0000000000004cb2                _ZN10RTC_Millis3nowEv
 .text._ZN17DallasTemperatureC2EP7OneWire
                0x0000000000004d06       0x6c ./lib/DallasTemperature.o
                0x0000000000004d06                _ZN17DallasTemperatureC2EP7OneWire
                0x0000000000004d06                _ZN17DallasTemperatureC1EP7OneWire
 .text._ZN17DallasTemperature5beginEv
                0x0000000000004d72      0x126 ./lib/DallasTemperature.o
                0x0000000000004d72                _ZN17DallasTemperature5beginEv
 .text._ZN17DallasTemperature14getDeviceCountEv
                0x0000000000004e98       0x22 ./lib/DallasTemperature.o
                0x0000000000004e98                _ZN17DallasTemperature14getDeviceCountEv
 .text._ZN17DallasTemperature12validAddressEPh
                0x0000000000004eba       0x40 ./lib/DallasTemperature.o
                0x0000000000004eba                _ZN17DallasTemperature12validAddressEPh
 .text._ZN17DallasTemperature10getAddressEPhh
                0x0000000000004efa       0x94 ./lib/DallasTemperature.o
                0x0000000000004efa                _ZN17DallasTemperature10getAddressEPhh
 .text._ZN17DallasTemperature11isConnectedEPh
                0x0000000000004f8e       0x44 ./lib/DallasTemperature.o
                0x0000000000004f8e                _ZN17DallasTemperature11isConnectedEPh
 .text._ZN17DallasTemperature11isConnectedEPhS0_
                0x0000000000004fd2       0x5c ./lib/DallasTemperature.o
                0x0000000000004fd2                _ZN17DallasTemperature11isConnectedEPhS0_
 .text._ZN17DallasTemperature14readScratchPadEPhS0_
                0x000000000000502e      0x16c ./lib/DallasTemperature.o
                0x000000000000502e                _ZN17DallasTemperature14readScratchPadEPhS0_
 .text._ZN17DallasTemperature15writeScratchPadEPhPKh
                0x000000000000519a      0x112 ./lib/DallasTemperature.o
                0x000000000000519a                _ZN17DallasTemperature15writeScratchPadEPhPKh
 .text._ZN17DallasTemperature15readPowerSupplyEPh
                0x00000000000052ac       0x8c ./lib/DallasTemperature.o
                0x00000000000052ac                _ZN17DallasTemperature15readPowerSupplyEPh
 .text._ZN17DallasTemperature13setResolutionEh
                0x0000000000005338       0x9e ./lib/DallasTemperature.o
                0x0000000000005338                _ZN17DallasTemperature13setResolutionEh
 .text._ZN17DallasTemperature13setResolutionEPhh
                0x00000000000053d6       0xa8 ./lib/DallasTemperature.o
                0x00000000000053d6                _ZN17DallasTemperature13setResolutionEPhh
 .text._ZN17DallasTemperature13getResolutionEv
                0x000000000000547e       0x22 ./lib/DallasTemperature.o
                0x000000000000547e                _ZN17DallasTemperature13getResolutionEv
 .text._ZN17DallasTemperature13getResolutionEPh
                0x00000000000054a0       0x90 ./lib/DallasTemperature.o
                0x00000000000054a0                _ZN17DallasTemperature13getResolutionEPh
 .text._ZN17DallasTemperature20setWaitForConversionEb
                0x0000000000005530       0x26 ./lib/DallasTemperature.o
                0x0000000000005530                _ZN17DallasTemperature20setWaitForConversionEb
 .text._ZN17DallasTemperature20getWaitForConversionEv
                0x0000000000005556       0x22 ./lib/DallasTemperature.o
                0x0000000000005556                _ZN17DallasTemperature20getWaitForConversionEv
 .text._ZN17DallasTemperature21setCheckForConversionEb
                0x0000000000005578       0x26 ./lib/DallasTemperature.o
                0x0000000000005578                _ZN17DallasTemperature21setCheckForConversionEb
 .text._ZN17DallasTemperature21getCheckForConversionEv
                0x000000000000559e       0x22 ./lib/DallasTemperature.o
                0x000000000000559e                _ZN17DallasTemperature21getCheckForConversionEv
 .text._ZN17DallasTemperature21isConversionAvailableEPh
                0x00000000000055c0       0x4e ./lib/DallasTemperature.o
                0x00000000000055c0                _ZN17DallasTemperature21isConversionAvailableEPh
 .text._ZN17DallasTemperature19requestTemperaturesEv
                0x000000000000560e       0x7e ./lib/DallasTemperature.o
                0x000000000000560e                _ZN17DallasTemperature19requestTemperaturesEv
 .text._ZN17DallasTemperature28requestTemperaturesByAddressEPh
                0x000000000000568c       0xca ./lib/DallasTemperature.o
                0x000000000000568c                _ZN17DallasTemperature28requestTemperaturesByAddressEPh
 .text._ZN17DallasTemperature27blockTillConversionCompleteEPhS0_
                0x0000000000005756      0x128 ./lib/DallasTemperature.o
                0x0000000000005756                _ZN17DallasTemperature27blockTillConversionCompleteEPhS0_
 .text._ZN17DallasTemperature26requestTemperaturesByIndexEh
                0x000000000000587e       0x4e ./lib/DallasTemperature.o
                0x000000000000587e                _ZN17DallasTemperature26requestTemperaturesByIndexEh
 .text._ZN17DallasTemperature15getTempCByIndexEh
                0x00000000000058cc       0x56 ./lib/DallasTemperature.o
                0x00000000000058cc                _ZN17DallasTemperature15getTempCByIndexEh
 .text._ZN17DallasTemperature15getTempFByIndexEh
                0x0000000000005922       0x3a ./lib/DallasTemperature.o
                0x0000000000005922                _ZN17DallasTemperature15getTempFByIndexEh
 .text._ZN17DallasTemperature20calculateTemperatureEPhS0_
                0x000000000000595c      0x24e ./lib/DallasTemperature.o
                0x000000000000595c                _ZN17DallasTemperature20calculateTemperatureEPhS0_
 .text._ZN17DallasTemperature8getTempCEPh
                0x0000000000005baa       0x70 ./lib/DallasTemperature.o
                0x0000000000005baa                _ZN17DallasTemperature8getTempCEPh
 .text._ZN17DallasTemperature8getTempFEPh
                0x0000000000005c1a       0x44 ./lib/DallasTemperature.o
                0x0000000000005c1a                _ZN17DallasTemperature8getTempFEPh
 .text._ZN17DallasTemperature19isParasitePowerModeEv
                0x0000000000005c5e       0x22 ./lib/DallasTemperature.o
                0x0000000000005c5e                _ZN17DallasTemperature19isParasitePowerModeEv
 .text._ZN17DallasTemperature16setHighAlarmTempEPhc
                0x0000000000005c80       0x7a ./lib/DallasTemperature.o
                0x0000000000005c80                _ZN17DallasTemperature16setHighAlarmTempEPhc
 .text._ZN17DallasTemperature15setLowAlarmTempEPhc
                0x0000000000005cfa       0x7a ./lib/DallasTemperature.o
                0x0000000000005cfa                _ZN17DallasTemperature15setLowAlarmTempEPhc
 .text._ZN17DallasTemperature16getHighAlarmTempEPh
                0x0000000000005d74       0x4e ./lib/DallasTemperature.o
                0x0000000000005d74                _ZN17DallasTemperature16getHighAlarmTempEPh
 .text._ZN17DallasTemperature15getLowAlarmTempEPh
                0x0000000000005dc2       0x4e ./lib/DallasTemperature.o
                0x0000000000005dc2                _ZN17DallasTemperature15getLowAlarmTempEPh
 .text._ZN17DallasTemperature16resetAlarmSearchEv
                0x0000000000005e10       0x58 ./lib/DallasTemperature.o
                0x0000000000005e10                _ZN17DallasTemperature16resetAlarmSearchEv
 .text._ZN17DallasTemperature11alarmSearchEPh
                0x0000000000005e68      0x246 ./lib/DallasTemperature.o
                0x0000000000005e68                _ZN17DallasTemperature11alarmSearchEPh
 .text._ZN17DallasTemperature8hasAlarmEPh
                0x00000000000060ae       0xa4 ./lib/DallasTemperature.o
                0x00000000000060ae                _ZN17DallasTemperature8hasAlarmEPh
 .text._ZN17DallasTemperature8hasAlarmEv
                0x0000000000006152       0x42 ./lib/DallasTemperature.o
                0x0000000000006152                _ZN17DallasTemperature8hasAlarmEv
 .text._ZN17DallasTemperature13processAlarmsEv
                0x0000000000006194       0x6e ./lib/DallasTemperature.o
                0x0000000000006194                _ZN17DallasTemperature13processAlarmsEv
 .text._ZN17DallasTemperature15setAlarmHandlerEPFvPhE
                0x0000000000006202       0x30 ./lib/DallasTemperature.o
                0x0000000000006202                _ZN17DallasTemperature15setAlarmHandlerEPFvPhE
 .text._ZN17DallasTemperature19defaultAlarmHandlerEPh
                0x0000000000006232       0x1a ./lib/DallasTemperature.o
                0x0000000000006232                _ZN17DallasTemperature19defaultAlarmHandlerEPh
 .text._ZN17DallasTemperature12toFahrenheitEf
                0x000000000000624c       0x52 ./lib/DallasTemperature.o
                0x000000000000624c                _ZN17DallasTemperature12toFahrenheitEf
 .text._ZN17DallasTemperature9toCelsiusEf
                0x000000000000629e       0x52 ./lib/DallasTemperature.o
                0x000000000000629e                _ZN17DallasTemperature9toCelsiusEf
 .text._ZN7OneWireC2Eh
                0x00000000000062f0       0xbe ./lib/OneWire.o
                0x00000000000062f0                _ZN7OneWireC2Eh
                0x00000000000062f0                _ZN7OneWireC1Eh
 .text._ZN7OneWire5resetEv
                0x00000000000063ae      0x12e ./lib/OneWire.o
                0x00000000000063ae                _ZN7OneWire5resetEv
 .text._ZN7OneWire9write_bitEh
                0x00000000000064dc      0x118 ./lib/OneWire.o
                0x00000000000064dc                _ZN7OneWire9write_bitEh
 .text._ZN7OneWire8read_bitEv
                0x00000000000065f4       0xc6 ./lib/OneWire.o
                0x00000000000065f4                _ZN7OneWire8read_bitEv
 .text._ZN7OneWire5writeEhh
                0x00000000000066ba       0xc4 ./lib/OneWire.o
                0x00000000000066ba                _ZN7OneWire5writeEhh
 .text._ZN7OneWire11write_bytesEPKhjb
                0x000000000000677e       0xe4 ./lib/OneWire.o
                0x000000000000677e                _ZN7OneWire11write_bytesEPKhjb
 .text._ZN7OneWire4readEv
                0x0000000000006862       0x5a ./lib/OneWire.o
                0x0000000000006862                _ZN7OneWire4readEv
 .text._ZN7OneWire10read_bytesEPhj
                0x00000000000068bc       0x7a ./lib/OneWire.o
                0x00000000000068bc                _ZN7OneWire10read_bytesEPhj
 .text._ZN7OneWire6selectEPh
                0x0000000000006936       0x70 ./lib/OneWire.o
                0x0000000000006936                _ZN7OneWire6selectEPh
 .text._ZN7OneWire4skipEv
                0x00000000000069a6       0x26 ./lib/OneWire.o
                0x00000000000069a6                _ZN7OneWire4skipEv
 .text._ZN7OneWire7depowerEv
                0x00000000000069cc       0x4e ./lib/OneWire.o
                0x00000000000069cc                _ZN7OneWire7depowerEv
 .text._ZN7OneWire12reset_searchEv
                0x0000000000006a1a       0x66 ./lib/OneWire.o
                0x0000000000006a1a                _ZN7OneWire12reset_searchEv
 .text._ZN7OneWire6searchEPh
                0x0000000000006a80      0x25c ./lib/OneWire.o
                0x0000000000006a80                _ZN7OneWire6searchEPh
 .text._ZN7OneWire4crc8EPhh
                0x0000000000006cdc       0x7a ./lib/OneWire.o
                0x0000000000006cdc                _ZN7OneWire4crc8EPhh
 .text._ZN7OneWire11check_crc16EPhjS0_
                0x0000000000006d56       0x84 ./lib/OneWire.o
                0x0000000000006d56                _ZN7OneWire11check_crc16EPhjS0_
 .text._ZN7OneWire5crc16EPhj
                0x0000000000006dda      0x11a ./lib/OneWire.o
                0x0000000000006dda                _ZN7OneWire5crc16EPhj
 .text._Z8twi_initv
                0x0000000000006ef4       0x62 ./arduinolib/Wire/utility/twi.o
                0x0000000000006ef4                _Z8twi_initv
 .text._Z14twi_setAddressh
                0x0000000000006f56       0x20 ./arduinolib/Wire/utility/twi.o
                0x0000000000006f56                _Z14twi_setAddressh
 .text._Z12twi_readFromhPhhh
                0x0000000000006f76      0x11c ./arduinolib/Wire/utility/twi.o
                0x0000000000006f76                _Z12twi_readFromhPhhh
 .text._Z11twi_writeTohPhhhh
                0x0000000000007092      0x152 ./arduinolib/Wire/utility/twi.o
                0x0000000000007092                _Z11twi_writeTohPhhhh
 .text._Z12twi_transmitPKhh
                0x00000000000071e4       0x80 ./arduinolib/Wire/utility/twi.o
                0x00000000000071e4                _Z12twi_transmitPKhh
 .text._Z22twi_attachSlaveRxEventPFvPhiE
                0x0000000000007264       0x26 ./arduinolib/Wire/utility/twi.o
                0x0000000000007264                _Z22twi_attachSlaveRxEventPFvPhiE
 .text._Z22twi_attachSlaveTxEventPFvvE
                0x000000000000728a       0x26 ./arduinolib/Wire/utility/twi.o
                0x000000000000728a                _Z22twi_attachSlaveTxEventPFvvE
 .text._Z9twi_replyh
                0x00000000000072b0       0x30 ./arduinolib/Wire/utility/twi.o
                0x00000000000072b0                _Z9twi_replyh
 .text._Z8twi_stopv
                0x00000000000072e0       0x3c ./arduinolib/Wire/utility/twi.o
                0x00000000000072e0                _Z8twi_stopv
 .text._Z14twi_releaseBusv
                0x000000000000731c       0x1c ./arduinolib/Wire/utility/twi.o
                0x000000000000731c                _Z14twi_releaseBusv
 .text.__vector_39
                0x0000000000007338      0x300 ./arduinolib/Wire/utility/twi.o
                0x0000000000007338                __vector_39
 .text._ZN5Print13setWriteErrorEi
                0x0000000000007638       0x30 ./arduinolib/Wire/Wire.o
                0x0000000000007638                _ZN5Print13setWriteErrorEi
 .text._ZN5PrintC2Ev
                0x0000000000007668       0x32 ./arduinolib/Wire/Wire.o
                0x0000000000007668                _ZN5PrintC2Ev
 .text._ZN6StreamC2Ev
                0x000000000000769a       0x46 ./arduinolib/Wire/Wire.o
                0x000000000000769a                _ZN6StreamC2Ev
 .text._ZN7TwoWireC2Ev
                0x00000000000076e0       0x30 ./arduinolib/Wire/Wire.o
                0x00000000000076e0                _ZN7TwoWireC2Ev
                0x00000000000076e0                _ZN7TwoWireC1Ev
 .text._ZN7TwoWire5beginEv
                0x0000000000007710       0x2e ./arduinolib/Wire/Wire.o
                0x0000000000007710                _ZN7TwoWire5beginEv
 .text._ZN7TwoWire5beginEh
                0x000000000000773e       0x3a ./arduinolib/Wire/Wire.o
                0x000000000000773e                _ZN7TwoWire5beginEh
 .text._ZN7TwoWire5beginEi
                0x0000000000007778       0x2e ./arduinolib/Wire/Wire.o
                0x0000000000007778                _ZN7TwoWire5beginEi
 .text._ZN7TwoWire11requestFromEhhh
                0x00000000000077a6       0x50 ./arduinolib/Wire/Wire.o
                0x00000000000077a6                _ZN7TwoWire11requestFromEhhh
 .text._ZN7TwoWire11requestFromEhh
                0x00000000000077f6       0x30 ./arduinolib/Wire/Wire.o
                0x00000000000077f6                _ZN7TwoWire11requestFromEhh
 .text._ZN7TwoWire11requestFromEii
                0x0000000000007826       0x3c ./arduinolib/Wire/Wire.o
                0x0000000000007826                _ZN7TwoWire11requestFromEii
 .text._ZN7TwoWire11requestFromEiii
                0x0000000000007862       0x48 ./arduinolib/Wire/Wire.o
                0x0000000000007862                _ZN7TwoWire11requestFromEiii
 .text._ZN7TwoWire17beginTransmissionEh
                0x00000000000078aa       0x30 ./arduinolib/Wire/Wire.o
                0x00000000000078aa                _ZN7TwoWire17beginTransmissionEh
 .text._ZN7TwoWire17beginTransmissionEi
                0x00000000000078da       0x2e ./arduinolib/Wire/Wire.o
                0x00000000000078da                _ZN7TwoWire17beginTransmissionEi
 .text._ZN7TwoWire15endTransmissionEh
                0x0000000000007908       0x4c ./arduinolib/Wire/Wire.o
                0x0000000000007908                _ZN7TwoWire15endTransmissionEh
 .text._ZN7TwoWire15endTransmissionEv
                0x0000000000007954       0x24 ./arduinolib/Wire/Wire.o
                0x0000000000007954                _ZN7TwoWire15endTransmissionEv
 .text._ZN7TwoWire5writeEh
                0x0000000000007978       0x72 ./arduinolib/Wire/Wire.o
                0x0000000000007978                _ZN7TwoWire5writeEh
 .text._ZN7TwoWire5writeEPKhj
                0x00000000000079ea       0x9c ./arduinolib/Wire/Wire.o
                0x00000000000079ea                _ZN7TwoWire5writeEPKhj
 .text._ZN7TwoWire9availableEv
                0x0000000000007a86       0x32 ./arduinolib/Wire/Wire.o
                0x0000000000007a86                _ZN7TwoWire9availableEv
 .text._ZN7TwoWire4readEv
                0x0000000000007ab8       0x58 ./arduinolib/Wire/Wire.o
                0x0000000000007ab8                _ZN7TwoWire4readEv
 .text._ZN7TwoWire4peekEv
                0x0000000000007b10       0x4e ./arduinolib/Wire/Wire.o
                0x0000000000007b10                _ZN7TwoWire4peekEv
 .text._ZN7TwoWire5flushEv
                0x0000000000007b5e       0x1a ./arduinolib/Wire/Wire.o
                0x0000000000007b5e                _ZN7TwoWire5flushEv
 .text._ZN7TwoWire16onReceiveServiceEPhi
                0x0000000000007b78       0xa2 ./arduinolib/Wire/Wire.o
                0x0000000000007b78                _ZN7TwoWire16onReceiveServiceEPhi
 .text._ZN7TwoWire16onRequestServiceEv
                0x0000000000007c1a       0x32 ./arduinolib/Wire/Wire.o
                0x0000000000007c1a                _ZN7TwoWire16onRequestServiceEv
 .text._ZN7TwoWire9onReceiveEPFviE
                0x0000000000007c4c       0x2e ./arduinolib/Wire/Wire.o
                0x0000000000007c4c                _ZN7TwoWire9onReceiveEPFviE
 .text._ZN7TwoWire9onRequestEPFvvE
                0x0000000000007c7a       0x2e ./arduinolib/Wire/Wire.o
                0x0000000000007c7a                _ZN7TwoWire9onRequestEPFvvE
 .text._Z41__static_initialization_and_destruction_0ii
                0x0000000000007ca8       0x40 ./arduinolib/Wire/Wire.o
 .text._GLOBAL__I__ZN7TwoWire8rxBufferE
                0x0000000000007ce8       0x1a ./arduinolib/Wire/Wire.o
 .text._ZN8SPIClass5beginEv
                0x0000000000007d02       0x62 ./arduinolib/SPI/SPI.o
                0x0000000000007d02                _ZN8SPIClass5beginEv
 .text._ZN8SPIClass3endEv
                0x0000000000007d64       0x20 ./arduinolib/SPI/SPI.o
                0x0000000000007d64                _ZN8SPIClass3endEv
 .text._ZN8SPIClass11setBitOrderEh
                0x0000000000007d84       0x40 ./arduinolib/SPI/SPI.o
                0x0000000000007d84                _ZN8SPIClass11setBitOrderEh
 .text._ZN8SPIClass11setDataModeEh
                0x0000000000007dc4       0x2c ./arduinolib/SPI/SPI.o
                0x0000000000007dc4                _ZN8SPIClass11setDataModeEh
 .text._ZN8SPIClass15setClockDividerEh
                0x0000000000007df0       0x54 ./arduinolib/SPI/SPI.o
                0x0000000000007df0                _ZN8SPIClass15setClockDividerEh
 .text._ZN10W5100Class9writeSnMREhh
                0x0000000000007e44       0x26 ./arduinolib/Ethernet/utility/socket.o
                0x0000000000007e44                _ZN10W5100Class9writeSnMREhh
 .text._ZN10W5100Class8readSnMREh
                0x0000000000007e6a       0x1e ./arduinolib/Ethernet/utility/socket.o
                0x0000000000007e6a                _ZN10W5100Class8readSnMREh
 .text._ZN10W5100Class9writeSnIREhh
                0x0000000000007e88       0x26 ./arduinolib/Ethernet/utility/socket.o
                0x0000000000007e88                _ZN10W5100Class9writeSnIREhh
 .text._ZN10W5100Class8readSnIREh
                0x0000000000007eae       0x1e ./arduinolib/Ethernet/utility/socket.o
                0x0000000000007eae                _ZN10W5100Class8readSnIREh
 .text._ZN10W5100Class8readSnSREh
                0x0000000000007ecc       0x1e ./arduinolib/Ethernet/utility/socket.o
                0x0000000000007ecc                _ZN10W5100Class8readSnSREh
 .text._ZN10W5100Class11writeSnPORTEhj
                0x0000000000007eea       0x40 ./arduinolib/Ethernet/utility/socket.o
                0x0000000000007eea                _ZN10W5100Class11writeSnPORTEhj
 .text._ZN10W5100Class11writeSnDIPREhPh
                0x0000000000007f2a       0x30 ./arduinolib/Ethernet/utility/socket.o
                0x0000000000007f2a                _ZN10W5100Class11writeSnDIPREhPh
 .text._ZN10W5100Class12writeSnDPORTEhj
                0x0000000000007f5a       0x40 ./arduinolib/Ethernet/utility/socket.o
                0x0000000000007f5a                _ZN10W5100Class12writeSnDPORTEhj
 .text._ZN10W5100Class12writeSnRX_RDEhj
                0x0000000000007f9a       0x40 ./arduinolib/Ethernet/utility/socket.o
                0x0000000000007f9a                _ZN10W5100Class12writeSnRX_RDEhj
 .text._ZN10W5100Class11readSnRX_RDEh
                0x0000000000007fda       0x54 ./arduinolib/Ethernet/utility/socket.o
                0x0000000000007fda                _ZN10W5100Class11readSnRX_RDEh
 .text._ZN10W5100Class6readSnEhj
                0x000000000000802e       0x34 ./arduinolib/Ethernet/utility/socket.o
                0x000000000000802e                _ZN10W5100Class6readSnEhj
 .text._ZN10W5100Class7writeSnEhjh
                0x0000000000008062       0x3c ./arduinolib/Ethernet/utility/socket.o
                0x0000000000008062                _ZN10W5100Class7writeSnEhjh
 .text._ZN10W5100Class7writeSnEhjPhj
                0x000000000000809e       0x58 ./arduinolib/Ethernet/utility/socket.o
                0x000000000000809e                _ZN10W5100Class7writeSnEhjPhj
 .text._Z6sockethhjh
                0x00000000000080f6       0xa6 ./arduinolib/Ethernet/utility/socket.o
                0x00000000000080f6                _Z6sockethhjh
 .text._Z5closeh
                0x000000000000819c       0x2a ./arduinolib/Ethernet/utility/socket.o
                0x000000000000819c                _Z5closeh
 .text._Z6listenh
                0x00000000000081c6       0x3c ./arduinolib/Ethernet/utility/socket.o
                0x00000000000081c6                _Z6listenh
 .text._Z7connecthPhj
                0x0000000000008202       0xc8 ./arduinolib/Ethernet/utility/socket.o
                0x0000000000008202                _Z7connecthPhj
 .text._Z10disconnecth
                0x00000000000082ca       0x22 ./arduinolib/Ethernet/utility/socket.o
                0x00000000000082ca                _Z10disconnecth
 .text._Z4sendhPKhj
                0x00000000000082ec       0xfe ./arduinolib/Ethernet/utility/socket.o
                0x00000000000082ec                _Z4sendhPKhj
 .text._Z4recvhPhj
                0x00000000000083ea       0xb8 ./arduinolib/Ethernet/utility/socket.o
                0x00000000000083ea                _Z4recvhPhj
 .text._Z4peekhPh
                0x00000000000084a2       0x3a ./arduinolib/Ethernet/utility/socket.o
                0x00000000000084a2                _Z4peekhPh
 .text._Z6sendtohPKhjPhj
                0x00000000000084dc      0x136 ./arduinolib/Ethernet/utility/socket.o
                0x00000000000084dc                _Z6sendtohPKhjPhj
 .text._Z8recvfromhPhjS_Pj
                0x0000000000008612      0x28e ./arduinolib/Ethernet/utility/socket.o
                0x0000000000008612                _Z8recvfromhPhjS_Pj
 .text._Z8igmpsendhPKhj
                0x00000000000088a0       0xd8 ./arduinolib/Ethernet/utility/socket.o
                0x00000000000088a0                _Z8igmpsendhPKhj
 .text._Z10bufferDatahjPKhj
                0x0000000000008978       0x92 ./arduinolib/Ethernet/utility/socket.o
                0x0000000000008978                _Z10bufferDatahjPKhj
 .text._Z8startUDPhPhj
                0x0000000000008a0a       0x88 ./arduinolib/Ethernet/utility/socket.o
                0x0000000000008a0a                _Z8startUDPhPhj
 .text._Z7sendUDPh
                0x0000000000008a92       0x72 ./arduinolib/Ethernet/utility/socket.o
                0x0000000000008a92                _Z7sendUDPh
 .text._ZN8SPIClass8transferEh
                0x0000000000008b04       0x3c ./arduinolib/Ethernet/utility/w5100.o
                0x0000000000008b04                _ZN8SPIClass8transferEh
 .text._ZN10W5100Class7writeMREh
                0x0000000000008b40       0x1e ./arduinolib/Ethernet/utility/w5100.o
                0x0000000000008b40                _ZN10W5100Class7writeMREh
 .text._ZN10W5100Class9writeRMSREh
                0x0000000000008b5e       0x1e ./arduinolib/Ethernet/utility/w5100.o
                0x0000000000008b5e                _ZN10W5100Class9writeRMSREh
 .text._ZN10W5100Class9writeTMSREh
                0x0000000000008b7c       0x1e ./arduinolib/Ethernet/utility/w5100.o
                0x0000000000008b7c                _ZN10W5100Class9writeTMSREh
 .text._ZN10W5100Class9writeSnCREhh
                0x0000000000008b9a       0x26 ./arduinolib/Ethernet/utility/w5100.o
                0x0000000000008b9a                _ZN10W5100Class9writeSnCREhh
 .text._ZN10W5100Class8readSnCREh
                0x0000000000008bc0       0x1e ./arduinolib/Ethernet/utility/w5100.o
                0x0000000000008bc0                _ZN10W5100Class8readSnCREh
 .text._ZN10W5100Class12readSnTX_FSREh
                0x0000000000008bde       0x54 ./arduinolib/Ethernet/utility/w5100.o
                0x0000000000008bde                _ZN10W5100Class12readSnTX_FSREh
 .text._ZN10W5100Class12writeSnTX_WREhj
                0x0000000000008c32       0x40 ./arduinolib/Ethernet/utility/w5100.o
                0x0000000000008c32                _ZN10W5100Class12writeSnTX_WREhj
 .text._ZN10W5100Class11readSnTX_WREh
                0x0000000000008c72       0x54 ./arduinolib/Ethernet/utility/w5100.o
                0x0000000000008c72                _ZN10W5100Class11readSnTX_WREh
 .text._ZN10W5100Class12readSnRX_RSREh
                0x0000000000008cc6       0x54 ./arduinolib/Ethernet/utility/w5100.o
                0x0000000000008cc6                _ZN10W5100Class12readSnRX_RSREh
 .text._ZN10W5100Class12writeSnRX_RDEhj
                0x0000000000008d1a       0x40 ./arduinolib/Ethernet/utility/w5100.o
 .text._ZN10W5100Class11readSnRX_RDEh
                0x0000000000008d5a       0x54 ./arduinolib/Ethernet/utility/w5100.o
 .text._ZN10W5100Class6initSSEv
                0x0000000000008dae       0x20 ./arduinolib/Ethernet/utility/w5100.o
                0x0000000000008dae                _ZN10W5100Class6initSSEv
 .text._ZN10W5100Class5setSSEv
                0x0000000000008dce       0x20 ./arduinolib/Ethernet/utility/w5100.o
                0x0000000000008dce                _ZN10W5100Class5setSSEv
 .text._ZN10W5100Class7resetSSEv
                0x0000000000008dee       0x20 ./arduinolib/Ethernet/utility/w5100.o
                0x0000000000008dee                _ZN10W5100Class7resetSSEv
 .text._ZN10W5100Class6readSnEhj
                0x0000000000008e0e       0x34 ./arduinolib/Ethernet/utility/w5100.o
 .text._ZN10W5100Class7writeSnEhjh
                0x0000000000008e42       0x3c ./arduinolib/Ethernet/utility/w5100.o
 .text._ZN10W5100Class4initEv
                0x0000000000008e7e       0xb8 ./arduinolib/Ethernet/utility/w5100.o
                0x0000000000008e7e                _ZN10W5100Class4initEv
 .text._ZN10W5100Class13getTXFreeSizeEh
                0x0000000000008f36       0x6a ./arduinolib/Ethernet/utility/w5100.o
                0x0000000000008f36                _ZN10W5100Class13getTXFreeSizeEh
 .text._ZN10W5100Class17getRXReceivedSizeEh
                0x0000000000008fa0       0x6a ./arduinolib/Ethernet/utility/w5100.o
                0x0000000000008fa0                _ZN10W5100Class17getRXReceivedSizeEh
 .text._ZN10W5100Class20send_data_processingEhPKhj
                0x000000000000900a       0x54 ./arduinolib/Ethernet/utility/w5100.o
                0x000000000000900a                _ZN10W5100Class20send_data_processingEhPKhj
 .text._ZN10W5100Class27send_data_processing_offsetEhjPKhj
                0x000000000000905e      0x132 ./arduinolib/Ethernet/utility/w5100.o
                0x000000000000905e                _ZN10W5100Class27send_data_processing_offsetEhjPKhj
 .text._ZN10W5100Class20recv_data_processingEhPhjh
                0x0000000000009190       0x82 ./arduinolib/Ethernet/utility/w5100.o
                0x0000000000009190                _ZN10W5100Class20recv_data_processingEhPhjh
 .text._ZN10W5100Class9read_dataEhPVhS1_j
                0x0000000000009212      0x108 ./arduinolib/Ethernet/utility/w5100.o
                0x0000000000009212                _ZN10W5100Class9read_dataEhPVhS1_j
 .text._ZN10W5100Class5writeEjh
                0x000000000000931a       0x44 ./arduinolib/Ethernet/utility/w5100.o
                0x000000000000931a                _ZN10W5100Class5writeEjh
 .text._ZN10W5100Class5writeEjPKhj
                0x000000000000935e       0x9a ./arduinolib/Ethernet/utility/w5100.o
                0x000000000000935e                _ZN10W5100Class5writeEjPKhj
 .text._ZN10W5100Class4readEj
                0x00000000000093f8       0x44 ./arduinolib/Ethernet/utility/w5100.o
                0x00000000000093f8                _ZN10W5100Class4readEj
 .text._ZN10W5100Class4readEjPhj
                0x000000000000943c       0xa6 ./arduinolib/Ethernet/utility/w5100.o
                0x000000000000943c                _ZN10W5100Class4readEjPhj
 .text._ZN10W5100Class9execCmdSnEh7SockCMD
                0x00000000000094e2       0x48 ./arduinolib/Ethernet/utility/w5100.o
                0x00000000000094e2                _ZN10W5100Class9execCmdSnEh7SockCMD
 .text._ZN9IPAddresseqERKS_
                0x000000000000952a       0x52 ./arduinolib/Ethernet/Dhcp.o
                0x000000000000952a                _ZN9IPAddresseqERKS_
 .text._ZN9PrintableC2ERKS_
                0x000000000000957c       0x30 ./arduinolib/Ethernet/Dhcp.o
                0x000000000000957c                _ZN9PrintableC2ERKS_
 .text._ZN9IPAddressC1ERKS_
                0x00000000000095ac       0x5a ./arduinolib/Ethernet/Dhcp.o
                0x00000000000095ac                _ZN9IPAddressC1ERKS_
 .text._ZN11EthernetUDP8remoteIPEv
                0x0000000000009606       0x38 ./arduinolib/Ethernet/Dhcp.o
                0x0000000000009606                _ZN11EthernetUDP8remoteIPEv
 .text._ZN11EthernetUDP10remotePortEv
                0x000000000000963e       0x24 ./arduinolib/Ethernet/Dhcp.o
                0x000000000000963e                _ZN11EthernetUDP10remotePortEv
 .text._ZN9DhcpClass13beginWithDHCPEPhmm
                0x0000000000009662      0x2be ./arduinolib/Ethernet/Dhcp.o
                0x0000000000009662                _ZN9DhcpClass13beginWithDHCPEPhmm
 .text._ZN9DhcpClass12presend_DHCPEv
                0x0000000000009920       0x1a ./arduinolib/Ethernet/Dhcp.o
                0x0000000000009920                _ZN9DhcpClass12presend_DHCPEv
 .text._ZN9DhcpClass17send_DHCP_MESSAGEEhj
                0x000000000000993a      0x35c ./arduinolib/Ethernet/Dhcp.o
                0x000000000000993a                _ZN9DhcpClass17send_DHCP_MESSAGEEhj
 .text._ZN9DhcpClass17parseDHCPResponseEmRm
                0x0000000000009c96      0x47e ./arduinolib/Ethernet/Dhcp.o
                0x0000000000009c96                _ZN9DhcpClass17parseDHCPResponseEmRm
 .text._ZN9DhcpClass10getLocalIpEv
                0x000000000000a114       0x38 ./arduinolib/Ethernet/Dhcp.o
                0x000000000000a114                _ZN9DhcpClass10getLocalIpEv
 .text._ZN9DhcpClass13getSubnetMaskEv
                0x000000000000a14c       0x38 ./arduinolib/Ethernet/Dhcp.o
                0x000000000000a14c                _ZN9DhcpClass13getSubnetMaskEv
 .text._ZN9DhcpClass12getGatewayIpEv
                0x000000000000a184       0x38 ./arduinolib/Ethernet/Dhcp.o
                0x000000000000a184                _ZN9DhcpClass12getGatewayIpEv
 .text._ZN9DhcpClass15getDhcpServerIpEv
                0x000000000000a1bc       0x38 ./arduinolib/Ethernet/Dhcp.o
                0x000000000000a1bc                _ZN9DhcpClass15getDhcpServerIpEv
 .text._ZN9DhcpClass14getDnsServerIpEv
                0x000000000000a1f4       0x38 ./arduinolib/Ethernet/Dhcp.o
                0x000000000000a1f4                _ZN9DhcpClass14getDnsServerIpEv
 .text._Z41__static_initialization_and_destruction_0ii
                0x000000000000a22c       0x4c ./arduinolib/Ethernet/Dhcp.o
 .text._GLOBAL__I__ZN9DhcpClass13beginWithDHCPEPhmm
                0x000000000000a278       0x1a ./arduinolib/Ethernet/Dhcp.o
 .text._ZN9IPAddress11raw_addressEv
                0x000000000000a292       0x20 ./arduinolib/Ethernet/Dns.o
                0x000000000000a292                _ZN9IPAddress11raw_addressEv
 .text._ZN9IPAddresscvmEv
                0x000000000000a2b2       0x2e ./arduinolib/Ethernet/Dns.o
                0x000000000000a2b2                _ZN9IPAddresscvmEv
 .text._ZN9IPAddresseqERKS_
                0x000000000000a2e0       0x52 ./arduinolib/Ethernet/Dns.o
 .text._ZN9IPAddressixEi
                0x000000000000a332       0x30 ./arduinolib/Ethernet/Dns.o
                0x000000000000a332                _ZN9IPAddressixEi
 .text._ZN9PrintableC2ERKS_
                0x000000000000a362       0x30 ./arduinolib/Ethernet/Dns.o
 .text._ZN9IPAddressC1ERKS_
                0x000000000000a392       0x5a ./arduinolib/Ethernet/Dns.o
 .text._ZN11EthernetUDP8remoteIPEv
                0x000000000000a3ec       0x38 ./arduinolib/Ethernet/Dns.o
 .text._ZN11EthernetUDP10remotePortEv
                0x000000000000a424       0x24 ./arduinolib/Ethernet/Dns.o
 .text._ZN9PrintableaSERKS_
                0x000000000000a448       0x26 ./arduinolib/Ethernet/Dns.o
                0x000000000000a448                _ZN9PrintableaSERKS_
 .text._ZN9IPAddressaSERKS_
                0x000000000000a46e       0x50 ./arduinolib/Ethernet/Dns.o
                0x000000000000a46e                _ZN9IPAddressaSERKS_
 .text._ZN9DNSClient5beginERK9IPAddress
                0x000000000000a4be       0x3a ./arduinolib/Ethernet/Dns.o
                0x000000000000a4be                _ZN9DNSClient5beginERK9IPAddress
 .text._ZN9DNSClient9inet_atonEPKcR9IPAddress
                0x000000000000a4f8      0x176 ./arduinolib/Ethernet/Dns.o
                0x000000000000a4f8                _ZN9DNSClient9inet_atonEPKcR9IPAddress
 .text._ZN9DNSClient13getHostByNameEPKcR9IPAddress
                0x000000000000a66e      0x182 ./arduinolib/Ethernet/Dns.o
                0x000000000000a66e                _ZN9DNSClient13getHostByNameEPKcR9IPAddress
 .text._ZN9DNSClient12BuildRequestEPKc
                0x000000000000a7f0      0x1fc ./arduinolib/Ethernet/Dns.o
                0x000000000000a7f0                _ZN9DNSClient12BuildRequestEPKc
 .text._ZN9DNSClient15ProcessResponseEjR9IPAddress
                0x000000000000a9ec      0x424 ./arduinolib/Ethernet/Dns.o
                0x000000000000a9ec                _ZN9DNSClient15ProcessResponseEjR9IPAddress
 .text._Z41__static_initialization_and_destruction_0ii
                0x000000000000ae10       0x4c ./arduinolib/Ethernet/Dns.o
 .text._GLOBAL__I__ZN9DNSClient5beginERK9IPAddress
                0x000000000000ae5c       0x1a ./arduinolib/Ethernet/Dns.o
 .text._ZN10W5100Class8writeGAREPh
                0x000000000000ae76       0x2c ./arduinolib/Ethernet/Ethernet.o
                0x000000000000ae76                _ZN10W5100Class8writeGAREPh
 .text._ZN10W5100Class7readGAREPh
                0x000000000000aea2       0x2c ./arduinolib/Ethernet/Ethernet.o
                0x000000000000aea2                _ZN10W5100Class7readGAREPh
 .text._ZN10W5100Class9writeSUBREPh
                0x000000000000aece       0x2c ./arduinolib/Ethernet/Ethernet.o
                0x000000000000aece                _ZN10W5100Class9writeSUBREPh
 .text._ZN10W5100Class8readSUBREPh
                0x000000000000aefa       0x2c ./arduinolib/Ethernet/Ethernet.o
                0x000000000000aefa                _ZN10W5100Class8readSUBREPh
 .text._ZN10W5100Class9writeSHAREPh
                0x000000000000af26       0x2c ./arduinolib/Ethernet/Ethernet.o
                0x000000000000af26                _ZN10W5100Class9writeSHAREPh
 .text._ZN10W5100Class9writeSIPREPh
                0x000000000000af52       0x2c ./arduinolib/Ethernet/Ethernet.o
                0x000000000000af52                _ZN10W5100Class9writeSIPREPh
 .text._ZN10W5100Class8readSIPREPh
                0x000000000000af7e       0x2c ./arduinolib/Ethernet/Ethernet.o
                0x000000000000af7e                _ZN10W5100Class8readSIPREPh
 .text._ZN10W5100Class12getGatewayIpEPh
                0x000000000000afaa       0x2a ./arduinolib/Ethernet/Ethernet.o
                0x000000000000afaa                _ZN10W5100Class12getGatewayIpEPh
 .text._ZN10W5100Class12setGatewayIpEPh
                0x000000000000afd4       0x2a ./arduinolib/Ethernet/Ethernet.o
                0x000000000000afd4                _ZN10W5100Class12setGatewayIpEPh
 .text._ZN10W5100Class13getSubnetMaskEPh
                0x000000000000affe       0x2a ./arduinolib/Ethernet/Ethernet.o
                0x000000000000affe                _ZN10W5100Class13getSubnetMaskEPh
 .text._ZN10W5100Class13setSubnetMaskEPh
                0x000000000000b028       0x2a ./arduinolib/Ethernet/Ethernet.o
                0x000000000000b028                _ZN10W5100Class13setSubnetMaskEPh
 .text._ZN10W5100Class13setMACAddressEPh
                0x000000000000b052       0x2a ./arduinolib/Ethernet/Ethernet.o
                0x000000000000b052                _ZN10W5100Class13setMACAddressEPh
 .text._ZN10W5100Class12getIPAddressEPh
                0x000000000000b07c       0x2a ./arduinolib/Ethernet/Ethernet.o
                0x000000000000b07c                _ZN10W5100Class12getIPAddressEPh
 .text._ZN10W5100Class12setIPAddressEPh
                0x000000000000b0a6       0x2a ./arduinolib/Ethernet/Ethernet.o
                0x000000000000b0a6                _ZN10W5100Class12setIPAddressEPh
 .text._ZN9IPAddress11raw_addressEv
                0x000000000000b0d0       0x20 ./arduinolib/Ethernet/Ethernet.o
 .text._ZN9IPAddressixEi
                0x000000000000b0f0       0x30 ./arduinolib/Ethernet/Ethernet.o
 .text._ZN9PrintableC2ERKS_
                0x000000000000b120       0x30 ./arduinolib/Ethernet/Ethernet.o
 .text._ZN9IPAddressC1ERKS_
                0x000000000000b150       0x5a ./arduinolib/Ethernet/Ethernet.o
 .text._ZN9DhcpClassC1Ev
                0x000000000000b1aa       0x24 ./arduinolib/Ethernet/Ethernet.o
                0x000000000000b1aa                _ZN9DhcpClassC1Ev
 .text._ZN9PrintableaSERKS_
                0x000000000000b1ce       0x26 ./arduinolib/Ethernet/Ethernet.o
 .text._ZN9IPAddressaSERKS_
                0x000000000000b1f4       0x50 ./arduinolib/Ethernet/Ethernet.o
 .text._ZN13EthernetClass5beginEPh
                0x000000000000b244      0x178 ./arduinolib/Ethernet/Ethernet.o
                0x000000000000b244                _ZN13EthernetClass5beginEPh
 .text._ZN13EthernetClass5beginEPh9IPAddress
                0x000000000000b3bc       0x8c ./arduinolib/Ethernet/Ethernet.o
                0x000000000000b3bc                _ZN13EthernetClass5beginEPh9IPAddress
 .text._ZN13EthernetClass5beginEPh9IPAddressS1_
                0x000000000000b448       0xa8 ./arduinolib/Ethernet/Ethernet.o
                0x000000000000b448                _ZN13EthernetClass5beginEPh9IPAddressS1_
 .text._ZN13EthernetClass5beginEPh9IPAddressS1_S1_
                0x000000000000b4f0       0xb8 ./arduinolib/Ethernet/Ethernet.o
                0x000000000000b4f0                _ZN13EthernetClass5beginEPh9IPAddressS1_S1_
 .text._ZN13EthernetClass5beginEPh9IPAddressS1_S1_S1_
                0x000000000000b5a8       0xae ./arduinolib/Ethernet/Ethernet.o
                0x000000000000b5a8                _ZN13EthernetClass5beginEPh9IPAddressS1_S1_S1_
 .text._ZN13EthernetClass7localIPEv
                0x000000000000b656       0x50 ./arduinolib/Ethernet/Ethernet.o
                0x000000000000b656                _ZN13EthernetClass7localIPEv
 .text._ZN13EthernetClass10subnetMaskEv
                0x000000000000b6a6       0x50 ./arduinolib/Ethernet/Ethernet.o
                0x000000000000b6a6                _ZN13EthernetClass10subnetMaskEv
 .text._ZN13EthernetClass9gatewayIPEv
                0x000000000000b6f6       0x50 ./arduinolib/Ethernet/Ethernet.o
                0x000000000000b6f6                _ZN13EthernetClass9gatewayIPEv
 .text._ZN13EthernetClass11dnsServerIPEv
                0x000000000000b746       0x34 ./arduinolib/Ethernet/Ethernet.o
                0x000000000000b746                _ZN13EthernetClass11dnsServerIPEv
 .text._ZN13EthernetClassC1Ev
                0x000000000000b77a       0x22 ./arduinolib/Ethernet/Ethernet.o
                0x000000000000b77a                _ZN13EthernetClassC1Ev
 .text._Z41__static_initialization_and_destruction_0ii
                0x000000000000b79c       0x54 ./arduinolib/Ethernet/Ethernet.o
 .text._GLOBAL__I__ZN13EthernetClass6_stateE
                0x000000000000b7f0       0x1a ./arduinolib/Ethernet/Ethernet.o
 .text._ZN5Print13setWriteErrorEi
                0x000000000000b80a       0x30 ./arduinolib/Ethernet/EthernetClient.o
 .text._ZN5PrintC2Ev
                0x000000000000b83a       0x32 ./arduinolib/Ethernet/EthernetClient.o
 .text._ZN6StreamC2Ev
                0x000000000000b86c       0x46 ./arduinolib/Ethernet/EthernetClient.o
 .text._ZN10W5100Class8readSnSREh
                0x000000000000b8b2       0x1e ./arduinolib/Ethernet/EthernetClient.o
 .text._ZN10W5100Class6readSnEhj
                0x000000000000b8d0       0x34 ./arduinolib/Ethernet/EthernetClient.o
 .text._ZN9IPAddress11raw_addressEv
                0x000000000000b904       0x20 ./arduinolib/Ethernet/EthernetClient.o
 .text._ZN6Client12rawIPAddressER9IPAddress
                0x000000000000b924       0x2a ./arduinolib/Ethernet/EthernetClient.o
                0x000000000000b924                _ZN6Client12rawIPAddressER9IPAddress
 .text._ZN9PrintableC2ERKS_
                0x000000000000b94e       0x30 ./arduinolib/Ethernet/EthernetClient.o
 .text._ZN9IPAddressC1ERKS_
                0x000000000000b97e       0x5a ./arduinolib/Ethernet/EthernetClient.o
 .text._ZN6ClientC2Ev
                0x000000000000b9d8       0x30 ./arduinolib/Ethernet/EthernetClient.o
                0x000000000000b9d8                _ZN6ClientC2Ev
 .text._ZN14EthernetClientC2Ev
                0x000000000000ba08       0x3a ./arduinolib/Ethernet/EthernetClient.o
                0x000000000000ba08                _ZN14EthernetClientC1Ev
                0x000000000000ba08                _ZN14EthernetClientC2Ev
 .text._ZN14EthernetClientC2Eh
                0x000000000000ba42       0x3c ./arduinolib/Ethernet/EthernetClient.o
                0x000000000000ba42                _ZN14EthernetClientC2Eh
                0x000000000000ba42                _ZN14EthernetClientC1Eh
 .text._ZN9DNSClientC1Ev
                0x000000000000ba7e       0x2c ./arduinolib/Ethernet/EthernetClient.o
                0x000000000000ba7e                _ZN9DNSClientC1Ev
 .text._ZN14EthernetClient7connectEPKcj
                0x000000000000baaa       0xce ./arduinolib/Ethernet/EthernetClient.o
                0x000000000000baaa                _ZN14EthernetClient7connectEPKcj
 .text._ZN14EthernetClient7connectE9IPAddressj
                0x000000000000bb78      0x172 ./arduinolib/Ethernet/EthernetClient.o
                0x000000000000bb78                _ZN14EthernetClient7connectE9IPAddressj
 .text._ZN14EthernetClient5writeEh
                0x000000000000bcea       0x42 ./arduinolib/Ethernet/EthernetClient.o
                0x000000000000bcea                _ZN14EthernetClient5writeEh
 .text._ZN14EthernetClient5writeEPKhj
                0x000000000000bd2c       0x82 ./arduinolib/Ethernet/EthernetClient.o
                0x000000000000bd2c                _ZN14EthernetClient5writeEPKhj
 .text._ZN14EthernetClient9availableEv
                0x000000000000bdae       0x3e ./arduinolib/Ethernet/EthernetClient.o
                0x000000000000bdae                _ZN14EthernetClient9availableEv
 .text._ZN14EthernetClient4readEv
                0x000000000000bdec       0x4a ./arduinolib/Ethernet/EthernetClient.o
                0x000000000000bdec                _ZN14EthernetClient4readEv
 .text._ZN14EthernetClient4readEPhj
                0x000000000000be36       0x42 ./arduinolib/Ethernet/EthernetClient.o
                0x000000000000be36                _ZN14EthernetClient4readEPhj
 .text._ZN14EthernetClient4peekEv
                0x000000000000be78       0x60 ./arduinolib/Ethernet/EthernetClient.o
                0x000000000000be78                _ZN14EthernetClient4peekEv
 .text._ZN14EthernetClient5flushEv
                0x000000000000bed8       0x5c ./arduinolib/Ethernet/EthernetClient.o
                0x000000000000bed8                _ZN14EthernetClient5flushEv
 .text._ZN14EthernetClient4stopEv
                0x000000000000bf34       0xfa ./arduinolib/Ethernet/EthernetClient.o
                0x000000000000bf34                _ZN14EthernetClient4stopEv
 .text._ZN14EthernetClient9connectedEv
                0x000000000000c02e       0x70 ./arduinolib/Ethernet/EthernetClient.o
                0x000000000000c02e                _ZN14EthernetClient9connectedEv
 .text._ZN14EthernetClient6statusEv
                0x000000000000c09e       0x36 ./arduinolib/Ethernet/EthernetClient.o
                0x000000000000c09e                _ZN14EthernetClient6statusEv
 .text._ZN14EthernetClientcvbEv
                0x000000000000c0d4       0x2a ./arduinolib/Ethernet/EthernetClient.o
                0x000000000000c0d4                _ZN14EthernetClientcvbEv
 .text._Z41__static_initialization_and_destruction_0ii
                0x000000000000c0fe       0x4c ./arduinolib/Ethernet/EthernetClient.o
 .text._GLOBAL__I__ZN14EthernetClient8_srcportE
                0x000000000000c14a       0x1a ./arduinolib/Ethernet/EthernetClient.o
 .text._ZN5PrintC2Ev
                0x000000000000c164       0x32 ./arduinolib/Ethernet/EthernetServer.o
 .text._ZN6ServerC2Ev
                0x000000000000c196       0x30 ./arduinolib/Ethernet/EthernetServer.o
                0x000000000000c196                _ZN6ServerC2Ev
 .text._ZN14EthernetServerC2Ej
                0x000000000000c1c6       0x46 ./arduinolib/Ethernet/EthernetServer.o
                0x000000000000c1c6                _ZN14EthernetServerC2Ej
                0x000000000000c1c6                _ZN14EthernetServerC1Ej
 .text._ZN14EthernetServer5beginEv
                0x000000000000c20c       0xaa ./arduinolib/Ethernet/EthernetServer.o
                0x000000000000c20c                _ZN14EthernetServer5beginEv
 .text._ZN14EthernetServer6acceptEv
                0x000000000000c2b6       0xec ./arduinolib/Ethernet/EthernetServer.o
                0x000000000000c2b6                _ZN14EthernetServer6acceptEv
 .text._ZN5PrintC2ERKS_
                0x000000000000c3a2       0x44 ./arduinolib/Ethernet/EthernetServer.o
                0x000000000000c3a2                _ZN5PrintC2ERKS_
 .text._ZN6StreamC2ERKS_
                0x000000000000c3e6       0x76 ./arduinolib/Ethernet/EthernetServer.o
                0x000000000000c3e6                _ZN6StreamC2ERKS_
 .text._ZN6ClientC2ERKS_
                0x000000000000c45c       0x3e ./arduinolib/Ethernet/EthernetServer.o
                0x000000000000c45c                _ZN6ClientC2ERKS_
 .text._ZN14EthernetClientC1ERKS_
                0x000000000000c49a       0x4e ./arduinolib/Ethernet/EthernetServer.o
                0x000000000000c49a                _ZN14EthernetClientC1ERKS_
 .text._ZN14EthernetServer9availableEv
                0x000000000000c4e8       0xe0 ./arduinolib/Ethernet/EthernetServer.o
                0x000000000000c4e8                _ZN14EthernetServer9availableEv
 .text._ZN14EthernetServer5writeEh
                0x000000000000c5c8       0x42 ./arduinolib/Ethernet/EthernetServer.o
                0x000000000000c5c8                _ZN14EthernetServer5writeEh
 .text._ZN14EthernetServer5writeEPKhj
                0x000000000000c60a       0xca ./arduinolib/Ethernet/EthernetServer.o
                0x000000000000c60a                _ZN14EthernetServer5writeEPKhj
 .text._Z41__static_initialization_and_destruction_0ii
                0x000000000000c6d4       0x4c ./arduinolib/Ethernet/EthernetServer.o
 .text._GLOBAL__I__ZN14EthernetServerC2Ej
                0x000000000000c720       0x1a ./arduinolib/Ethernet/EthernetServer.o
 .text._ZN5PrintC2Ev
                0x000000000000c73a       0x32 ./arduinolib/Ethernet/EthernetUdp.o
 .text._ZN6StreamC2Ev
                0x000000000000c76c       0x46 ./arduinolib/Ethernet/EthernetUdp.o
 .text._ZN10W5100Class8readSnSREh
                0x000000000000c7b2       0x1e ./arduinolib/Ethernet/EthernetUdp.o
 .text._ZN10W5100Class6readSnEhj
                0x000000000000c7d0       0x34 ./arduinolib/Ethernet/EthernetUdp.o
 .text._ZN9IPAddress11raw_addressEv
                0x000000000000c804       0x20 ./arduinolib/Ethernet/EthernetUdp.o
 .text._ZN3UDP12rawIPAddressER9IPAddress
                0x000000000000c824       0x2a ./arduinolib/Ethernet/EthernetUdp.o
                0x000000000000c824                _ZN3UDP12rawIPAddressER9IPAddress
 .text._ZN11EthernetUDP4readEPcj
                0x000000000000c84e       0x4c ./arduinolib/Ethernet/EthernetUdp.o
                0x000000000000c84e                _ZN11EthernetUDP4readEPcj
 .text._ZN9PrintableC2ERKS_
                0x000000000000c89a       0x30 ./arduinolib/Ethernet/EthernetUdp.o
 .text._ZN9IPAddressC1ERKS_
                0x000000000000c8ca       0x5a ./arduinolib/Ethernet/EthernetUdp.o
 .text._ZN11EthernetUDP8remoteIPEv
                0x000000000000c924       0x38 ./arduinolib/Ethernet/EthernetUdp.o
 .text._ZN11EthernetUDP10remotePortEv
                0x000000000000c95c       0x24 ./arduinolib/Ethernet/EthernetUdp.o
 .text._ZN3UDPC2Ev
                0x000000000000c980       0x30 ./arduinolib/Ethernet/EthernetUdp.o
                0x000000000000c980                _ZN3UDPC2Ev
 .text._ZN11EthernetUDPC2Ev
                0x000000000000c9b0       0x44 ./arduinolib/Ethernet/EthernetUdp.o
                0x000000000000c9b0                _ZN11EthernetUDPC2Ev
                0x000000000000c9b0                _ZN11EthernetUDPC1Ev
 .text._ZN11EthernetUDP5beginEj
                0x000000000000c9f4       0xbe ./arduinolib/Ethernet/EthernetUdp.o
                0x000000000000c9f4                _ZN11EthernetUDP5beginEj
 .text._ZN11EthernetUDP9availableEv
                0x000000000000cab2       0x2c ./arduinolib/Ethernet/EthernetUdp.o
                0x000000000000cab2                _ZN11EthernetUDP9availableEv
 .text._ZN11EthernetUDP4stopEv
                0x000000000000cade       0x5a ./arduinolib/Ethernet/EthernetUdp.o
                0x000000000000cade                _ZN11EthernetUDP4stopEv
 .text._ZN9DNSClientC1Ev
                0x000000000000cb38       0x2c ./arduinolib/Ethernet/EthernetUdp.o
 .text._ZN11EthernetUDP11beginPacketEPKcj
                0x000000000000cb64       0xce ./arduinolib/Ethernet/EthernetUdp.o
                0x000000000000cb64                _ZN11EthernetUDP11beginPacketEPKcj
 .text._ZN11EthernetUDP11beginPacketE9IPAddressj
                0x000000000000cc32       0x5e ./arduinolib/Ethernet/EthernetUdp.o
                0x000000000000cc32                _ZN11EthernetUDP11beginPacketE9IPAddressj
 .text._ZN11EthernetUDP9endPacketEv
                0x000000000000cc90       0x26 ./arduinolib/Ethernet/EthernetUdp.o
                0x000000000000cc90                _ZN11EthernetUDP9endPacketEv
 .text._ZN11EthernetUDP5writeEh
                0x000000000000ccb6       0x42 ./arduinolib/Ethernet/EthernetUdp.o
                0x000000000000ccb6                _ZN11EthernetUDP5writeEh
 .text._ZN11EthernetUDP5writeEPKhj
                0x000000000000ccf8       0x80 ./arduinolib/Ethernet/EthernetUdp.o
                0x000000000000ccf8                _ZN11EthernetUDP5writeEPKhj
 .text._ZN11EthernetUDP11parsePacketEv
                0x000000000000cd78       0xea ./arduinolib/Ethernet/EthernetUdp.o
                0x000000000000cd78                _ZN11EthernetUDP11parsePacketEv
 .text._ZN11EthernetUDP4readEv
                0x000000000000ce62       0x4a ./arduinolib/Ethernet/EthernetUdp.o
                0x000000000000ce62                _ZN11EthernetUDP4readEv
 .text._ZN11EthernetUDP4readEPhj
                0x000000000000ceac       0x42 ./arduinolib/Ethernet/EthernetUdp.o
                0x000000000000ceac                _ZN11EthernetUDP4readEPhj
 .text._ZN11EthernetUDP4peekEv
                0x000000000000ceee       0x60 ./arduinolib/Ethernet/EthernetUdp.o
                0x000000000000ceee                _ZN11EthernetUDP4peekEv
 .text._ZN11EthernetUDP5flushEv
                0x000000000000cf4e       0x5c ./arduinolib/Ethernet/EthernetUdp.o
                0x000000000000cf4e                _ZN11EthernetUDP5flushEv
 .text._Z41__static_initialization_and_destruction_0ii
                0x000000000000cfaa       0x4c ./arduinolib/Ethernet/EthernetUdp.o
 .text._GLOBAL__I__ZN11EthernetUDPC2Ev
                0x000000000000cff6       0x1a ./arduinolib/Ethernet/EthernetUdp.o
 .text._ZN11EEPROMClass4readEi
                0x000000000000d010       0x2a ./arduinolib/EEPROM/EEPROM.o
                0x000000000000d010                _ZN11EEPROMClass4readEi
 .text._ZN11EEPROMClass5writeEih
                0x000000000000d03a       0x32 ./arduinolib/EEPROM/EEPROM.o
                0x000000000000d03a                _ZN11EEPROMClass5writeEih
 .text._ZN14HardwareSerial9availableEv
                0x000000000000d06c       0x26 /storage/apps/eclipse-avr/workspace/ArduinoCore-1.0/Mega2560/libArduinoCore-1.0.a(HardwareSerial.o)
                0x000000000000d06c                _ZN14HardwareSerial9availableEv
 .text._ZN14HardwareSerial4peekEv
                0x000000000000d092       0x38 /storage/apps/eclipse-avr/workspace/ArduinoCore-1.0/Mega2560/libArduinoCore-1.0.a(HardwareSerial.o)
                0x000000000000d092                _ZN14HardwareSerial4peekEv
 .text._ZN14HardwareSerial4readEv
                0x000000000000d0ca       0x44 /storage/apps/eclipse-avr/workspace/ArduinoCore-1.0/Mega2560/libArduinoCore-1.0.a(HardwareSerial.o)
                0x000000000000d0ca                _ZN14HardwareSerial4readEv
 .text._ZN14HardwareSerial5flushEv
                0x000000000000d10e       0x28 /storage/apps/eclipse-avr/workspace/ArduinoCore-1.0/Mega2560/libArduinoCore-1.0.a(HardwareSerial.o)
                0x000000000000d10e                _ZN14HardwareSerial5flushEv
 .text._ZN14HardwareSerial5writeEh
                0x000000000000d136       0x72 /storage/apps/eclipse-avr/workspace/ArduinoCore-1.0/Mega2560/libArduinoCore-1.0.a(HardwareSerial.o)
                0x000000000000d136                _ZN14HardwareSerial5writeEh
 .text._Z10store_charhP11ring_buffer
                0x000000000000d1a8       0x34 /storage/apps/eclipse-avr/workspace/ArduinoCore-1.0/Mega2560/libArduinoCore-1.0.a(HardwareSerial.o)
                0x000000000000d1a8                _Z10store_charhP11ring_buffer
 .text._Z11serialEventv
                0x000000000000d1dc        0x2 /storage/apps/eclipse-avr/workspace/ArduinoCore-1.0/Mega2560/libArduinoCore-1.0.a(HardwareSerial.o)
                0x000000000000d1dc                _Z11serialEventv
 .text.__vector_25
                0x000000000000d1de       0x58 /storage/apps/eclipse-avr/workspace/ArduinoCore-1.0/Mega2560/libArduinoCore-1.0.a(HardwareSerial.o)
                0x000000000000d1de                __vector_25
 .text._Z12serialEvent1v
                0x000000000000d236        0x2 /storage/apps/eclipse-avr/workspace/ArduinoCore-1.0/Mega2560/libArduinoCore-1.0.a(HardwareSerial.o)
                0x000000000000d236                _Z12serialEvent1v
 .text.__vector_36
                0x000000000000d238       0x58 /storage/apps/eclipse-avr/workspace/ArduinoCore-1.0/Mega2560/libArduinoCore-1.0.a(HardwareSerial.o)
                0x000000000000d238                __vector_36
 .text._Z12serialEvent2v
                0x000000000000d290        0x2 /storage/apps/eclipse-avr/workspace/ArduinoCore-1.0/Mega2560/libArduinoCore-1.0.a(HardwareSerial.o)
                0x000000000000d290                _Z12serialEvent2v
 .text.__vector_51
                0x000000000000d292       0x58 /storage/apps/eclipse-avr/workspace/ArduinoCore-1.0/Mega2560/libArduinoCore-1.0.a(HardwareSerial.o)
                0x000000000000d292                __vector_51
 .text._Z12serialEvent3v
                0x000000000000d2ea        0x2 /storage/apps/eclipse-avr/workspace/ArduinoCore-1.0/Mega2560/libArduinoCore-1.0.a(HardwareSerial.o)
                0x000000000000d2ea                _Z12serialEvent3v
 .text.__vector_54
                0x000000000000d2ec       0x58 /storage/apps/eclipse-avr/workspace/ArduinoCore-1.0/Mega2560/libArduinoCore-1.0.a(HardwareSerial.o)
                0x000000000000d2ec                __vector_54
 .text._Z14serialEventRunv
                0x000000000000d344       0x42 /storage/apps/eclipse-avr/workspace/ArduinoCore-1.0/Mega2560/libArduinoCore-1.0.a(HardwareSerial.o)
                0x000000000000d344                _Z14serialEventRunv
 .text.__vector_26
                0x000000000000d386       0x96 /storage/apps/eclipse-avr/workspace/ArduinoCore-1.0/Mega2560/libArduinoCore-1.0.a(HardwareSerial.o)
                0x000000000000d386                __vector_26
 .text.__vector_37
                0x000000000000d41c       0x96 /storage/apps/eclipse-avr/workspace/ArduinoCore-1.0/Mega2560/libArduinoCore-1.0.a(HardwareSerial.o)
                0x000000000000d41c                __vector_37
 .text.__vector_52
                0x000000000000d4b2       0x96 /storage/apps/eclipse-avr/workspace/ArduinoCore-1.0/Mega2560/libArduinoCore-1.0.a(HardwareSerial.o)
                0x000000000000d4b2                __vector_52
 .text.__vector_55
                0x000000000000d548       0x96 /storage/apps/eclipse-avr/workspace/ArduinoCore-1.0/Mega2560/libArduinoCore-1.0.a(HardwareSerial.o)
                0x000000000000d548                __vector_55
 .text._ZN14HardwareSerialC2EP11ring_bufferS1_PVhS3_S3_S3_S3_hhhhh
                0x000000000000d5de       0x7e /storage/apps/eclipse-avr/workspace/ArduinoCore-1.0/Mega2560/libArduinoCore-1.0.a(HardwareSerial.o)
                0x000000000000d5de                _ZN14HardwareSerialC2EP11ring_bufferS1_PVhS3_S3_S3_S3_hhhhh
                0x000000000000d5de                _ZN14HardwareSerialC1EP11ring_bufferS1_PVhS3_S3_S3_S3_hhhhh
 .text._ZN14HardwareSerial5beginEm
                0x000000000000d65c      0x11e /storage/apps/eclipse-avr/workspace/ArduinoCore-1.0/Mega2560/libArduinoCore-1.0.a(HardwareSerial.o)
                0x000000000000d65c                _ZN14HardwareSerial5beginEm
 .text._ZN14HardwareSerial3endEv
                0x000000000000d77a       0xae /storage/apps/eclipse-avr/workspace/ArduinoCore-1.0/Mega2560/libArduinoCore-1.0.a(HardwareSerial.o)
                0x000000000000d77a                _ZN14HardwareSerial3endEv
 .text._GLOBAL__I_rx_buffer
                0x000000000000d828      0x1ac /storage/apps/eclipse-avr/workspace/ArduinoCore-1.0/Mega2560/libArduinoCore-1.0.a(HardwareSerial.o)
 .text._ZNK9IPAddress7printToER5Print
                0x000000000000d9d4       0x86 /storage/apps/eclipse-avr/workspace/ArduinoCore-1.0/Mega2560/libArduinoCore-1.0.a(IPAddress.o)
                0x000000000000d9d4                _ZNK9IPAddress7printToER5Print
 .text._ZN9IPAddressC2Ev
                0x000000000000da5a       0x14 /storage/apps/eclipse-avr/workspace/ArduinoCore-1.0/Mega2560/libArduinoCore-1.0.a(IPAddress.o)
                0x000000000000da5a                _ZN9IPAddressC2Ev
                0x000000000000da5a                _ZN9IPAddressC1Ev
 .text._ZN9IPAddressC2Ehhhh
                0x000000000000da6e       0x18 /storage/apps/eclipse-avr/workspace/ArduinoCore-1.0/Mega2560/libArduinoCore-1.0.a(IPAddress.o)
                0x000000000000da6e                _ZN9IPAddressC1Ehhhh
                0x000000000000da6e                _ZN9IPAddressC2Ehhhh
 .text._ZN9IPAddressC2Em
                0x000000000000da86       0x14 /storage/apps/eclipse-avr/workspace/ArduinoCore-1.0/Mega2560/libArduinoCore-1.0.a(IPAddress.o)
                0x000000000000da86                _ZN9IPAddressC2Em
                0x000000000000da86                _ZN9IPAddressC1Em
 .text._ZN9IPAddressC2EPKh
                0x000000000000da9a       0x20 /storage/apps/eclipse-avr/workspace/ArduinoCore-1.0/Mega2560/libArduinoCore-1.0.a(IPAddress.o)
                0x000000000000da9a                _ZN9IPAddressC1EPKh
                0x000000000000da9a                _ZN9IPAddressC2EPKh
 .text._ZN9IPAddressaSEPKh